Mono path[0] = 'E:/Escape from Duckov/Duckov_Data/Managed'
Mono config path = 'E:/Escape from Duckov/MonoBleedingEdge/etc'
Input System module state changed to: Initialized.
[PhysX] Initialized MultithreadedTaskDispatcher with 8 workers.
Initialize engine version: 2022.3.62f2 (7670c08855a9)
[Subsystems] Discovering subsystems at path E:/Escape from Duckov/Duckov_Data/UnitySubsystems
GfxDevice: creating device client; threaded=1; jobified=1
Direct3D:
    Version:  Direct3D 11.0 [level 11.1]
    Renderer: Turnip Adreno (TM) 725 (ID=0x7030002)
    Vendor:   Qualcomm
    VRAM:     11473 MB
    Driver:   35.0.65535.65535
Begin MonoManager ReloadAssembly
- Loaded All Assemblies, in  1.685 seconds
- Finished resetting the current domain, in  0.019 seconds
<RI> Initializing input.
Using Windows.Gaming.Input
<RI> Input initialized.
<RI> Initialized touch support.
[PhysX] Initialized MultithreadedTaskDispatcher with 8 workers.
UnloadTime: 26.949600 ms
Odin Serializer ArchitectureInfo initialization with defaults (all unaligned read/writes disabled).
Odin Serializer detected whitelisted runtime platform WindowsPlayer and memory read test succeeded; enabling all unaligned memory read/writes.
E:/Escape from Duckov/Duckov_Data/StreamingAssets/Localization
ArgumentException: Path cannot be the empty string or all whitespace.
Parameter name: path
  at System.IO.Directory.CreateDirectory (System.String path) [0x00016] in <1071a2cb0cb3433aae80a793c277a048>:0 
  at ES3Internal.ES3IO.CreateDirectory (System.String directoryPath) [0x00000] in <7b1d2595ed2e4172836abfc48ff50620>:0 
  at ES3.CopyFile (ES3Settings oldSettings, ES3Settings newSettings) [0x00093] in <7b1d2595ed2e4172836abfc48ff50620>:0 
  at ES3.CreateBackup (ES3Settings settings) [0x00017] in <7b1d2595ed2e4172836abfc48ff50620>:0 
  at Duckov.Options.OptionsManager.Save[T] (System.String key, T obj) [0x0002b] in <502a5e0bc57047d0847bb81ad8b01401>:0 
  at FsrSetting.Set (System.Int32 index) [0x000cd] in <502a5e0bc57047d0847bb81ad8b01401>:0 
  at FsrSetting.SyncSetting () [0x0000d] in <502a5e0bc57047d0847bb81ad8b01401>:0 
  at FsrSetting.RefreshOnLevelInited () [0x00000] in <502a5e0bc57047d0847bb81ad8b01401>:0 
  at FsrSetting.Awake () [0x00000] in <502a5e0bc57047d0847bb81ad8b01401>:0 

Initialize Bilibili BDS: 0
Player Info:
{"role_name":"UNKOWN","profession_type":"English","gender":"1.0.14","level":"0","b_account_id":"76561197960287930","b_role_id":"1|Rule_Standard","b_tour_indicator":"0","b_zone_id":"US","b_sdk_uid":"Steam|Win32NT"}
