[16:24:50]  [startup] STARTUP BEGIN
[16:24:50]  [startup] rootfs=/data/user/0/com.winlator/files/rootfs, version=23, container=8
[16:24:50]  [startup] graphics=turnip,zink, dxwrapper=dxvk, audio=alsa
[16:24:50]  [startup] BEGIN setup_wine_system_files
[16:24:50]  [startup] BEGIN setup_wine_system_files.verify_user_registry
[16:24:50]  [startup] END setup_wine_system_files.verify_user_registry
[16:24:50]  [startup] BEGIN setup_wine_system_files.extract_dxwrapper_files
[16:24:50]  [startup] END setup_wine_system_files.extract_dxwrapper_files
[16:24:50]  [startup] BEGIN setup_wine_system_files.create_start_menu
[16:24:50]  [startup] END setup_wine_system_files.create_start_menu
[16:24:50]  [startup] BEGIN setup_wine_system_files.create_dosdevices_symlinks
[16:24:50]  [startup] END setup_wine_system_files.create_dosdevices_symlinks
[16:24:50]  [startup] END setup_wine_system_files
[16:24:50]  [startup] BEGIN extract_graphics_driver_files
[16:24:50]  [startup] END extract_graphics_driver_files
[16:24:50]  [startup] BEGIN change_wine_audio_driver
[16:24:50]  [startup] END change_wine_audio_driver
[16:24:50]  [startup] BEGIN setup_x_environment
[16:24:50]  [BOX64] Box64 arm64 v0.4.5 372739d with Dynarec built on Aug  4 2026 10:30:45
[16:24:50]  [BOX64] Dynarec for ARM64, with extension: ASIMD AES CRC32 PMULL ATOMICS SHA1 SHA2 USCAT FLAGM FLAGM2 FRINT
[16:24:50]  [BOX64] Running on Unknown CPU with 8 cores, pagesize: 4096
[16:24:50]  [BOX64] Will use hardware counter measured at 19.2 MHz emulating 2.4 GHz
[16:24:50]  [BOX64] Wine64 detected, WINEPRELOADRESERVE=""
[16:24:50]  [BOX64] Didn't detect 48bits of address space, considering it's 39bits
[16:24:50]  [BOX64] WINE prereserve of 0x10000:0x8000 done
[16:24:50]  [BOX64] WINE prereserve of 0x110000:0x30000000 done
[16:24:50]  [BOX64] WINE prereserve of 0x7f000000:0x3000000 done
[16:24:50]  [BOX64] Detected running wine with "explorer"
[16:24:50]  [BOX64] Counted 79 Env var
[16:24:50]  [BOX64] BOX64 trying to Preload /data/user/0/com.winlator/files/rootfs/usr/lib/libwinlator-xkb-core.so 
[16:24:50]  [BOX64] Library search path: 
[16:24:50]  [BOX64] Binary search path: ./:bin/:/data/user/0/com.winlator/files/rootfs/opt/wine/bin/:/data/user/0/com.winlator/files/rootfs/usr/local/bin/:/data/user/0/com.winlator/files/rootfs/usr/bin/
[16:24:50]  [BOX64] Looking for wine
[16:24:50]  [BOX64] BOX64ENV: Variables overridden:
[16:24:50]  	BOX64_DYNAREC_BIGBLOCK=2
[16:24:50]  	BOX64_DYNAREC_FASTNAN=1
[16:24:50]  	BOX64_DYNAREC_FASTROUND=0
[16:24:50]  	BOX64_DYNAREC_FORWARD=128
[16:24:50]  	BOX64_DYNAREC_MISSING=1
[16:24:50]  	BOX64_DYNAREC_NATIVEFLAGS=0
[16:24:50]  	BOX64_DYNAREC_SAFEFLAGS=2
[16:24:50]  	BOX64_DYNAREC_STRONGMEM=0
[16:24:50]  [startup] END setup_x_environment
[16:24:50]  	BOX64_DYNAREC_WAIT=1
[16:24:50]  	BOX64_DYNAREC_WEAKBARRIER=2
[16:24:50]  	BOX64_DYNAREC_X87DOUBLE=1
[16:24:50]  	BOX64_LD_LIBRARY_PATH=/data/user/0/com.winlator/files/rootfs/lib/x86_64-linux-gnu
[16:24:50]  	BOX64_LOG=1
[16:24:50]  	BOX64_NOBANNER=0
[16:24:50]  [startup] STARTUP COMPLETE
[16:24:50]  	BOX64_RCFILE=/data/user/0/com.winlator/files/rootfs/etc/config.box64rc
[16:24:50]  	BOX64_UNITYPLAYER=1
[16:24:50]  	BOX64_DYNAREC=1
[16:24:50]  	BOX64_DYNAREC_CALLRET=0
[16:24:50]  [BOX64] argv[1]="explorer"
[16:24:50]  [BOX64] argv[2]="/desktop=nogui,1280x720"
[16:24:50]  [BOX64] argv[3]="C:\windows\winhandler.exe"
[16:24:50]  [BOX64] argv[4]="/dir"
[16:24:50]  [BOX64] argv[5]="E:\\Escape from Duckov"
[16:24:50]  [BOX64] argv[6]=""Duckov.exe""
[16:24:50]  [BOX64] argv[7]=""""
[16:24:50]  [BOX64] Rename process to "wine"
[16:24:50]  [BOX64] Using emulated /data/user/0/com.winlator/files/rootfs/usr/lib/libwinlator-xkb-core.so
[16:24:50]  [BOX64] Using native(wrapped) libdl.so.2
[16:24:50]  [BOX64] Using native(wrapped) libc.so.6
[16:24:50]  [BOX64] Using native(wrapped) ld-linux-x86-64.so.2
[16:24:50]  [BOX64] Using native(wrapped) libpthread.so.0
[16:24:50]  [BOX64] Using native(wrapped) libutil.so.1
[16:24:50]  [BOX64] Using native(wrapped) libresolv.so.2
[16:24:50]  [BOX64] Using native(wrapped) librt.so.1
[16:24:50]  [BOX64] Using native(wrapped) libbsd.so.0
[16:24:50]  [BOX64] Using emulated /data/user/0/com.winlator/files/rootfs/opt/wine/bin/../lib/wine/x86_64-unix/ntdll.so
[16:24:50]  [BOX64] Using emulated /data/user/0/com.winlator/files/rootfs/lib/x86_64-linux-gnu/libgcc_s.so.1
[16:24:50]  [BOX64] Box64 arm64 v0.4.5 372739d with Dynarec built on Aug  4 2026 10:30:45
[16:24:50]  [BOX64] Dynarec for ARM64, with extension: ASIMD AES CRC32 PMULL ATOMICS SHA1 SHA2 USCAT FLAGM FLAGM2 FRINT
[16:24:50]  [BOX64] Running on Unknown CPU with 8 cores, pagesize: 4096
[16:24:50]  [BOX64] Will use hardware counter measured at 19.2 MHz emulating 2.4 GHz
[16:24:50]  [BOX64] Wine preloader detected, loading "/data/user/0/com.winlator/files/rootfs/opt/wine/lib/wine/x86_64-unix/wine" directly
[16:24:50]  [BOX64] Wine64 detected, WINEPRELOADRESERVE=""
[16:24:50]  [BOX64] Didn't detect 48bits of address space, considering it's 39bits
[16:24:50]  [BOX64] WINE prereserve of 0x10000:0x8000 done
[16:24:50]  [BOX64] WINE prereserve of 0x110000:0x30000000 done
[16:24:50]  [BOX64] WINE prereserve of 0x7f000000:0x3000000 done
[16:24:50]  [BOX64] Detected running wine with "explorer"
[16:24:50]  [BOX64] Counted 80 Env var
[16:24:50]  [BOX64] BOX64 trying to Preload /data/user/0/com.winlator/files/rootfs/usr/lib/libwinlator-xkb-core.so 
[16:24:50]  [BOX64] Library search path: 
[16:24:50]  [BOX64] Binary search path: ./:bin/:/data/user/0/com.winlator/files/rootfs/opt/wine/bin/:/data/user/0/com.winlator/files/rootfs/usr/local/bin/:/data/user/0/com.winlator/files/rootfs/usr/bin/
[16:24:50]  [BOX64] Looking for /data/user/0/com.winlator/files/rootfs/opt/wine/lib/wine/x86_64-unix/wine
[16:24:50]  [BOX64] BOX64ENV: Variables overridden:
[16:24:50]  	BOX64_DYNAREC_BIGBLOCK=2
[16:24:50]  	BOX64_DYNAREC_FASTNAN=1
[16:24:50]  	BOX64_DYNAREC_FASTROUND=0
[16:24:50]  	BOX64_DYNAREC_FORWARD=128
[16:24:50]  	BOX64_DYNAREC_MISSING=1
[16:24:50]  	BOX64_DYNAREC_NATIVEFLAGS=0
[16:24:50]  	BOX64_DYNAREC_SAFEFLAGS=2
[16:24:50]  	BOX64_DYNAREC_STRONGMEM=0
[16:24:50]  	BOX64_DYNAREC_WAIT=1
[16:24:50]  	BOX64_DYNAREC_WEAKBARRIER=2
[16:24:50]  	BOX64_DYNAREC_X87DOUBLE=1
[16:24:50]  	BOX64_LD_LIBRARY_PATH=/data/user/0/com.winlator/files/rootfs/lib/x86_64-linux-gnu
[16:24:50]  	BOX64_LOG=1
[16:24:50]  	BOX64_NOBANNER=0
[16:24:50]  	BOX64_RCFILE=/data/user/0/com.winlator/files/rootfs/etc/config.box64rc
[16:24:50]  	BOX64_UNITYPLAYER=1
[16:24:50]  	BOX64_DYNAREC=1
[16:24:50]  	BOX64_DYNAREC_CALLRET=0
[16:24:50]  [BOX64] argv[1]="explorer"
[16:24:50]  [BOX64] argv[2]="/desktop=nogui,1280x720"
[16:24:50]  [BOX64] argv[3]="C:\windows\winhandler.exe"
[16:24:50]  [BOX64] argv[4]="/dir"
[16:24:50]  [BOX64] argv[5]="E:\\Escape from Duckov"
[16:24:50]  [BOX64] argv[6]=""Duckov.exe""
[16:24:50]  [BOX64] argv[7]=""""
[16:24:50]  [BOX64] Rename process to "wine"
[16:24:50]  [BOX64] Using emulated /data/user/0/com.winlator/files/rootfs/usr/lib/libwinlator-xkb-core.so
[16:24:50]  [BOX64] Using native(wrapped) libdl.so.2
[16:24:50]  [BOX64] Using native(wrapped) libc.so.6
[16:24:50]  [BOX64] Using native(wrapped) ld-linux-x86-64.so.2
[16:24:50]  [BOX64] Using native(wrapped) libpthread.so.0
[16:24:50]  [BOX64] Using native(wrapped) libutil.so.1
[16:24:50]  [BOX64] Using native(wrapped) libresolv.so.2
[16:24:50]  [BOX64] Using native(wrapped) librt.so.1
[16:24:50]  [BOX64] Using native(wrapped) libbsd.so.0
[16:24:50]  [BOX64] Using emulated /data/user/0/com.winlator/files/rootfs/opt/wine/lib/wine/x86_64-unix/ntdll.so
[16:24:50]  [BOX64] Using emulated /data/user/0/com.winlator/files/rootfs/lib/x86_64-linux-gnu/libgcc_s.so.1
[16:24:50]  [BOX64] posix_spawn(0x75365ad67c, "/data/user/0/com.winlator/files/rootfs/opt/wine/lib/wine/../../bin/wineserver", (nil), (nil), 0x75365ad680["/data/user/0/com.winlator/files/rootfs/opt/wine/lib/wine/../../bin/wineserver", "", ...], 0x75365ada38), IsX64=1, IsX86=0 IsScript=0 IsPython=0 envp is context->envv
[16:24:50]  [BOX64]  => posix_spawn(0x75365ad67c, "/data/user/0/com.winlator/files/rootfs/usr/local/bin/box64", (nil), (nil), 0x7fd71b0a50 ["/data/user/0/com.winlator/files/rootfs/usr/local/bin/box64", "/data/user/0/com.winlator/files/rootfs/opt/wine/lib/wine/../../bin/wineserver", ""...:1], 0x7fd71b1280)
[16:24:50]  [BOX64] posix_spawn returned 0
[16:24:50]  [BOX64] Box64 arm64 v0.4.5 372739d with Dynarec built on Aug  4 2026 10:30:45
[16:24:50]  [BOX64] Dynarec for ARM64, with extension: ASIMD AES CRC32 PMULL ATOMICS SHA1 SHA2 USCAT FLAGM FLAGM2 FRINT
[16:24:50]  [BOX64] Running on Unknown CPU with 8 cores, pagesize: 4096
[16:24:50]  [BOX64] Will use hardware counter measured at 19.2 MHz emulating 2.4 GHz
[16:24:50]  [BOX64] Didn't detect 48bits of address space, considering it's 39bits
[16:24:50]  [BOX64] Counted 79 Env var
[16:24:50]  [BOX64] BOX64 trying to Preload /data/user/0/com.winlator/files/rootfs/usr/lib/libwinlator-xkb-core.so 
[16:24:50]  [BOX64] Library search path: 
[16:24:50]  [BOX64] Binary search path: ./:bin/:/data/user/0/com.winlator/files/rootfs/opt/wine/bin/:/data/user/0/com.winlator/files/rootfs/usr/local/bin/:/data/user/0/com.winlator/files/rootfs/usr/bin/
[16:24:50]  [BOX64] Looking for /data/user/0/com.winlator/files/rootfs/opt/wine/lib/wine/../../bin/wineserver
[16:24:50]  [BOX64] BOX64ENV: Variables overridden:
[16:24:50]  	BOX64_DYNAREC_BIGBLOCK=2
[16:24:50]  	BOX64_DYNAREC_FASTNAN=1
[16:24:50]  	BOX64_DYNAREC_FASTROUND=0
[16:24:50]  	BOX64_DYNAREC_FORWARD=128
[16:24:50]  	BOX64_DYNAREC_MISSING=1
[16:24:50]  	BOX64_DYNAREC_NATIVEFLAGS=0
[16:24:50]  	BOX64_DYNAREC_SAFEFLAGS=2
[16:24:50]  	BOX64_DYNAREC_STRONGMEM=0
[16:24:50]  	BOX64_DYNAREC_WAIT=1
[16:24:50]  	BOX64_DYNAREC_WEAKBARRIER=2
[16:24:50]  	BOX64_DYNAREC_X87DOUBLE=1
[16:24:50]  	BOX64_LD_LIBRARY_PATH=/data/user/0/com.winlator/files/rootfs/lib/x86_64-linux-gnu
[16:24:50]  	BOX64_LOG=1
[16:24:50]  	BOX64_NOBANNER=0
[16:24:50]  	BOX64_RCFILE=/data/user/0/com.winlator/files/rootfs/etc/config.box64rc
[16:24:50]  	BOX64_UNITYPLAYER=1
[16:24:50]  	BOX64_DYNAREC=1
[16:24:50]  	BOX64_DYNAREC_CALLRET=0
[16:24:50]  [BOX64] Rename process to "wineserver"
[16:24:50]  [BOX64] Using emulated /data/user/0/com.winlator/files/rootfs/usr/lib/libwinlator-xkb-core.so
[16:24:50]  [BOX64] Using native(wrapped) libdl.so.2
[16:24:50]  [BOX64] Using native(wrapped) libc.so.6
[16:24:50]  [BOX64] Using native(wrapped) ld-linux-x86-64.so.2
[16:24:50]  [BOX64] Using native(wrapped) libpthread.so.0
[16:24:50]  [BOX64] Using native(wrapped) libutil.so.1
[16:24:50]  [BOX64] Using native(wrapped) libresolv.so.2
[16:24:50]  [BOX64] Using native(wrapped) librt.so.1
[16:24:50]  [BOX64] Using native(wrapped) libbsd.so.0
[16:24:50]  [BOX64] Box64 arm64 v0.4.5 372739d with Dynarec built on Aug  4 2026 10:30:45
[16:24:50]  [BOX64] Dynarec for ARM64, with extension: ASIMD AES CRC32 PMULL ATOMICS SHA1 SHA2 USCAT FLAGM FLAGM2 FRINT
[16:24:50]  [BOX64] Running on Unknown CPU with 8 cores, pagesize: 4096
[16:24:50]  [BOX64] Will use hardware counter measured at 19.2 MHz emulating 2.4 GHz
[16:24:50]  [BOX64] Wine preloader detected, loading "/data/user/0/com.winlator/files/rootfs/opt/wine/lib/wine/x86_64-unix/wine" directly
[16:24:50]  [BOX64] Wine64 detected, WINEPRELOADRESERVE="140000000-140024000"
[16:24:50]  [BOX64] Didn't detect 48bits of address space, considering it's 39bits
[16:24:50]  [BOX64] WINE prereserve of 0x10000:0x8000 done
[16:24:50]  [BOX64] WINE prereserve of 0x110000:0x30000000 done
[16:24:50]  [BOX64] WINE prereserve of 0x7f000000:0x3000000 done
[16:24:50]  [BOX64] WINE prereserve of 0x140000000:0x140024000 done
[16:24:50]  [BOX64] Detected running wine with "wineboot.exe"
[16:24:50]  [BOX64] Counted 82 Env var
[16:24:50]  [BOX64] BOX64 trying to Preload /data/user/0/com.winlator/files/rootfs/usr/lib/libwinlator-xkb-core.so 
[16:24:50]  [BOX64] Library search path: 
[16:24:50]  [BOX64] Binary search path: ./:bin/:/data/user/0/com.winlator/files/rootfs/opt/wine/bin/:/data/user/0/com.winlator/files/rootfs/usr/local/bin/:/data/user/0/com.winlator/files/rootfs/usr/bin/
[16:24:50]  [BOX64] Looking for /data/user/0/com.winlator/files/rootfs/opt/wine/lib/wine/x86_64-unix/wine
[16:24:50]  [BOX64] BOX64ENV: Variables overridden:
[16:24:50]  	BOX64_DYNAREC_BIGBLOCK=2
[16:24:50]  	BOX64_DYNAREC_FASTNAN=1
[16:24:50]  	BOX64_DYNAREC_FASTROUND=0
[16:24:50]  	BOX64_DYNAREC_FORWARD=128
[16:24:50]  	BOX64_DYNAREC_MISSING=1
[16:24:50]  	BOX64_DYNAREC_NATIVEFLAGS=0
[16:24:50]  	BOX64_DYNAREC_SAFEFLAGS=2
[16:24:50]  	BOX64_DYNAREC_STRONGMEM=0
[16:24:50]  	BOX64_DYNAREC_WAIT=1
[16:24:50]  	BOX64_DYNAREC_WEAKBARRIER=2
[16:24:50]  	BOX64_DYNAREC_X87DOUBLE=1
[16:24:50]  	BOX64_LD_LIBRARY_PATH=/data/user/0/com.winlator/files/rootfs/lib/x86_64-linux-gnu
[16:24:50]  	BOX64_LOG=1
[16:24:50]  	BOX64_NOBANNER=0
[16:24:50]  	BOX64_RCFILE=/data/user/0/com.winlator/files/rootfs/etc/config.box64rc
[16:24:50]  	BOX64_UNITYPLAYER=1
[16:24:50]  	BOX64_DYNAREC=1
[16:24:50]  	BOX64_DYNAREC_CALLRET=0
[16:24:50]  [BOX64] argv[1]="C:\windows\system32\wineboot.exe"
[16:24:50]  [BOX64] argv[2]="--init"
[16:24:50]  [BOX64] Rename process to "wine"
[16:24:50]  [BOX64] Using emulated /data/user/0/com.winlator/files/rootfs/usr/lib/libwinlator-xkb-core.so
[16:24:50]  [BOX64] Using native(wrapped) libdl.so.2
[16:24:50]  [BOX64] Using native(wrapped) libc.so.6
[16:24:50]  [BOX64] Using native(wrapped) ld-linux-x86-64.so.2
[16:24:50]  [BOX64] Using native(wrapped) libpthread.so.0
[16:24:50]  [BOX64] Using native(wrapped) libutil.so.1
[16:24:50]  [BOX64] Using native(wrapped) libresolv.so.2
[16:24:50]  [BOX64] Using native(wrapped) librt.so.1
[16:24:50]  [BOX64] Using native(wrapped) libbsd.so.0
[16:24:50]  [BOX64] Using emulated /data/user/0/com.winlator/files/rootfs/opt/wine/lib/wine/x86_64-unix/ntdll.so
[16:24:50]  [BOX64] Using emulated /data/user/0/com.winlator/files/rootfs/lib/x86_64-linux-gnu/libgcc_s.so.1
[16:24:51]  [BOX64] Using emulated /data/user/0/com.winlator/files/rootfs/opt/wine/lib/wine/x86_64-unix/ws2_32.so
[16:24:51]  [BOX64] Box64 arm64 v0.4.5 372739d with Dynarec built on Aug  4 2026 10:30:45
[16:24:51]  [BOX64] Dynarec for ARM64, with extension: ASIMD AES CRC32 PMULL ATOMICS SHA1 SHA2 USCAT FLAGM FLAGM2 FRINT
[16:24:51]  [BOX64] Running on Unknown CPU with 8 cores, pagesize: 4096
[16:24:51]  [BOX64] Will use hardware counter measured at 19.2 MHz emulating 2.4 GHz
[16:24:51]  [BOX64] Wine preloader detected, loading "/data/user/0/com.winlator/files/rootfs/opt/wine/lib/wine/x86_64-unix/wine" directly
[16:24:51]  [BOX64] Wine64 detected, WINEPRELOADRESERVE="140000000-140029000"
[16:24:51]  [BOX64] Didn't detect 48bits of address space, considering it's 39bits
[16:24:51]  [BOX64] WINE prereserve of 0x10000:0x8000 done
[16:24:51]  [BOX64] WINE prereserve of 0x110000:0x30000000 done
[16:24:51]  [BOX64] WINE prereserve of 0x7f000000:0x3000000 done
[16:24:51]  [BOX64] WINE prereserve of 0x140000000:0x140029000 done
[16:24:51]  [BOX64] Detected running wine with "winemenubuilder.exe"
[16:24:51]  [BOX64] Counted 82 Env var
[16:24:51]  [BOX64] BOX64 trying to Preload /data/user/0/com.winlator/files/rootfs/usr/lib/libwinlator-xkb-core.so 
[16:24:51]  [BOX64] Library search path: 
[16:24:51]  [BOX64] Binary search path: ./:bin/:/data/user/0/com.winlator/files/rootfs/opt/wine/bin/:/data/user/0/com.winlator/files/rootfs/usr/local/bin/:/data/user/0/com.winlator/files/rootfs/usr/bin/
[16:24:51]  [BOX64] Looking for /data/user/0/com.winlator/files/rootfs/opt/wine/lib/wine/x86_64-unix/wine
[16:24:51]  [BOX64] BOX64ENV: Variables overridden:
[16:24:51]  	BOX64_DYNAREC_BIGBLOCK=2
[16:24:51]  	BOX64_DYNAREC_FASTNAN=1
[16:24:51]  	BOX64_DYNAREC_FASTROUND=0
[16:24:51]  	BOX64_DYNAREC_FORWARD=128
[16:24:51]  	BOX64_DYNAREC_MISSING=1
[16:24:51]  	BOX64_DYNAREC_NATIVEFLAGS=0
[16:24:51]  	BOX64_DYNAREC_SAFEFLAGS=2
[16:24:51]  	BOX64_DYNAREC_STRONGMEM=0
[16:24:51]  	BOX64_DYNAREC_WAIT=1
[16:24:51]  	BOX64_DYNAREC_WEAKBARRIER=2
[16:24:51]  	BOX64_DYNAREC_X87DOUBLE=1
[16:24:51]  	BOX64_LD_LIBRARY_PATH=/data/user/0/com.winlator/files/rootfs/lib/x86_64-linux-gnu
[16:24:51]  	BOX64_LOG=1
[16:24:51]  	BOX64_NOBANNER=0
[16:24:51]  	BOX64_RCFILE=/data/user/0/com.winlator/files/rootfs/etc/config.box64rc
[16:24:51]  	BOX64_UNITYPLAYER=1
[16:24:51]  	BOX64_DYNAREC=1
[16:24:51]  	BOX64_DYNAREC_CALLRET=0
[16:24:51]  [BOX64] argv[1]="C:\windows\system32\winemenubuilder.exe"
[16:24:51]  [BOX64] argv[2]="-a"
[16:24:51]  [BOX64] argv[3]="-r"
[16:24:51]  [BOX64] Rename process to "wine"
[16:24:51]  [BOX64] Using emulated /data/user/0/com.winlator/files/rootfs/usr/lib/libwinlator-xkb-core.so
[16:24:51]  [BOX64] Using native(wrapped) libdl.so.2
[16:24:51]  [BOX64] Using native(wrapped) libc.so.6
[16:24:51]  [BOX64] Using native(wrapped) ld-linux-x86-64.so.2
[16:24:51]  [BOX64] Using native(wrapped) libpthread.so.0
[16:24:51]  [BOX64] Using native(wrapped) libutil.so.1
[16:24:51]  [BOX64] Using native(wrapped) libresolv.so.2
[16:24:51]  [BOX64] Using native(wrapped) librt.so.1
[16:24:51]  [BOX64] Using native(wrapped) libbsd.so.0
[16:24:51]  [BOX64] Using emulated /data/user/0/com.winlator/files/rootfs/opt/wine/lib/wine/x86_64-unix/ntdll.so
[16:24:51]  [BOX64] Using emulated /data/user/0/com.winlator/files/rootfs/lib/x86_64-linux-gnu/libgcc_s.so.1
[16:24:51]  [BOX64] Box64 arm64 v0.4.5 372739d with Dynarec built on Aug  4 2026 10:30:45
[16:24:51]  [BOX64] Dynarec for ARM64, with extension: ASIMD AES CRC32 PMULL ATOMICS SHA1 SHA2 USCAT FLAGM FLAGM2 FRINT
[16:24:51]  [BOX64] Running on Unknown CPU with 8 cores, pagesize: 4096
[16:24:51]  [BOX64] Will use hardware counter measured at 19.2 MHz emulating 2.4 GHz
[16:24:51]  [BOX64] Wine preloader detected, loading "/data/user/0/com.winlator/files/rootfs/opt/wine/lib/wine/x86_64-unix/wine" directly
[16:24:51]  [BOX64] Wine64 detected, WINEPRELOADRESERVE="140000000-140017000"
[16:24:51]  [BOX64] Didn't detect 48bits of address space, considering it's 39bits
[16:24:51]  [BOX64] WINE prereserve of 0x10000:0x8000 done
[16:24:51]  [BOX64] WINE prereserve of 0x110000:0x30000000 done
[16:24:51]  [BOX64] WINE prereserve of 0x7f000000:0x3000000 done
[16:24:51]  [BOX64] WINE prereserve of 0x140000000:0x140017000 done
[16:24:51]  [BOX64] Detected running wine with "services.exe"
[16:24:51]  [BOX64] Counted 82 Env var
[16:24:51]  [BOX64] BOX64 trying to Preload /data/user/0/com.winlator/files/rootfs/usr/lib/libwinlator-xkb-core.so 
[16:24:51]  [BOX64] Library search path: 
[16:24:51]  [BOX64] Binary search path: ./:bin/:/data/user/0/com.winlator/files/rootfs/opt/wine/bin/:/data/user/0/com.winlator/files/rootfs/usr/local/bin/:/data/user/0/com.winlator/files/rootfs/usr/bin/
[16:24:51]  [BOX64] Looking for /data/user/0/com.winlator/files/rootfs/opt/wine/lib/wine/x86_64-unix/wine
[16:24:51]  [BOX64] BOX64ENV: Variables overridden:
[16:24:51]  	BOX64_DYNAREC_BIGBLOCK=2
[16:24:51]  	BOX64_DYNAREC_FASTNAN=1
[16:24:51]  	BOX64_DYNAREC_FASTROUND=0
[16:24:51]  	BOX64_DYNAREC_FORWARD=128
[16:24:51]  	BOX64_DYNAREC_MISSING=1
[16:24:51]  	BOX64_DYNAREC_NATIVEFLAGS=0
[16:24:51]  	BOX64_DYNAREC_SAFEFLAGS=2
[16:24:51]  	BOX64_DYNAREC_STRONGMEM=0
[16:24:51]  	BOX64_DYNAREC_WAIT=1
[16:24:51]  	BOX64_DYNAREC_WEAKBARRIER=2
[16:24:51]  	BOX64_DYNAREC_X87DOUBLE=1
[16:24:51]  	BOX64_LD_LIBRARY_PATH=/data/user/0/com.winlator/files/rootfs/lib/x86_64-linux-gnu
[16:24:51]  	BOX64_LOG=1
[16:24:51]  	BOX64_NOBANNER=0
[16:24:51]  	BOX64_RCFILE=/data/user/0/com.winlator/files/rootfs/etc/config.box64rc
[16:24:51]  	BOX64_UNITYPLAYER=1
[16:24:51]  	BOX64_DYNAREC=1
[16:24:51]  	BOX64_DYNAREC_CALLRET=0
[16:24:51]  [BOX64] argv[1]="C:\windows\system32\services.exe"
[16:24:51]  [BOX64] Rename process to "wine"
[16:24:51]  [BOX64] Using emulated /data/user/0/com.winlator/files/rootfs/usr/lib/libwinlator-xkb-core.so
[16:24:51]  [BOX64] Using native(wrapped) libdl.so.2
[16:24:51]  [BOX64] Using native(wrapped) libc.so.6
[16:24:51]  [BOX64] Using native(wrapped) ld-linux-x86-64.so.2
[16:24:51]  [BOX64] Using native(wrapped) libpthread.so.0
[16:24:51]  [BOX64] Using native(wrapped) libutil.so.1
[16:24:51]  [BOX64] Using native(wrapped) libresolv.so.2
[16:24:51]  [BOX64] Using native(wrapped) librt.so.1
[16:24:51]  [BOX64] Using native(wrapped) libbsd.so.0
[16:24:51]  [BOX64] Using emulated /data/user/0/com.winlator/files/rootfs/opt/wine/lib/wine/x86_64-unix/ntdll.so
[16:24:51]  [BOX64] Using emulated /data/user/0/com.winlator/files/rootfs/lib/x86_64-linux-gnu/libgcc_s.so.1
[16:24:51]  [BOX64] Using emulated /data/user/0/com.winlator/files/rootfs/opt/wine/lib/wine/x86_64-unix/win32u.so
[16:24:51]  [BOX64] Using native(wrapped) libm.so.6
[16:24:51]  [BOX64] Using native(wrapped) libfreetype.so.6
[16:24:51]  [BOX64] Box64 arm64 v0.4.5 372739d with Dynarec built on Aug  4 2026 10:30:45
[16:24:51]  [BOX64] Dynarec for ARM64, with extension: ASIMD AES CRC32 PMULL ATOMICS SHA1 SHA2 USCAT FLAGM FLAGM2 FRINT
[16:24:51]  [BOX64] Running on Unknown CPU with 8 cores, pagesize: 4096
[16:24:51]  [BOX64] Will use hardware counter measured at 19.2 MHz emulating 2.4 GHz
[16:24:51]  [BOX64] Wine preloader detected, loading "/data/user/0/com.winlator/files/rootfs/opt/wine/lib/wine/x86_64-unix/wine" directly
[16:24:51]  [BOX64] Wine64 detected, WINEPRELOADRESERVE="140000000-140022000"
[16:24:51]  [BOX64] Didn't detect 48bits of address space, considering it's 39bits
[16:24:51]  [BOX64] WINE prereserve of 0x10000:0x8000 done
[16:24:51]  [BOX64] WINE prereserve of 0x110000:0x30000000 done
[16:24:51]  [BOX64] WINE prereserve of 0x7f000000:0x3000000 done
[16:24:51]  [BOX64] WINE prereserve of 0x140000000:0x140022000 done
[16:24:51]  [BOX64] Detected running wine with "explorer.exe"
[16:24:51]  [BOX64] Counted 82 Env var
[16:24:51]  [BOX64] BOX64 trying to Preload /data/user/0/com.winlator/files/rootfs/usr/lib/libwinlator-xkb-core.so 
[16:24:51]  [BOX64] Library search path: 
[16:24:51]  [BOX64] Binary search path: ./:bin/:/data/user/0/com.winlator/files/rootfs/opt/wine/bin/:/data/user/0/com.winlator/files/rootfs/usr/local/bin/:/data/user/0/com.winlator/files/rootfs/usr/bin/
[16:24:51]  [BOX64] Looking for /data/user/0/com.winlator/files/rootfs/opt/wine/lib/wine/x86_64-unix/wine
[16:24:51]  [BOX64] BOX64ENV: Variables overridden:
[16:24:51]  	BOX64_DYNAREC_BIGBLOCK=2
[16:24:51]  	BOX64_DYNAREC_FASTNAN=1
[16:24:51]  	BOX64_DYNAREC_FASTROUND=0
[16:24:51]  	BOX64_DYNAREC_FORWARD=128
[16:24:51]  	BOX64_DYNAREC_MISSING=1
[16:24:51]  	BOX64_DYNAREC_NATIVEFLAGS=0
[16:24:51]  	BOX64_DYNAREC_SAFEFLAGS=2
[16:24:51]  	BOX64_DYNAREC_STRONGMEM=0
[16:24:51]  	BOX64_DYNAREC_WAIT=1
[16:24:51]  	BOX64_DYNAREC_WEAKBARRIER=2
[16:24:51]  	BOX64_DYNAREC_X87DOUBLE=1
[16:24:51]  	BOX64_LD_LIBRARY_PATH=/data/user/0/com.winlator/files/rootfs/lib/x86_64-linux-gnu
[16:24:51]  	BOX64_LOG=1
[16:24:51]  	BOX64_NOBANNER=0
[16:24:51]  	BOX64_RCFILE=/data/user/0/com.winlator/files/rootfs/etc/config.box64rc
[16:24:51]  	BOX64_UNITYPLAYER=1
[16:24:51]  	BOX64_DYNAREC=1
[16:24:51]  	BOX64_DYNAREC_CALLRET=0
[16:24:51]  [BOX64] argv[1]="C:\windows\system32\explorer.exe"
[16:24:51]  [BOX64] argv[2]="/desktop"
[16:24:51]  [BOX64] Rename process to "wine"
[16:24:51]  [BOX64] Using emulated /data/user/0/com.winlator/files/rootfs/usr/lib/libwinlator-xkb-core.so
[16:24:51]  [BOX64] Using native(wrapped) libdl.so.2
[16:24:51]  [BOX64] Using native(wrapped) libc.so.6
[16:24:51]  [BOX64] Using native(wrapped) ld-linux-x86-64.so.2
[16:24:51]  [BOX64] Using native(wrapped) libpthread.so.0
[16:24:51]  [BOX64] Using native(wrapped) libutil.so.1
[16:24:51]  [BOX64] Using native(wrapped) libresolv.so.2
[16:24:51]  [BOX64] Using native(wrapped) librt.so.1
[16:24:51]  [BOX64] Using native(wrapped) libbsd.so.0
[16:24:51]  [BOX64] Using emulated /data/user/0/com.winlator/files/rootfs/opt/wine/lib/wine/x86_64-unix/ntdll.so
[16:24:51]  [BOX64] Using emulated /data/user/0/com.winlator/files/rootfs/lib/x86_64-linux-gnu/libgcc_s.so.1
[16:24:51]  [BOX64] Box64 arm64 v0.4.5 372739d with Dynarec built on Aug  4 2026 10:30:45
[16:24:51]  [BOX64] Dynarec for ARM64, with extension: ASIMD AES CRC32 PMULL ATOMICS SHA1 SHA2 USCAT FLAGM FLAGM2 FRINT
[16:24:51]  [BOX64] Running on Unknown CPU with 8 cores, pagesize: 4096
[16:24:51]  [BOX64] Will use hardware counter measured at 19.2 MHz emulating 2.4 GHz
[16:24:51]  [BOX64] Wine preloader detected, loading "/data/user/0/com.winlator/files/rootfs/opt/wine/lib/wine/x86_64-unix/wine" directly
[16:24:51]  [BOX64] Wine64 detected, WINEPRELOADRESERVE="140000000-14000a000"
[16:24:51]  [BOX64] Didn't detect 48bits of address space, considering it's 39bits
[16:24:51]  [BOX64] WINE prereserve of 0x10000:0x8000 done
[16:24:51]  [BOX64] WINE prereserve of 0x110000:0x30000000 done
[16:24:51]  [BOX64] WINE prereserve of 0x7f000000:0x3000000 done
[16:24:51]  [BOX64] WINE prereserve of 0x140000000:0x14000a000 done
[16:24:51]  [BOX64] Detected running wine with "winedevice.exe"
[16:24:51]  [BOX64] Counted 82 Env var
[16:24:51]  [BOX64] BOX64 trying to Preload /data/user/0/com.winlator/files/rootfs/usr/lib/libwinlator-xkb-core.so 
[16:24:51]  [BOX64] Library search path: 
[16:24:51]  [BOX64] Binary search path: ./:bin/:/data/user/0/com.winlator/files/rootfs/opt/wine/bin/:/data/user/0/com.winlator/files/rootfs/usr/local/bin/:/data/user/0/com.winlator/files/rootfs/usr/bin/
[16:24:51]  [BOX64] Looking for /data/user/0/com.winlator/files/rootfs/opt/wine/lib/wine/x86_64-unix/wine
[16:24:51]  [BOX64] BOX64ENV: Variables overridden:
[16:24:51]  	BOX64_DYNAREC_BIGBLOCK=2
[16:24:51]  	BOX64_DYNAREC_FASTNAN=1
[16:24:51]  	BOX64_DYNAREC_FASTROUND=0
[16:24:51]  	BOX64_DYNAREC_FORWARD=128
[16:24:51]  	BOX64_DYNAREC_MISSING=1
[16:24:51]  	BOX64_DYNAREC_NATIVEFLAGS=0
[16:24:51]  	BOX64_DYNAREC_SAFEFLAGS=2
[16:24:51]  	BOX64_DYNAREC_STRONGMEM=0
[16:24:51]  	BOX64_DYNAREC_WAIT=1
[16:24:51]  	BOX64_DYNAREC_WEAKBARRIER=2
[16:24:51]  	BOX64_DYNAREC_X87DOUBLE=1
[16:24:51]  	BOX64_LD_LIBRARY_PATH=/data/user/0/com.winlator/files/rootfs/lib/x86_64-linux-gnu
[16:24:51]  	BOX64_LOG=1
[16:24:51]  	BOX64_NOBANNER=0
[16:24:51]  	BOX64_RCFILE=/data/user/0/com.winlator/files/rootfs/etc/config.box64rc
[16:24:51]  	BOX64_UNITYPLAYER=1
[16:24:51]  	BOX64_DYNAREC=1
[16:24:51]  	BOX64_DYNAREC_CALLRET=0
[16:24:51]  [BOX64] argv[1]="C:\windows\system32\winedevice.exe"
[16:24:51]  [BOX64] Rename process to "wine"
[16:24:51]  [BOX64] Using emulated /data/user/0/com.winlator/files/rootfs/usr/lib/libwinlator-xkb-core.so
[16:24:51]  [BOX64] Using native(wrapped) libdl.so.2
[16:24:51]  [BOX64] Using native(wrapped) libc.so.6
[16:24:51]  [BOX64] Using native(wrapped) ld-linux-x86-64.so.2
[16:24:51]  [BOX64] Using native(wrapped) libpthread.so.0
[16:24:51]  [BOX64] Using native(wrapped) libutil.so.1
[16:24:51]  [BOX64] Using native(wrapped) libresolv.so.2
[16:24:51]  [BOX64] Using native(wrapped) librt.so.1
[16:24:51]  [BOX64] Using native(wrapped) libbsd.so.0
[16:24:51]  [BOX64] Using emulated /data/user/0/com.winlator/files/rootfs/opt/wine/lib/wine/x86_64-unix/ntdll.so
[16:24:51]  [BOX64] Using emulated /data/user/0/com.winlator/files/rootfs/lib/x86_64-linux-gnu/libgcc_s.so.1
[16:24:51]  [BOX64] Using emulated /data/user/0/com.winlator/files/rootfs/opt/wine/lib/wine/x86_64-unix/win32u.so
[16:24:51]  [BOX64] Using native(wrapped) libm.so.6
[16:24:51]  [BOX64] Using native(wrapped) libfreetype.so.6
[16:24:51]  [BOX64] Using emulated /data/user/0/com.winlator/files/rootfs/opt/wine/lib/wine/x86_64-unix/winex11.so
[16:24:51]  [BOX64] Using native(wrapped) libXext.so.6
[16:24:51]  [BOX64] Using native(wrapped) libX11.so.6
[16:24:51]  [BOX64] Using native(wrapped) libxcb.so.1
[16:24:51]  [BOX64] Using native(wrapped) libXau.so.6
[16:24:51]  [BOX64] Using native(wrapped) libXdmcp.so.6
[16:24:51]  [[31mBOX64[0m] Error initializing native libXinerama.so.1 (last dlerror is libXinerama.so: cannot open shared object file: No such file or directory)
[16:24:51]  [BOX64] Error loading needed lib libXinerama.so.1
[16:24:51]  [BOX64] Warning: Cannot dlopen("libXinerama.so.1"/0x3f0405e8e1, 2)
[16:24:51]  [BOX64] Using native(wrapped) libXxf86vm.so.1
[16:24:51]  [BOX64] Using native(wrapped) libXrender.so.1
[16:24:51]  [BOX64] Using native(wrapped) libXrandr.so.2
[16:24:51]  [BOX64] Using native(wrapped) libXcomposite.so.1
[16:24:51]  [BOX64] Using native(wrapped) libXi.so.6
[16:24:51]  [BOX64] Using native(wrapped) libvulkan.so.1
[16:24:51]  [BOX64] Using emulated /data/user/0/com.winlator/files/rootfs/opt/wine/lib/wine/x86_64-unix/mountmgr.so
[16:24:51]  [BOX64] Using native(wrapped) libXcursor.so.1
[16:24:51]  [BOX64] Using native(wrapped) libXfixes.so.3
[16:24:51]  [[31mBOX64[0m] Error initializing native libdbus-1.so.3 (last dlerror is libdbus-1.so.3: cannot open shared object file: No such file or directory)
[16:24:51]  [BOX64] Error loading needed lib libdbus-1.so.3
[16:24:51]  [BOX64] Warning: Cannot dlopen("libdbus-1.so.3"/0x3f03006270, 2)
[16:24:51]  [BOX64] Using emulated /data/user/0/com.winlator/files/rootfs/opt/wine/lib/wine/x86_64-unix/nsiproxy.so
[16:24:51]  0070:err:nsi:poll_events bind failed, errno 13.
[16:24:51]  [BOX64] Box64 arm64 v0.4.5 372739d with Dynarec built on Aug  4 2026 10:30:45
[16:24:51]  [BOX64] Dynarec for ARM64, with extension: ASIMD AES CRC32 PMULL ATOMICS SHA1 SHA2 USCAT FLAGM FLAGM2 FRINT
[16:24:51]  [BOX64] Running on Unknown CPU with 8 cores, pagesize: 4096
[16:24:51]  [BOX64] Will use hardware counter measured at 19.2 MHz emulating 2.4 GHz
[16:24:51]  [BOX64] Wine preloader detected, loading "/data/user/0/com.winlator/files/rootfs/opt/wine/lib/wine/x86_64-unix/wine" directly
[16:24:51]  [BOX64] Wine64 detected, WINEPRELOADRESERVE="140000000-14000a000"
[16:24:51]  [BOX64] Didn't detect 48bits of address space, considering it's 39bits
[16:24:51]  [BOX64] WINE prereserve of 0x10000:0x8000 done
[16:24:51]  [BOX64] WINE prereserve of 0x110000:0x30000000 done
[16:24:51]  [BOX64] WINE prereserve of 0x7f000000:0x3000000 done
[16:24:51]  [BOX64] WINE prereserve of 0x140000000:0x14000a000 done
[16:24:51]  [BOX64] Detected running wine with "winedevice.exe"
[16:24:51]  [BOX64] Counted 82 Env var
[16:24:51]  [BOX64] BOX64 trying to Preload /data/user/0/com.winlator/files/rootfs/usr/lib/libwinlator-xkb-core.so 
[16:24:51]  [BOX64] Library search path: 
[16:24:51]  [BOX64] Binary search path: ./:bin/:/data/user/0/com.winlator/files/rootfs/opt/wine/bin/:/data/user/0/com.winlator/files/rootfs/usr/local/bin/:/data/user/0/com.winlator/files/rootfs/usr/bin/
[16:24:51]  [BOX64] Looking for /data/user/0/com.winlator/files/rootfs/opt/wine/lib/wine/x86_64-unix/wine
[16:24:51]  [BOX64] BOX64ENV: Variables overridden:
[16:24:51]  	BOX64_DYNAREC_BIGBLOCK=2
[16:24:51]  	BOX64_DYNAREC_FASTNAN=1
[16:24:51]  	BOX64_DYNAREC_FASTROUND=0
[16:24:51]  	BOX64_DYNAREC_FORWARD=128
[16:24:51]  	BOX64_DYNAREC_MISSING=1
[16:24:51]  	BOX64_DYNAREC_NATIVEFLAGS=0
[16:24:51]  	BOX64_DYNAREC_SAFEFLAGS=2
[16:24:51]  	BOX64_DYNAREC_STRONGMEM=0
[16:24:51]  	BOX64_DYNAREC_WAIT=1
[16:24:51]  	BOX64_DYNAREC_WEAKBARRIER=2
[16:24:51]  	BOX64_DYNAREC_X87DOUBLE=1
[16:24:51]  	BOX64_LD_LIBRARY_PATH=/data/user/0/com.winlator/files/rootfs/lib/x86_64-linux-gnu
[16:24:51]  	BOX64_LOG=1
[16:24:51]  	BOX64_NOBANNER=0
[16:24:51]  	BOX64_RCFILE=/data/user/0/com.winlator/files/rootfs/etc/config.box64rc
[16:24:51]  	BOX64_UNITYPLAYER=1
[16:24:51]  	BOX64_DYNAREC=1
[16:24:51]  	BOX64_DYNAREC_CALLRET=0
[16:24:51]  [BOX64] argv[1]="C:\windows\system32\winedevice.exe"
[16:24:51]  [BOX64] Rename process to "wine"
[16:24:51]  [BOX64] Using emulated /data/user/0/com.winlator/files/rootfs/usr/lib/libwinlator-xkb-core.so
[16:24:51]  [BOX64] Using native(wrapped) libdl.so.2
[16:24:51]  [BOX64] Using native(wrapped) libc.so.6
[16:24:51]  [BOX64] Using native(wrapped) ld-linux-x86-64.so.2
[16:24:51]  [BOX64] Using native(wrapped) libpthread.so.0
[16:24:51]  [BOX64] Using native(wrapped) libutil.so.1
[16:24:51]  [BOX64] Using native(wrapped) libresolv.so.2
[16:24:51]  [BOX64] Using native(wrapped) librt.so.1
[16:24:51]  [BOX64] Using native(wrapped) libbsd.so.0
[16:24:51]  [BOX64] Using emulated /data/user/0/com.winlator/files/rootfs/opt/wine/lib/wine/x86_64-unix/ntdll.so
[16:24:51]  [BOX64] Using emulated /data/user/0/com.winlator/files/rootfs/lib/x86_64-linux-gnu/libgcc_s.so.1
[16:24:52]  Xlib:  extension "SHAPE" missing on display ":0".
[16:24:52]  Xlib:  extension "SHAPE" missing on display ":0".
[16:24:52]  Xlib:  extension "SHAPE" missing on display ":0".
[16:24:52]  Xlib:  extension "SHAPE" missing on display ":0".
[16:24:52]  Xlib:  extension "SHAPE" missing on display ":0".
[16:24:52]  Xlib:  extension "SHAPE" missing on display ":0".
[16:24:52]  Xlib:  extension "SHAPE" missing on display ":0".
[16:24:52]  Xlib:  extension "SHAPE" missing on display ":0".
[16:24:52]  Xlib:  extension "SHAPE" missing on display ":0".
[16:24:52]  Xlib:  extension "SHAPE" missing on display ":0".
[16:24:52]  0044:err:ole:start_rpcss Failed to start RpcSs service
[16:24:52]  [BOX64] Using emulated /data/user/0/com.winlator/files/rootfs/opt/wine/lib/wine/x86_64-unix/winex11.so
[16:24:52]  [BOX64] Using native(wrapped) libXext.so.6
[16:24:52]  [BOX64] Using native(wrapped) libX11.so.6
[16:24:52]  [BOX64] Using native(wrapped) libxcb.so.1
[16:24:52]  [BOX64] Using native(wrapped) libXau.so.6
[16:24:52]  [BOX64] Using native(wrapped) libXdmcp.so.6
[16:24:52]  [BOX64] Using emulated /data/user/0/com.winlator/files/rootfs/opt/wine/lib/wine/x86_64-unix/winebus.so
[16:24:52]  [[31mBOX64[0m] Error initializing native libudev.so.1 (last dlerror is libudev.so.0: cannot open shared object file: No such file or directory)
[16:24:52]  [BOX64] Error loading needed lib libudev.so.1
[16:24:52]  [BOX64] Error loading one of needed lib
[16:24:52]  [BOX64] Error initializing needed lib /data/user/0/com.winlator/files/rootfs/opt/wine/lib/wine/x86_64-unix/winebus.so
[16:24:52]  008c:err:ntoskrnl:ZwLoadDriver failed to create driver L"\\Registry\\Machine\\System\\CurrentControlSet\\Services\\winebus": c0000135
[16:24:52]  003c:fixme:service:scmdatabase_autostart_services Auto-start service L"winebus" failed to start: 126
[16:24:52]  [[31mBOX64[0m] Error initializing native libXinerama.so.1 (last dlerror is libXinerama.so: cannot open shared object file: No such file or directory)
[16:24:52]  [BOX64] Error loading needed lib libXinerama.so.1
[16:24:52]  [BOX64] Warning: Cannot dlopen("libXinerama.so.1"/0x3f0405e8e1, 2)
[16:24:52]  [BOX64] Using native(wrapped) libXxf86vm.so.1
[16:24:52]  [BOX64] Using native(wrapped) libXrender.so.1
[16:24:52]  [BOX64] Using native(wrapped) libXrandr.so.2
[16:24:52]  [BOX64] Using native(wrapped) libXcomposite.so.1
[16:24:52]  [BOX64] Using native(wrapped) libXi.so.6
[16:24:52]  [BOX64] Box64 arm64 v0.4.5 372739d with Dynarec built on Aug  4 2026 10:30:45
[16:24:52]  [BOX64] Dynarec for ARM64, with extension: ASIMD AES CRC32 PMULL ATOMICS SHA1 SHA2 USCAT FLAGM FLAGM2 FRINT
[16:24:52]  [BOX64] Running on Unknown CPU with 8 cores, pagesize: 4096
[16:24:52]  [BOX64] Will use hardware counter measured at 19.2 MHz emulating 2.4 GHz
[16:24:52]  [BOX64] Wine preloader detected, loading "/data/user/0/com.winlator/files/rootfs/opt/wine/lib/wine/x86_64-unix/wine" directly
[16:24:52]  [BOX64] Wine64 detected, WINEPRELOADRESERVE="140000000-14000a000"
[16:24:52]  [BOX64] Didn't detect 48bits of address space, considering it's 39bits
[16:24:52]  [BOX64] WINE prereserve of 0x10000:0x8000 done
[16:24:52]  [BOX64] WINE prereserve of 0x110000:0x30000000 done
[16:24:52]  [BOX64] WINE prereserve of 0x7f000000:0x3000000 done
[16:24:52]  [BOX64] WINE prereserve of 0x140000000:0x14000a000 done
[16:24:52]  [BOX64] Detected running wine with "winedevice.exe"
[16:24:52]  [BOX64] Counted 82 Env var
[16:24:52]  [BOX64] BOX64 trying to Preload /data/user/0/com.winlator/files/rootfs/usr/lib/libwinlator-xkb-core.so 
[16:24:52]  [BOX64] Library search path: 
[16:24:52]  [BOX64] Binary search path: ./:bin/:/data/user/0/com.winlator/files/rootfs/opt/wine/bin/:/data/user/0/com.winlator/files/rootfs/usr/local/bin/:/data/user/0/com.winlator/files/rootfs/usr/bin/
[16:24:52]  [BOX64] Looking for /data/user/0/com.winlator/files/rootfs/opt/wine/lib/wine/x86_64-unix/wine
[16:24:52]  [BOX64] BOX64ENV: Variables overridden:
[16:24:52]  	BOX64_DYNAREC_BIGBLOCK=2
[16:24:52]  	BOX64_DYNAREC_FASTNAN=1
[16:24:52]  	BOX64_DYNAREC_FASTROUND=0
[16:24:52]  	BOX64_DYNAREC_FORWARD=128
[16:24:52]  	BOX64_DYNAREC_MISSING=1
[16:24:52]  	BOX64_DYNAREC_NATIVEFLAGS=0
[16:24:52]  	BOX64_DYNAREC_SAFEFLAGS=2
[16:24:52]  	BOX64_DYNAREC_STRONGMEM=0
[16:24:52]  	BOX64_DYNAREC_WAIT=1
[16:24:52]  	BOX64_DYNAREC_WEAKBARRIER=2
[16:24:52]  	BOX64_DYNAREC_X87DOUBLE=1
[16:24:52]  	BOX64_LD_LIBRARY_PATH=/data/user/0/com.winlator/files/rootfs/lib/x86_64-linux-gnu
[16:24:52]  	BOX64_LOG=1
[16:24:52]  	BOX64_NOBANNER=0
[16:24:52]  	BOX64_RCFILE=/data/user/0/com.winlator/files/rootfs/etc/config.box64rc
[16:24:52]  	BOX64_UNITYPLAYER=1
[16:24:52]  	BOX64_DYNAREC=1
[16:24:52]  	BOX64_DYNAREC_CALLRET=0
[16:24:52]  [BOX64] argv[1]="C:\windows\system32\winedevice.exe"
[16:24:52]  [BOX64] Rename process to "wine"
[16:24:52]  [BOX64] Using emulated /data/user/0/com.winlator/files/rootfs/usr/lib/libwinlator-xkb-core.so
[16:24:52]  [BOX64] Using native(wrapped) libdl.so.2
[16:24:52]  [BOX64] Using native(wrapped) libc.so.6
[16:24:52]  [BOX64] Using native(wrapped) ld-linux-x86-64.so.2
[16:24:52]  [BOX64] Using native(wrapped) libpthread.so.0
[16:24:52]  [BOX64] Using native(wrapped) libutil.so.1
[16:24:52]  [BOX64] Using native(wrapped) libresolv.so.2
[16:24:52]  [BOX64] Using native(wrapped) librt.so.1
[16:24:52]  [BOX64] Using native(wrapped) libbsd.so.0
[16:24:52]  [BOX64] Using emulated /data/user/0/com.winlator/files/rootfs/opt/wine/lib/wine/x86_64-unix/ntdll.so
[16:24:52]  [BOX64] Using emulated /data/user/0/com.winlator/files/rootfs/lib/x86_64-linux-gnu/libgcc_s.so.1
[16:24:52]  [BOX64] Using native(wrapped) libXcursor.so.1
[16:24:52]  [BOX64] Using native(wrapped) libXfixes.so.3
[16:24:52]  [BOX64] Using emulated /data/user/0/com.winlator/files/rootfs/opt/wine/lib/wine/x86_64-unix/winebth.so
[16:24:52]  [[31mBOX64[0m] Error initializing native libdbus-1.so.3 (last dlerror is libdbus-1.so.3: cannot open shared object file: No such file or directory)
[16:24:52]  [BOX64] Error loading needed lib libdbus-1.so.3
[16:24:52]  [BOX64] Warning: Cannot dlopen("libdbus-1.so.3"/0x3f0301441b, 2)
[16:24:52]  00b0:err:ntoskrnl:ZwLoadDriver failed to create driver L"\\Registry\\Machine\\System\\CurrentControlSet\\Services\\winebth": c00000e5
[16:24:52]  003c:fixme:service:scmdatabase_autostart_services Auto-start service L"winebth" failed to start: 1359
[16:24:52]  [BOX64] Using emulated /data/user/0/com.winlator/files/rootfs/opt/wine/lib/wine/x86_64-unix/win32u.so
[16:24:52]  [BOX64] Using native(wrapped) libm.so.6
[16:24:52]  [BOX64] Using native(wrapped) libfreetype.so.6
[16:24:52]  [BOX64] Using emulated /data/user/0/com.winlator/files/rootfs/opt/wine/lib/wine/x86_64-unix/win32u.so
[16:24:52]  [BOX64] Using native(wrapped) libm.so.6
[16:24:52]  [BOX64] Using native(wrapped) libfreetype.so.6
[16:24:52]  [BOX64] Box64 arm64 v0.4.5 372739d with Dynarec built on Aug  4 2026 10:30:45
[16:24:52]  [BOX64] Dynarec for ARM64, with extension: ASIMD AES CRC32 PMULL ATOMICS SHA1 SHA2 USCAT FLAGM FLAGM2 FRINT
[16:24:52]  [BOX64] Running on Unknown CPU with 8 cores, pagesize: 4096
[16:24:52]  [BOX64] Will use hardware counter measured at 19.2 MHz emulating 2.4 GHz
[16:24:52]  [BOX64] Wine preloader detected, loading "/data/user/0/com.winlator/files/rootfs/opt/wine/lib/wine/x86_64-unix/wine" directly
[16:24:52]  [BOX64] Wine64 detected, WINEPRELOADRESERVE="140000000-140022000"
[16:24:52]  [BOX64] Didn't detect 48bits of address space, considering it's 39bits
[16:24:52]  [BOX64] WINE prereserve of 0x10000:0x8000 done
[16:24:52]  [BOX64] WINE prereserve of 0x110000:0x30000000 done
[16:24:52]  [BOX64] WINE prereserve of 0x7f000000:0x3000000 done
[16:24:52]  [BOX64] WINE prereserve of 0x140000000:0x140022000 done
[16:24:52]  [BOX64] Detected running wine with "explorer.exe"
[16:24:52]  [BOX64] Counted 82 Env var
[16:24:52]  [BOX64] BOX64 trying to Preload /data/user/0/com.winlator/files/rootfs/usr/lib/libwinlator-xkb-core.so 
[16:24:52]  [BOX64] Library search path: 
[16:24:52]  [BOX64] Binary search path: ./:bin/:/data/user/0/com.winlator/files/rootfs/opt/wine/bin/:/data/user/0/com.winlator/files/rootfs/usr/local/bin/:/data/user/0/com.winlator/files/rootfs/usr/bin/
[16:24:52]  [BOX64] Looking for /data/user/0/com.winlator/files/rootfs/opt/wine/lib/wine/x86_64-unix/wine
[16:24:52]  [BOX64] BOX64ENV: Variables overridden:
[16:24:52]  	BOX64_DYNAREC_BIGBLOCK=2
[16:24:52]  	BOX64_DYNAREC_FASTNAN=1
[16:24:52]  	BOX64_DYNAREC_FASTROUND=0
[16:24:52]  	BOX64_DYNAREC_FORWARD=128
[16:24:52]  	BOX64_DYNAREC_MISSING=1
[16:24:52]  	BOX64_DYNAREC_NATIVEFLAGS=0
[16:24:52]  	BOX64_DYNAREC_SAFEFLAGS=2
[16:24:52]  	BOX64_DYNAREC_STRONGMEM=0
[16:24:52]  	BOX64_DYNAREC_WAIT=1
[16:24:52]  	BOX64_DYNAREC_WEAKBARRIER=2
[16:24:52]  	BOX64_DYNAREC_X87DOUBLE=1
[16:24:52]  	BOX64_LD_LIBRARY_PATH=/data/user/0/com.winlator/files/rootfs/lib/x86_64-linux-gnu
[16:24:52]  	BOX64_LOG=1
[16:24:52]  	BOX64_NOBANNER=0
[16:24:52]  	BOX64_RCFILE=/data/user/0/com.winlator/files/rootfs/etc/config.box64rc
[16:24:52]  	BOX64_UNITYPLAYER=1
[16:24:52]  	BOX64_DYNAREC=1
[16:24:52]  	BOX64_DYNAREC_CALLRET=0
[16:24:52]  [BOX64] argv[1]="C:\windows\system32\explorer.exe"
[16:24:52]  [BOX64] argv[2]="/desktop=nogui,1280x720"
[16:24:52]  [BOX64] argv[3]="C:\windows\winhandler.exe"
[16:24:52]  [BOX64] argv[4]="/dir"
[16:24:52]  [BOX64] argv[5]="E:\\Escape from Duckov"
[16:24:52]  [BOX64] argv[6]=""Duckov.exe""
[16:24:52]  [BOX64] argv[7]=""""
[16:24:52]  [BOX64] Rename process to "wine"
[16:24:52]  [BOX64] Using emulated /data/user/0/com.winlator/files/rootfs/usr/lib/libwinlator-xkb-core.so
[16:24:52]  [BOX64] Using native(wrapped) libdl.so.2
[16:24:52]  [BOX64] Using native(wrapped) libc.so.6
[16:24:52]  [BOX64] Using native(wrapped) ld-linux-x86-64.so.2
[16:24:52]  [BOX64] Using native(wrapped) libpthread.so.0
[16:24:52]  [BOX64] Using native(wrapped) libutil.so.1
[16:24:52]  [BOX64] Using native(wrapped) libresolv.so.2
[16:24:52]  [BOX64] Using native(wrapped) librt.so.1
[16:24:52]  [BOX64] Using native(wrapped) libbsd.so.0
[16:24:52]  [BOX64] Using emulated /data/user/0/com.winlator/files/rootfs/opt/wine/lib/wine/x86_64-unix/ntdll.so
[16:24:52]  [BOX64] Using emulated /data/user/0/com.winlator/files/rootfs/lib/x86_64-linux-gnu/libgcc_s.so.1
[16:24:52]  [BOX64] Using emulated /data/user/0/com.winlator/files/rootfs/opt/wine/lib/wine/x86_64-unix/win32u.so
[16:24:52]  [BOX64] Using native(wrapped) libm.so.6
[16:24:52]  [BOX64] Using native(wrapped) libfreetype.so.6
[16:24:52]  [BOX64] Using emulated /data/user/0/com.winlator/files/rootfs/opt/wine/lib/wine/x86_64-unix/winex11.so
[16:24:52]  [BOX64] Using native(wrapped) libXext.so.6
[16:24:52]  [BOX64] Using native(wrapped) libX11.so.6
[16:24:52]  [BOX64] Using native(wrapped) libxcb.so.1
[16:24:52]  [BOX64] Using native(wrapped) libXau.so.6
[16:24:52]  [BOX64] Using native(wrapped) libXdmcp.so.6
[16:24:52]  [[31mBOX64[0m] Error initializing native libXinerama.so.1 (last dlerror is libXinerama.so: cannot open shared object file: No such file or directory)
[16:24:52]  [BOX64] Error loading needed lib libXinerama.so.1
[16:24:52]  [BOX64] Warning: Cannot dlopen("libXinerama.so.1"/0x3f0405e8e1, 2)
[16:24:52]  [BOX64] Using native(wrapped) libXxf86vm.so.1
[16:24:52]  [BOX64] Using native(wrapped) libXrender.so.1
[16:24:52]  [BOX64] Using native(wrapped) libXrandr.so.2
[16:24:52]  [BOX64] Using native(wrapped) libXcomposite.so.1
[16:24:52]  [BOX64] Using native(wrapped) libXi.so.6
[16:24:52]  [BOX64] Using native(wrapped) libvulkan.so.1
[16:24:53]  [BOX64] Using native(wrapped) libXcursor.so.1
[16:24:53]  [BOX64] Using native(wrapped) libXfixes.so.3
[16:24:53]  Xlib:  extension "SHAPE" missing on display ":0".
[16:24:53]  Xlib:  extension "SHAPE" missing on display ":0".
[16:24:53]  Xlib:  extension "SHAPE" missing on display ":0".
[16:24:53]  Xlib:  extension "SHAPE" missing on display ":0".
[16:24:53]  Xlib:  extension "SHAPE" missing on display ":0".
[16:24:53]  Xlib:  extension "SHAPE" missing on display ":0".
[16:24:53]  Xlib:  extension "SHAPE" missing on display ":0".
[16:24:53]  Xlib:  extension "SHAPE" missing on display ":0".
[16:24:53]  Xlib:  extension "SHAPE" missing on display ":0".
[16:24:53]  Xlib:  extension "SHAPE" missing on display ":0".
[16:24:53]  Xlib:  extension "SHAPE" missing on display ":0".
[16:24:53]  [BOX64] Box64 arm64 v0.4.5 372739d with Dynarec built on Aug  4 2026 10:30:45
[16:24:53]  [BOX64] Dynarec for ARM64, with extension: ASIMD AES CRC32 PMULL ATOMICS SHA1 SHA2 USCAT FLAGM FLAGM2 FRINT
[16:24:53]  [BOX64] Running on Unknown CPU with 8 cores, pagesize: 4096
[16:24:53]  [BOX64] Will use hardware counter measured at 19.2 MHz emulating 2.4 GHz
[16:24:53]  [BOX64] Wine preloader detected, loading "/data/user/0/com.winlator/files/rootfs/opt/wine/lib/wine/x86_64-unix/wine" directly
[16:24:53]  [BOX64] Wine64 detected, WINEPRELOADRESERVE="140000000-140014000"
[16:24:53]  [BOX64] Didn't detect 48bits of address space, considering it's 39bits
[16:24:53]  [BOX64] WINE prereserve of 0x10000:0x8000 done
[16:24:53]  [BOX64] WINE prereserve of 0x110000:0x30000000 done
[16:24:53]  [BOX64] WINE prereserve of 0x7f000000:0x3000000 done
[16:24:53]  [BOX64] WINE prereserve of 0x140000000:0x140014000 done
[16:24:53]  [BOX64] Detected running wine with "winhandler.exe"
[16:24:53]  [BOX64] Counted 82 Env var
[16:24:53]  [BOX64] BOX64 trying to Preload /data/user/0/com.winlator/files/rootfs/usr/lib/libwinlator-xkb-core.so 
[16:24:53]  [BOX64] Library search path: 
[16:24:53]  [BOX64] Binary search path: ./:bin/:/data/user/0/com.winlator/files/rootfs/opt/wine/bin/:/data/user/0/com.winlator/files/rootfs/usr/local/bin/:/data/user/0/com.winlator/files/rootfs/usr/bin/
[16:24:53]  [BOX64] Looking for /data/user/0/com.winlator/files/rootfs/opt/wine/lib/wine/x86_64-unix/wine
[16:24:53]  [BOX64] BOX64ENV: Variables overridden:
[16:24:53]  	BOX64_DYNAREC_BIGBLOCK=2
[16:24:53]  	BOX64_DYNAREC_FASTNAN=1
[16:24:53]  	BOX64_DYNAREC_FASTROUND=0
[16:24:53]  	BOX64_DYNAREC_FORWARD=128
[16:24:53]  	BOX64_DYNAREC_MISSING=1
[16:24:53]  	BOX64_DYNAREC_NATIVEFLAGS=0
[16:24:53]  	BOX64_DYNAREC_SAFEFLAGS=2
[16:24:53]  	BOX64_DYNAREC_STRONGMEM=0
[16:24:53]  	BOX64_DYNAREC_WAIT=1
[16:24:53]  	BOX64_DYNAREC_WEAKBARRIER=2
[16:24:53]  	BOX64_DYNAREC_X87DOUBLE=1
[16:24:53]  	BOX64_LD_LIBRARY_PATH=/data/user/0/com.winlator/files/rootfs/lib/x86_64-linux-gnu
[16:24:53]  	BOX64_LOG=1
[16:24:53]  	BOX64_NOBANNER=0
[16:24:53]  	BOX64_RCFILE=/data/user/0/com.winlator/files/rootfs/etc/config.box64rc
[16:24:53]  	BOX64_UNITYPLAYER=1
[16:24:53]  	BOX64_DYNAREC=1
[16:24:53]  	BOX64_DYNAREC_CALLRET=0
[16:24:53]  [BOX64] argv[1]="C:\windows\winhandler.exe"
[16:24:53]  [BOX64] argv[2]="/dir"
[16:24:53]  [BOX64] argv[3]="E:\\Escape from Duckov"
[16:24:53]  [BOX64] argv[4]=""Duckov.exe""
[16:24:53]  [BOX64] argv[5]=""""
[16:24:53]  [BOX64] Rename process to "wine"
[16:24:53]  [BOX64] Using emulated /data/user/0/com.winlator/files/rootfs/usr/lib/libwinlator-xkb-core.so
[16:24:53]  [BOX64] Using native(wrapped) libdl.so.2
[16:24:53]  [BOX64] Using native(wrapped) libc.so.6
[16:24:53]  [BOX64] Using native(wrapped) ld-linux-x86-64.so.2
[16:24:53]  [BOX64] Using native(wrapped) libpthread.so.0
[16:24:53]  [BOX64] Using native(wrapped) libutil.so.1
[16:24:53]  [BOX64] Using native(wrapped) libresolv.so.2
[16:24:53]  [BOX64] Using native(wrapped) librt.so.1
[16:24:53]  [BOX64] Using native(wrapped) libbsd.so.0
[16:24:53]  [BOX64] Using emulated /data/user/0/com.winlator/files/rootfs/opt/wine/lib/wine/x86_64-unix/ntdll.so
[16:24:53]  [BOX64] Using emulated /data/user/0/com.winlator/files/rootfs/lib/x86_64-linux-gnu/libgcc_s.so.1
[16:24:53]  00c4:err:ole:start_rpcss Failed to start RpcSs service
[16:24:53]  [BOX64] Using emulated /data/user/0/com.winlator/files/rootfs/opt/wine/lib/wine/x86_64-unix/win32u.so
[16:24:53]  [BOX64] Using native(wrapped) libm.so.6
[16:24:53]  [BOX64] Using native(wrapped) libfreetype.so.6
[16:24:53]  [BOX64] Using emulated /data/user/0/com.winlator/files/rootfs/opt/wine/lib/wine/x86_64-unix/ws2_32.so
[16:24:53]  [BOX64] Box64 arm64 v0.4.5 372739d with Dynarec built on Aug  4 2026 10:30:45
[16:24:53]  [BOX64] Dynarec for ARM64, with extension: ASIMD AES CRC32 PMULL ATOMICS SHA1 SHA2 USCAT FLAGM FLAGM2 FRINT
[16:24:53]  [BOX64] Running on Unknown CPU with 8 cores, pagesize: 4096
[16:24:53]  [BOX64] Will use hardware counter measured at 19.2 MHz emulating 2.4 GHz
[16:24:53]  [BOX64] Wine preloader detected, loading "/data/user/0/com.winlator/files/rootfs/opt/wine/lib/wine/x86_64-unix/wine" directly
[16:24:53]  [BOX64] Wine64 detected, WINEPRELOADRESERVE="140000000-1400a8000"
[16:24:53]  [BOX64] Didn't detect 48bits of address space, considering it's 39bits
[16:24:53]  [BOX64] WINE prereserve of 0x10000:0x8000 done
[16:24:53]  [BOX64] WINE prereserve of 0x110000:0x30000000 done
[16:24:53]  [BOX64] WINE prereserve of 0x7f000000:0x3000000 done
[16:24:53]  [BOX64] WINE prereserve of 0x140000000:0x1400a8000 done
[16:24:53]  [BOX64] Detected running wine with "Duckov.exe"
[16:24:53]  [BOX64] Counted 82 Env var
[16:24:53]  [BOX64] BOX64 trying to Preload /data/user/0/com.winlator/files/rootfs/usr/lib/libwinlator-xkb-core.so 
[16:24:53]  [BOX64] Library search path: 
[16:24:53]  [BOX64] Binary search path: ./:bin/:/data/user/0/com.winlator/files/rootfs/opt/wine/bin/:/data/user/0/com.winlator/files/rootfs/usr/local/bin/:/data/user/0/com.winlator/files/rootfs/usr/bin/
[16:24:53]  [BOX64] Looking for /data/user/0/com.winlator/files/rootfs/opt/wine/lib/wine/x86_64-unix/wine
[16:24:53]  [BOX64] BOX64ENV: Variables overridden:
[16:24:53]  	BOX64_DYNAREC_BIGBLOCK=2
[16:24:53]  	BOX64_DYNAREC_FASTNAN=1
[16:24:53]  	BOX64_DYNAREC_FASTROUND=0
[16:24:53]  	BOX64_DYNAREC_FORWARD=128
[16:24:53]  	BOX64_DYNAREC_MISSING=1
[16:24:53]  	BOX64_DYNAREC_NATIVEFLAGS=0
[16:24:53]  	BOX64_DYNAREC_SAFEFLAGS=2
[16:24:53]  	BOX64_DYNAREC_STRONGMEM=0
[16:24:53]  	BOX64_DYNAREC_WAIT=1
[16:24:53]  	BOX64_DYNAREC_WEAKBARRIER=2
[16:24:53]  	BOX64_DYNAREC_X87DOUBLE=1
[16:24:53]  	BOX64_LD_LIBRARY_PATH=/data/user/0/com.winlator/files/rootfs/lib/x86_64-linux-gnu
[16:24:53]  	BOX64_LOG=1
[16:24:53]  	BOX64_NOBANNER=0
[16:24:53]  	BOX64_RCFILE=/data/user/0/com.winlator/files/rootfs/etc/config.box64rc
[16:24:53]  	BOX64_UNITYPLAYER=1
[16:24:53]  	BOX64_DYNAREC=1
[16:24:53]  	BOX64_DYNAREC_CALLRET=0
[16:24:53]  [BOX64] argv[1]="E:\Escape from Duckov\Duckov.exe"
[16:24:53]  [BOX64] argv[2]=""
[16:24:53]  [BOX64] Rename process to "wine"
[16:24:53]  [BOX64] Using emulated /data/user/0/com.winlator/files/rootfs/usr/lib/libwinlator-xkb-core.so
[16:24:53]  [BOX64] Using native(wrapped) libdl.so.2
[16:24:53]  [BOX64] Using native(wrapped) libc.so.6
[16:24:53]  [BOX64] Using native(wrapped) ld-linux-x86-64.so.2
[16:24:53]  [BOX64] Using native(wrapped) libpthread.so.0
[16:24:53]  [BOX64] Using native(wrapped) libutil.so.1
[16:24:53]  [BOX64] Using native(wrapped) libresolv.so.2
[16:24:53]  [BOX64] Using native(wrapped) librt.so.1
[16:24:53]  [BOX64] Using native(wrapped) libbsd.so.0
[16:24:53]  [BOX64] Using emulated /data/user/0/com.winlator/files/rootfs/opt/wine/lib/wine/x86_64-unix/ntdll.so
[16:24:53]  [BOX64] Using emulated /data/user/0/com.winlator/files/rootfs/lib/x86_64-linux-gnu/libgcc_s.so.1
[16:24:53]  [BOX64] Detected UnityPlayer.dll
[16:24:53]  [BOX64] BOX64ENV: Variables overridden:
[16:24:53]  	BOX64_DYNAREC_BIGBLOCK=2
[16:24:53]  	BOX64_DYNAREC_FASTNAN=1
[16:24:53]  	BOX64_DYNAREC_FASTROUND=0
[16:24:53]  	BOX64_DYNAREC_FORWARD=128
[16:24:53]  	BOX64_DYNAREC_MISSING=1
[16:24:53]  	BOX64_DYNAREC_NATIVEFLAGS=0
[16:24:53]  	BOX64_DYNAREC_SAFEFLAGS=2
[16:24:53]  	BOX64_DYNAREC_STRONGMEM=0
[16:24:53]  	BOX64_DYNAREC_WAIT=1
[16:24:53]  	BOX64_DYNAREC_WEAKBARRIER=2
[16:24:53]  	BOX64_DYNAREC_X87DOUBLE=1
[16:24:53]  	BOX64_LD_LIBRARY_PATH=/data/user/0/com.winlator/files/rootfs/lib/x86_64-linux-gnu
[16:24:53]  	BOX64_LOG=1
[16:24:53]  	BOX64_NOBANNER=0
[16:24:53]  	BOX64_RCFILE=/data/user/0/com.winlator/files/rootfs/etc/config.box64rc
[16:24:53]  	BOX64_UNITY=1
[16:24:53]  	BOX64_UNITYPLAYER=1
[16:24:53]  	BOX64_DYNAREC=1
[16:24:53]  	BOX64_DYNAREC_CALLRET=0
[16:24:53]  [BOX64] Using emulated /data/user/0/com.winlator/files/rootfs/opt/wine/lib/wine/x86_64-unix/win32u.so
[16:24:53]  [BOX64] Using native(wrapped) libm.so.6
[16:24:53]  [BOX64] Using native(wrapped) libfreetype.so.6
[16:24:53]  [BOX64] Using emulated /data/user/0/com.winlator/files/rootfs/opt/wine/lib/wine/x86_64-unix/opengl32.so
[16:24:53]  [BOX64] Using emulated /data/user/0/com.winlator/files/rootfs/opt/wine/lib/wine/x86_64-unix/ws2_32.so
[16:24:53]  [BOX64] Using emulated /data/user/0/com.winlator/files/rootfs/opt/wine/lib/wine/x86_64-unix/bcrypt.so
[16:24:53]  [BOX64] Using native(wrapped) libgnutls.so.30
[16:24:53]  [BOX64] Using emulated /data/user/0/com.winlator/files/rootfs/opt/wine/lib/wine/x86_64-unix/crypt32.so
[16:24:53]  [BOX64] Box64 arm64 v0.4.5 372739d with Dynarec built on Aug  4 2026 10:30:45
[16:24:53]  [BOX64] Dynarec for ARM64, with extension: ASIMD AES CRC32 PMULL ATOMICS SHA1 SHA2 USCAT FLAGM FLAGM2 FRINT
[16:24:53]  [BOX64] Running on Unknown CPU with 8 cores, pagesize: 4096
[16:24:53]  [BOX64] Will use hardware counter measured at 19.2 MHz emulating 2.4 GHz
[16:24:53]  [BOX64] Wine preloader detected, loading "/data/user/0/com.winlator/files/rootfs/opt/wine/lib/wine/x86_64-unix/wine" directly
[16:24:53]  [BOX64] Wine64 detected, WINEPRELOADRESERVE="140000000-140128000"
[16:24:53]  [BOX64] Didn't detect 48bits of address space, considering it's 39bits
[16:24:53]  [BOX64] WINE prereserve of 0x10000:0x8000 done
[16:24:53]  [BOX64] WINE prereserve of 0x110000:0x30000000 done
[16:24:53]  [BOX64] WINE prereserve of 0x7f000000:0x3000000 done
[16:24:53]  [BOX64] WINE prereserve of 0x140000000:0x140128000 done
[16:24:53]  [BOX64] Detected running wine with "UnityCrashHandler64.exe"
[16:24:53]  [BOX64] Counted 83 Env var
[16:24:53]  [BOX64] BOX64 trying to Preload /data/user/0/com.winlator/files/rootfs/usr/lib/libwinlator-xkb-core.so 
[16:24:53]  [BOX64] Library search path: 
[16:24:53]  [BOX64] Binary search path: ./:bin/:/data/user/0/com.winlator/files/rootfs/opt/wine/bin/:/data/user/0/com.winlator/files/rootfs/usr/local/bin/:/data/user/0/com.winlator/files/rootfs/usr/bin/
[16:24:53]  [BOX64] Looking for /data/user/0/com.winlator/files/rootfs/opt/wine/lib/wine/x86_64-unix/wine
[16:24:53]  [BOX64] BOX64ENV: Variables overridden:
[16:24:53]  	BOX64_DYNAREC_BIGBLOCK=2
[16:24:53]  	BOX64_DYNAREC_FASTNAN=1
[16:24:53]  	BOX64_DYNAREC_FASTROUND=0
[16:24:53]  	BOX64_DYNAREC_FORWARD=128
[16:24:53]  	BOX64_DYNAREC_MISSING=1
[16:24:53]  	BOX64_DYNAREC_NATIVEFLAGS=0
[16:24:53]  	BOX64_DYNAREC_SAFEFLAGS=2
[16:24:53]  	BOX64_DYNAREC_STRONGMEM=0
[16:24:53]  	BOX64_DYNAREC_WAIT=1
[16:24:53]  	BOX64_DYNAREC_WEAKBARRIER=2
[16:24:53]  	BOX64_DYNAREC_X87DOUBLE=1
[16:24:53]  	BOX64_LD_LIBRARY_PATH=/data/user/0/com.winlator/files/rootfs/lib/x86_64-linux-gnu
[16:24:53]  	BOX64_LOG=1
[16:24:53]  	BOX64_NOBANNER=0
[16:24:53]  	BOX64_RCFILE=/data/user/0/com.winlator/files/rootfs/etc/config.box64rc
[16:24:53]  	BOX64_UNITYPLAYER=1
[16:24:53]  	BOX64_DYNAREC=1
[16:24:53]  	BOX64_DYNAREC_CALLRET=0
[16:24:53]  [BOX64] argv[1]="E:\Escape from Duckov\UnityCrashHandler64.exe"
[16:24:53]  [BOX64] argv[2]="--attach"
[16:24:53]  [BOX64] argv[3]="228"
[16:24:53]  [BOX64] argv[4]="2159022080"
[16:24:53]  [BOX64] Rename process to "wine"
[16:24:53]  [BOX64] Using emulated /data/user/0/com.winlator/files/rootfs/usr/lib/libwinlator-xkb-core.so
[16:24:53]  [BOX64] Using native(wrapped) libdl.so.2
[16:24:53]  [BOX64] Using native(wrapped) libc.so.6
[16:24:53]  [BOX64] Using native(wrapped) ld-linux-x86-64.so.2
[16:24:53]  [BOX64] Using native(wrapped) libpthread.so.0
[16:24:53]  [BOX64] Using native(wrapped) libutil.so.1
[16:24:53]  [BOX64] Using native(wrapped) libresolv.so.2
[16:24:53]  [BOX64] Using native(wrapped) librt.so.1
[16:24:53]  [BOX64] Using native(wrapped) libbsd.so.0
[16:24:53]  [BOX64] Using emulated /data/user/0/com.winlator/files/rootfs/opt/wine/lib/wine/x86_64-unix/ntdll.so
[16:24:53]  [BOX64] Using emulated /data/user/0/com.winlator/files/rootfs/lib/x86_64-linux-gnu/libgcc_s.so.1
[16:24:53]  [BOX64] Using emulated /data/user/0/com.winlator/files/rootfs/opt/wine/lib/wine/x86_64-unix/winex11.so
[16:24:53]  [BOX64] Using native(wrapped) libXext.so.6
[16:24:53]  [BOX64] Using native(wrapped) libX11.so.6
[16:24:53]  [BOX64] Using native(wrapped) libxcb.so.1
[16:24:53]  [BOX64] Using native(wrapped) libXau.so.6
[16:24:53]  [BOX64] Using native(wrapped) libXdmcp.so.6
[16:24:53]  [[31mBOX64[0m] Error initializing native libXinerama.so.1 (last dlerror is libXinerama.so: cannot open shared object file: No such file or directory)
[16:24:53]  [BOX64] Error loading needed lib libXinerama.so.1
[16:24:53]  [BOX64] Warning: Cannot dlopen("libXinerama.so.1"/0x3f0805e8e1, 2)
[16:24:53]  [BOX64] Using native(wrapped) libXxf86vm.so.1
[16:24:53]  [BOX64] Using native(wrapped) libXrender.so.1
[16:24:53]  [BOX64] Using native(wrapped) libXrandr.so.2
[16:24:53]  [BOX64] Using native(wrapped) libXcomposite.so.1
[16:24:53]  [BOX64] Using native(wrapped) libXi.so.6
[16:24:53]  [BOX64] Using native(wrapped) libXcursor.so.1
[16:24:53]  [BOX64] Using native(wrapped) libXfixes.so.3
[16:24:54]  [BOX64] Using emulated /data/user/0/com.winlator/files/rootfs/opt/wine/lib/wine/x86_64-unix/win32u.so
[16:24:54]  [BOX64] Using native(wrapped) libm.so.6
[16:24:54]  [BOX64] Using native(wrapped) libfreetype.so.6
[16:24:54]  [BOX64] Using emulated /data/user/0/com.winlator/files/rootfs/opt/wine/lib/wine/x86_64-unix/ws2_32.so
[16:24:54]  [BOX64] Parsing volatile metadata of file mono-2.0-bdwgc.dll loaded at 0x27c040000
[16:24:54]  00e8:fixme:ntdll:NtQuerySystemInformation info_class SYSTEM_PERFORMANCE_INFORMATION
[16:24:54]  [BOX64] Using emulated /data/user/0/com.winlator/files/rootfs/opt/wine/lib/wine/x86_64-unix/dnsapi.so
[16:24:54]  Xlib:  extension "SHAPE" missing on display ":0".
[16:24:54]  Xlib:  extension "SHAPE" missing on display ":0".
[16:24:54]  [BOX64] Using emulated /data/user/0/com.winlator/files/rootfs/opt/wine/lib/wine/x86_64-unix/winevulkan.so
[16:24:54]  [BOX64] Using native(wrapped) libvulkan.so.1
[16:24:59]  00e8:fixme:win:GetPointerDevices (00000000800DF108 0000000000000000): partial stub
[16:24:59]  00e8:fixme:win:GetPointerDevices (00000000800DF108 0000000000000000): partial stub
[16:24:59]  00e8:fixme:combase:RoGetActivationFactory (L"Windows.Gaming.Input.Gamepad", {8bbce529-d49c-39e9-9560-e47dde96b7c8}, 0000000170F32F48): semi-stub
[16:24:59]  019c:err:service:device_notify_proc failed to open RPC handle, error 1722
[16:24:59]  00e8:fixme:combase:RoGetActivationFactory (L"Windows.Gaming.Input.RawGameController", {eb8d0792-e95a-4b19-afc7-0a59f8bf759e}, 0000000170F32F50): semi-stub
[16:24:59]  00e8:fixme:system:NtUserGetDisplayConfigBufferSizes only returning active paths
[16:24:59]  00e8:fixme:system:NtUserQueryDisplayConfig only returning active paths
[16:24:59]  00e8:fixme:system:NtUserQueryDisplayConfig setting toplogyid to DISPLAYCONFIG_TOPOLOGY_INTERNAL
[16:24:59]  Xlib:  extension "SHAPE" missing on display ":0".
[16:24:59]  00e8:fixme:dwmapi:DwmGetWindowAttribute attribute 1 not implemented.
[16:25:00]  Xlib:  extension "SHAPE" missing on display ":0".
[16:25:00]  00e8:fixme:win:RegisterTouchWindow hwnd 0000000000020084, flags 0 stub!
[16:25:03]  [BOX64] Parsing volatile metadata of file steam_api64.dll loaded at 0x27aba0000
[16:25:03]  0060:err:nsi:update_if_table if_nameindex failed, errno 13.
[16:25:03]  0060:err:nsi:update_if_table if_nameindex failed, errno 13.
[16:25:03]  01d0:fixme:kernelbase:AppPolicyGetThreadInitializationType FFFFFFFFFFFFFFFA, 000000026DB1FF50
[16:25:09]  00e8:fixme:ntdll:EtwEventSetInformation (deadbeef, 2, 000000027AA86110, 43) stub
[16:25:09]  00e8:fixme:file:NtLockFile I/O completion on lock not implemented yet
[16:25:10]  [BOX64] Parsing volatile metadata of file fmodstudio.dll loaded at 0x27a510000
[16:25:10]  [BOX64] Using emulated /data/user/0/com.winlator/files/rootfs/opt/wine/lib/wine/x86_64-unix/winealsa.so
[16:25:10]  [BOX64] Using native(wrapped) libasound.so.2
[16:25:10]  01e4:fixme:kernelbase:AppPolicyGetThreadInitializationType FFFFFFFFFFFFFFFA, 0000000270F6FF50
[16:26:05]  0060:err:nsi:update_if_table if_nameindex failed, errno 13.
[16:26:05]  0060:err:nsi:update_if_table if_nameindex failed, errno 13.
