[2026-08-11 17:57:34.SSS] STARTUP BEGIN
[2026-08-11 17:57:34.SSS] rootfs=/data/user/0/com.winlator/files/rootfs, version=23, container=8
[2026-08-11 17:57:34.SSS] graphics=turnip,zink, dxwrapper=wined3d, audio=alsa
[2026-08-11 17:57:34.SSS] BEGIN setup_wine_system_files
[2026-08-11 17:57:34.SSS] BEGIN setup_wine_system_files.verify_user_registry
[2026-08-11 17:57:34.SSS] END setup_wine_system_files.verify_user_registry
[2026-08-11 17:57:34.SSS] BEGIN setup_wine_system_files.extract_dxwrapper_files
[2026-08-11 17:57:34.SSS] END setup_wine_system_files.extract_dxwrapper_files
[2026-08-11 17:57:34.SSS] BEGIN setup_wine_system_files.create_start_menu
[2026-08-11 17:57:34.SSS] END setup_wine_system_files.create_start_menu
[2026-08-11 17:57:34.SSS] BEGIN setup_wine_system_files.create_dosdevices_symlinks
[2026-08-11 17:57:35.SSS] END setup_wine_system_files.create_dosdevices_symlinks
[2026-08-11 17:57:35.SSS] END setup_wine_system_files
[2026-08-11 17:57:35.SSS] BEGIN extract_graphics_driver_files
[2026-08-11 17:57:35.SSS] END extract_graphics_driver_files
[2026-08-11 17:57:35.SSS] BEGIN change_wine_audio_driver
[2026-08-11 17:57:35.SSS] END change_wine_audio_driver
[2026-08-11 17:57:35.SSS] BEGIN setup_x_environment
[2026-08-11 17:57:35.SSS] END setup_x_environment
[2026-08-11 17:57:35.SSS] STARTUP COMPLETE
