[2026-08-14 11:05:42.SSS] STARTUP BEGIN
[2026-08-14 11:05:42.SSS] rootfs=/data/user/0/com.winlator/files/rootfs, version=23, container=10
[2026-08-14 11:05:42.SSS] graphics=turnip,zink, dxwrapper=dxvk, audio=alsa
[2026-08-14 11:05:42.SSS] BEGIN setup_wine_system_files
[2026-08-14 11:05:42.SSS] BEGIN setup_wine_system_files.apply_general_patches
[2026-08-14 11:05:43.SSS] END setup_wine_system_files.apply_general_patches
[2026-08-14 11:05:43.SSS] BEGIN setup_wine_system_files.verify_user_registry
[2026-08-14 11:05:43.SSS] END setup_wine_system_files.verify_user_registry
[2026-08-14 11:05:43.SSS] BEGIN setup_wine_system_files.extract_dxwrapper_files
[2026-08-14 11:05:43.SSS] END setup_wine_system_files.extract_dxwrapper_files
[2026-08-14 11:05:43.SSS] BEGIN setup_wine_system_files.extract_wincomponent_files
[2026-08-14 11:05:45.SSS] END setup_wine_system_files.extract_wincomponent_files
[2026-08-14 11:05:45.SSS] BEGIN setup_wine_system_files.apply_desktop_theme
[2026-08-14 11:05:45.SSS] END setup_wine_system_files.apply_desktop_theme
[2026-08-14 11:05:45.SSS] BEGIN setup_wine_system_files.create_start_menu
[2026-08-14 11:05:45.SSS] END setup_wine_system_files.create_start_menu
[2026-08-14 11:05:45.SSS] BEGIN setup_wine_system_files.create_dosdevices_symlinks
[2026-08-14 11:05:45.SSS] END setup_wine_system_files.create_dosdevices_symlinks
[2026-08-14 11:05:45.SSS] BEGIN setup_wine_system_files.change_services_status
[2026-08-14 11:05:46.SSS] END setup_wine_system_files.change_services_status
[2026-08-14 11:05:46.SSS] BEGIN setup_wine_system_files.change_browser_registry
[2026-08-14 11:05:46.SSS] END setup_wine_system_files.change_browser_registry
[2026-08-14 11:05:46.SSS] END setup_wine_system_files
[2026-08-14 11:05:46.SSS] BEGIN extract_graphics_driver_files
[2026-08-14 11:05:46.SSS] END extract_graphics_driver_files
[2026-08-14 11:05:46.SSS] BEGIN change_wine_audio_driver
[2026-08-14 11:05:46.SSS] END change_wine_audio_driver
[2026-08-14 11:05:46.SSS] BEGIN setup_x_environment
[2026-08-14 11:05:46.SSS] END setup_x_environment
[2026-08-14 11:05:46.SSS] STARTUP COMPLETE
