-- Found Python3: /usr/bin/python3.10 (found version "3.10.12") found components: Interpreter 
-- The C compiler identification is GNU 11.4.0
-- The ASM compiler identification is GNU
-- Found assembler: /usr/bin/aarch64-linux-gnu-gcc
-- Detecting C compiler ABI info
-- Detecting C compiler ABI info - done
-- Check for working C compiler: /usr/bin/aarch64-linux-gnu-gcc - skipped
-- Detecting C compile features
-- Detecting C compile features - done
-- Performing Test HAS_FUSE_LD_GOLD
-- Performing Test HAS_FUSE_LD_GOLD - Success
-- Configuring done
-- Generating done
-- Build files have been written to: /root/box64_src/build_glibc
[  0%] Building C object CMakeFiles/interpreter.dir/src/emu/x64run.c.o
[  1%] Building C object CMakeFiles/interpreter.dir/src/emu/x64run0f.c.o
[  1%] Building C object CMakeFiles/interpreter.dir/src/emu/x64run66f20f.c.o
[  1%] Building C object CMakeFiles/interpreter.dir/src/emu/x64run660f.c.o
Scanning dependencies of target dynarec_native
[  1%] Building C object CMakeFiles/test_interpreter.dir/src/emu/x64run0f.c.o
[  1%] Building C object CMakeFiles/test_interpreter.dir/src/emu/x64run.c.o
[  1%] Building C object CMakeFiles/interpreter.dir/src/emu/x64run66f30f.c.o
[  1%] Building C object CMakeFiles/dynarec_native.dir/src/dynarec/dynablock.c.o
[  1%] Building C object CMakeFiles/interpreter.dir/src/emu/x64run66.c.o
[  1%] Generating ../src/wrapped/generated/functions_list.txt
[  1%] Built target generate_dynacache_hashes
[  2%] Building C object CMakeFiles/interpreter.dir/src/emu/x64run66d9.c.o
[  2%] Generating ../src/wrapped/generated/functions_list.txt
[  2%] Building C object CMakeFiles/interpreter.dir/src/emu/x64run66dd.c.o
[  2%] Building C object CMakeFiles/interpreter.dir/src/emu/x64run66f0.c.o
[  3%] Building C object CMakeFiles/test_interpreter.dir/src/emu/x64run660f.c.o
[  2%] Building C object CMakeFiles/test_interpreter.dir/src/emu/x64run66.c.o
[  3%] Building C object CMakeFiles/dynarec_native.dir/src/dynarec/dynarec_native.c.o
[  3%] Building C object CMakeFiles/interpreter.dir/src/emu/x64rund8.c.o
Detected same build as last run, skipping
[  3%] Built target WRAPPERS
[  3%] Building C object CMakeFiles/test_interpreter.dir/src/emu/x64run66f20f.c.o
[  3%] Building C object CMakeFiles/interpreter.dir/src/emu/x64rund9.c.o
[  4%] Building C object CMakeFiles/dynarec_native.dir/src/dynarec/dynarec_native_functions.c.o
Detected same build as last run, skipping
[  4%] Building C object CMakeFiles/dynarec_native.dir/src/dynarec/dynacache_reloc.c.o
[  4%] Built target functions_list
[  4%] Building C object CMakeFiles/test_interpreter.dir/src/emu/x64run66f30f.c.o
[  4%] Building C object CMakeFiles/native_pass0.dir/src/dynarec/arm64/dynarec_arm64_helper.c.o
[  4%] Building C object CMakeFiles/interpreter.dir/src/emu/x64runda.c.o
[  4%] Building C object CMakeFiles/native_pass1.dir/src/dynarec/arm64/dynarec_arm64_helper.c.o
[  4%] Building C object CMakeFiles/test_interpreter.dir/src/emu/x64run66d9.c.o
[  4%] Building C object CMakeFiles/test_interpreter.dir/src/emu/x64run66dd.c.o
[  5%] Building C object CMakeFiles/test_interpreter.dir/src/emu/x64run66f0.c.o
[  5%] Building C object CMakeFiles/native_pass0.dir/src/dynarec/arm64/dynarec_arm64_emit_tests.c.o
[  5%] Building C object CMakeFiles/test_interpreter.dir/src/emu/x64rund8.c.o
[  6%] Building C object CMakeFiles/native_pass1.dir/src/dynarec/arm64/dynarec_arm64_emit_tests.c.o
[  7%] Building C object CMakeFiles/interpreter.dir/src/emu/x64rundb.c.o
[  8%] Building C object CMakeFiles/native_pass0.dir/src/dynarec/arm64/dynarec_arm64_emit_math.c.o
[  8%] Building C object CMakeFiles/native_pass1.dir/src/dynarec/arm64/dynarec_arm64_emit_math.c.o
[  8%] Building C object CMakeFiles/dynarec_native.dir/src/dynarec/dynacache_compress.c.o
[  8%] Building C object CMakeFiles/native_pass2.dir/src/dynarec/arm64/dynarec_arm64_helper.c.o
[  8%] Building C object CMakeFiles/dynarec_native.dir/src/emu/x64test.c.o
[  8%] Building C object CMakeFiles/native_pass1.dir/src/dynarec/arm64/dynarec_arm64_emit_logic.c.o
[  8%] Building C object CMakeFiles/interpreter.dir/src/emu/x64rundc.c.o
[  8%] Building C object CMakeFiles/native_pass0.dir/src/dynarec/arm64/dynarec_arm64_emit_logic.c.o
[  8%] Building C object CMakeFiles/interpreter.dir/src/emu/x64rundd.c.o
[  8%] Building C object CMakeFiles/native_pass3.dir/src/dynarec/arm64/dynarec_arm64_helper.c.o
[  8%] Building C object CMakeFiles/test_interpreter.dir/src/emu/x64rund9.c.o
[  8%] Building C object CMakeFiles/native_pass1.dir/src/dynarec/arm64/dynarec_arm64_emit_shift.c.o
[  8%] Building C object CMakeFiles/native_pass0.dir/src/dynarec/arm64/dynarec_arm64_emit_shift.c.o
[  8%] Building C object CMakeFiles/native_pass2.dir/src/dynarec/arm64/dynarec_arm64_emit_tests.c.o
[  8%] Building C object CMakeFiles/dynarec_native.dir/src/dynarec/arm64/dynarec_arm64_functions.c.o
[  8%] Generating ../src/git_head.h
[  8%] Built target generate_git_head_target
[  8%] Building C object CMakeFiles/native_pass3.dir/src/dynarec/arm64/dynarec_arm64_emit_tests.c.o
[  8%] Building C object CMakeFiles/native_pass2.dir/src/dynarec/arm64/dynarec_arm64_emit_math.c.o
[  8%] Building C object CMakeFiles/native_pass0.dir/src/dynarec/arm64/dynarec_arm64_00.c.o
[  8%] Building C object CMakeFiles/native_pass2.dir/src/dynarec/arm64/dynarec_arm64_emit_logic.c.o
[  8%] Building C object CMakeFiles/native_pass1.dir/src/dynarec/arm64/dynarec_arm64_00.c.o
[  8%] Building C object CMakeFiles/test_interpreter.dir/src/emu/x64runda.c.o
[  8%] Building C object CMakeFiles/native_pass2.dir/src/dynarec/arm64/dynarec_arm64_emit_shift.c.o
[  8%] Building C object CMakeFiles/interpreter.dir/src/emu/x64runde.c.o
[  8%] Building C object CMakeFiles/native_pass0.dir/src/dynarec/arm64/dynarec_arm64_0f.c.o
[  8%] Building C object CMakeFiles/mainobj.dir/src/os/backtrace.c.o
[  8%] Building C object CMakeFiles/native_pass3.dir/src/dynarec/arm64/dynarec_arm64_emit_math.c.o
[  9%] Building C object CMakeFiles/native_pass2.dir/src/dynarec/arm64/dynarec_arm64_00.c.o
[  9%] Building C object CMakeFiles/mainobj.dir/src/os/emit_signals_linux.c.o
[  9%] Building C object CMakeFiles/native_pass2.dir/src/dynarec/arm64/dynarec_arm64_0f.c.o
[  9%] Building C object CMakeFiles/dynarec_native.dir/src/dynarec/arm64/dynarec_arm64_arch.c.o
[ 10%] Building C object CMakeFiles/native_pass1.dir/src/dynarec/arm64/dynarec_arm64_0f.c.o
[ 10%] Building C object CMakeFiles/mainobj.dir/src/os/hostext_common.c.o
[ 11%] Building C object CMakeFiles/mainobj.dir/src/os/hostext_linux.c.o
[ 11%] Building C object CMakeFiles/mainobj.dir/src/os/freq_linux.c.o
[ 12%] Building C object CMakeFiles/dynarec_native.dir/src/dynarec/arm64/arm64_immenc.c.o
[ 12%] Building C object CMakeFiles/native_pass1.dir/src/dynarec/arm64/dynarec_arm64_66.c.o
[ 12%] Building C object CMakeFiles/dynarec_native.dir/src/dynarec/arm64/arm64_printer.c.o
[ 12%] Building C object CMakeFiles/mainobj.dir/src/os/os_linux.c.o
[ 12%] Building C object CMakeFiles/native_pass1.dir/src/dynarec/arm64/dynarec_arm64_d8.c.o
[ 12%] Building C object CMakeFiles/native_pass1.dir/src/dynarec/arm64/dynarec_arm64_d9.c.o
[ 12%] Building C object CMakeFiles/dynarec_native.dir/src/dynarec/arm64/dynarec_arm64_jmpnext.c.o
[ 12%] Building C object CMakeFiles/interpreter.dir/src/emu/x64rundf.c.o
[ 12%] Building C object CMakeFiles/native_pass1.dir/src/dynarec/arm64/dynarec_arm64_da.c.o
[ 12%] Building C object CMakeFiles/test_interpreter.dir/src/emu/x64rundb.c.o
[ 12%] Building C object CMakeFiles/native_pass1.dir/src/dynarec/arm64/dynarec_arm64_db.c.o
[ 12%] Building C object CMakeFiles/native_pass3.dir/src/dynarec/arm64/dynarec_arm64_emit_logic.c.o
[ 13%] Building C object CMakeFiles/native_pass1.dir/src/dynarec/arm64/dynarec_arm64_dc.c.o
[ 13%] Building C object CMakeFiles/native_pass1.dir/src/dynarec/arm64/dynarec_arm64_dd.c.o
[ 13%] Building C object CMakeFiles/native_pass2.dir/src/dynarec/arm64/dynarec_arm64_66.c.o
[ 13%] Building C object CMakeFiles/mainobj.dir/src/os/perfmap.c.o
[ 13%] Building C object CMakeFiles/native_pass0.dir/src/dynarec/arm64/dynarec_arm64_66.c.o
[ 13%] Building C object CMakeFiles/mainobj.dir/src/os/symbolfuncs_linux.c.o
[ 13%] Building C object CMakeFiles/test_interpreter.dir/src/emu/x64rundc.c.o
[ 13%] Building C object CMakeFiles/native_pass1.dir/src/dynarec/arm64/dynarec_arm64_de.c.o
[ 13%] Building C object CMakeFiles/native_pass1.dir/src/dynarec/arm64/dynarec_arm64_df.c.o
[ 13%] Building C object CMakeFiles/mainobj.dir/src/os/random_linux.c.o
[ 13%] Building C object CMakeFiles/native_pass1.dir/src/dynarec/arm64/dynarec_arm64_f0.c.o
[ 13%] Building C object CMakeFiles/native_pass1.dir/src/dynarec/arm64/dynarec_arm64_660f.c.o
[ 14%] Building C object CMakeFiles/mainobj.dir/src/os/my_cpuid.c.o
[ 15%] Building C object CMakeFiles/native_pass1.dir/src/dynarec/arm64/dynarec_arm64_66f20f.c.o
[ 15%] Building C object CMakeFiles/native_pass1.dir/src/dynarec/arm64/dynarec_arm64_66f30f.c.o
[ 15%] Building C object CMakeFiles/dynarec_native.dir/src/dynarec/arm64/dynarec_arm64_consts.c.o
[ 15%] Building C object CMakeFiles/interpreter.dir/src/emu/x64runf0.c.o
[ 16%] Building C object CMakeFiles/test_interpreter.dir/src/emu/x64rundd.c.o
[ 16%] Building C object CMakeFiles/test_interpreter.dir/src/emu/x64runde.c.o
[ 16%] Building C object CMakeFiles/native_pass2.dir/src/dynarec/arm64/dynarec_arm64_d8.c.o
[ 17%] Building C object CMakeFiles/native_pass3.dir/src/dynarec/arm64/dynarec_arm64_emit_shift.c.o
[ 17%] Building C object CMakeFiles/native_pass2.dir/src/dynarec/arm64/dynarec_arm64_d9.c.o
[ 17%] Building C object CMakeFiles/native_pass1.dir/src/dynarec/arm64/dynarec_arm64_66f0.c.o
[ 17%] Building C object CMakeFiles/mainobj.dir/src/os/sysinfo.c.o
[ 17%] Building C object CMakeFiles/native_pass1.dir/src/dynarec/arm64/dynarec_arm64_f20f.c.o
[ 18%] Building C object CMakeFiles/native_pass0.dir/src/dynarec/arm64/dynarec_arm64_d8.c.o
[ 18%] Building C object CMakeFiles/mainobj.dir/src/main.c.o
[ 18%] Building C object CMakeFiles/dynarec_native.dir/src/dynarec/arm64/updateflags_arm64.c.o
[ 19%] Building C object CMakeFiles/interpreter.dir/src/emu/x64runf20f.c.o
[ 19%] Building C object CMakeFiles/test_interpreter.dir/src/emu/x64rundf.c.o
[ 19%] Building C object CMakeFiles/test_interpreter.dir/src/emu/x64runf0.c.o
[ 19%] Building C object CMakeFiles/interpreter.dir/src/emu/x64runf30f.c.o
[ 19%] Building C object CMakeFiles/native_pass1.dir/src/dynarec/arm64/dynarec_arm64_f30f.c.o
[ 19%] Building C object CMakeFiles/interpreter.dir/src/emu/x64runavx.c.o
[ 19%] Building C object CMakeFiles/interpreter.dir/src/emu/x64runavx0f.c.o
[ 19%] Building C object CMakeFiles/native_pass1.dir/src/dynarec/arm64/dynarec_arm64_avx.c.o
[ 20%] Building C object CMakeFiles/native_pass1.dir/src/dynarec/arm64/dynarec_arm64_avx_0f.c.o
[ 20%] Building C object CMakeFiles/mainobj.dir/src/test.c.o
[ 20%] Building C object CMakeFiles/interpreter.dir/src/emu/x64runavx0f38.c.o
[ 20%] Building C object CMakeFiles/interpreter.dir/src/emu/x64runavx660f.c.o
[ 20%] Building C object CMakeFiles/native_pass1.dir/src/dynarec/arm64/dynarec_arm64_avx_0f38.c.o
[ 20%] Building C object CMakeFiles/native_pass1.dir/src/dynarec/arm64/dynarec_arm64_avx_66_0f.c.o
[ 20%] Building C object CMakeFiles/native_pass2.dir/src/dynarec/arm64/dynarec_arm64_da.c.o
[ 20%] Building C object CMakeFiles/native_pass3.dir/src/dynarec/arm64/dynarec_arm64_00.c.o
[ 20%] Building C object CMakeFiles/native_pass0.dir/src/dynarec/arm64/dynarec_arm64_d9.c.o
[ 21%] Building C object CMakeFiles/interpreter.dir/src/emu/x64runavxf20f.c.o
[ 21%] Building ASM object CMakeFiles/dynarec_native.dir/src/dynarec/arm64/arm64_prolog.S.o
[ 21%] Building C object CMakeFiles/mainobj.dir/src/core.c.o
[ 21%] Building C object CMakeFiles/interpreter.dir/src/emu/x64runavxf30f.c.o
[ 21%] Building C object CMakeFiles/native_pass1.dir/src/dynarec/arm64/dynarec_arm64_avx_f2_0f.c.o
[ 21%] Building C object CMakeFiles/interpreter.dir/src/emu/x64runavx660f38.c.o
[ 21%] Building C object CMakeFiles/native_pass1.dir/src/dynarec/arm64/dynarec_arm64_avx_f3_0f.c.o
[ 21%] Building C object CMakeFiles/test_interpreter.dir/src/emu/x64runf20f.c.o
[ 22%] Building C object CMakeFiles/native_pass1.dir/src/dynarec/arm64/dynarec_arm64_avx_66_0f38.c.o
[ 22%] Building C object CMakeFiles/native_pass3.dir/src/dynarec/arm64/dynarec_arm64_0f.c.o
[ 22%] Building C object CMakeFiles/test_interpreter.dir/src/emu/x64runf30f.c.o
[ 22%] Building C object CMakeFiles/interpreter.dir/src/emu/x64runavx660f3a.c.o
[ 22%] Building C object CMakeFiles/native_pass1.dir/src/dynarec/arm64/dynarec_arm64_avx_66_0f3a.c.o
[ 22%] Building C object CMakeFiles/interpreter.dir/src/emu/x64runavxf20f38.c.o
[ 22%] Building C object CMakeFiles/interpreter.dir/src/emu/x64runavxf30f38.c.o
[ 23%] Building C object CMakeFiles/interpreter.dir/src/emu/x64runavxf20f3a.c.o
[ 23%] Building C object CMakeFiles/interpreter.dir/src/emu/x64runavxf30f3a.c.o
[ 23%] Built target interpreter
[ 24%] Building C object CMakeFiles/test_interpreter.dir/src/emu/x64runavx.c.o
[ 24%] Building C object CMakeFiles/native_pass1.dir/src/dynarec/arm64/dynarec_arm64_avx_f2_0f38.c.o
[ 25%] Building C object CMakeFiles/native_pass2.dir/src/dynarec/arm64/dynarec_arm64_db.c.o
[ 26%] Building C object CMakeFiles/mainobj.dir/src/build_info.c.o
[ 26%] Building C object CMakeFiles/native_pass0.dir/src/dynarec/arm64/dynarec_arm64_da.c.o
[ 26%] Building C object CMakeFiles/mainobj.dir/src/box64context.c.o
[ 26%] Building C object CMakeFiles/mainobj.dir/src/custommem.c.o
[ 26%] Building C object CMakeFiles/test_interpreter.dir/src/emu/x64runavx0f.c.o
[ 26%] Building C object CMakeFiles/native_pass1.dir/src/dynarec/arm64/dynarec_arm64_avx_f2_0f3a.c.o
[ 26%] Building C object CMakeFiles/native_pass1.dir/src/dynarec/arm64/dynarec_arm64_avx_f3_0f38.c.o
[ 26%] Building C object CMakeFiles/native_pass1.dir/src/dynarec/arm64/updateflags_arm64_pass.c.o
[ 27%] Building C object CMakeFiles/native_pass1.dir/src/dynarec/dynarec_native_pass.c.o
[ 27%] Building C object CMakeFiles/test_interpreter.dir/src/emu/x64runavx0f38.c.o
[ 27%] Building C object CMakeFiles/test_interpreter.dir/src/emu/x64runavx660f.c.o
[ 27%] Built target native_pass1
[ 28%] Building ASM object CMakeFiles/dynarec_native.dir/src/dynarec/arm64/arm64_epilog.S.o
[ 28%] Building C object CMakeFiles/native_pass3.dir/src/dynarec/arm64/dynarec_arm64_66.c.o
[ 28%] Building C object CMakeFiles/native_pass2.dir/src/dynarec/arm64/dynarec_arm64_dc.c.o
[ 28%] Building C object CMakeFiles/native_pass0.dir/src/dynarec/arm64/dynarec_arm64_db.c.o
[ 28%] Building C object CMakeFiles/test_interpreter.dir/src/emu/x64runavxf20f.c.o
[ 28%] Building C object CMakeFiles/native_pass0.dir/src/dynarec/arm64/dynarec_arm64_dc.c.o
[ 28%] Building C object CMakeFiles/test_interpreter.dir/src/emu/x64runavxf30f.c.o
[ 28%] Building C object CMakeFiles/native_pass3.dir/src/dynarec/arm64/dynarec_arm64_d8.c.o
[ 29%] Building C object CMakeFiles/test_interpreter.dir/src/emu/x64runavx660f38.c.o
[ 29%] Building C object CMakeFiles/mainobj.dir/src/custommmap.c.o
[ 29%] Building C object CMakeFiles/mainobj.dir/src/dynarec/dynarec.c.o
[ 29%] Building ASM object CMakeFiles/dynarec_native.dir/src/dynarec/arm64/arm64_next.S.o
[ 29%] Building C object CMakeFiles/native_pass2.dir/src/dynarec/arm64/dynarec_arm64_dd.c.o
[ 29%] Building C object CMakeFiles/mainobj.dir/src/elfs/elfloader.c.o
[ 30%] Building C object CMakeFiles/native_pass0.dir/src/dynarec/arm64/dynarec_arm64_dd.c.o
[ 30%] Building C object CMakeFiles/test_interpreter.dir/src/emu/x64runavx660f3a.c.o
[ 30%] Building C object CMakeFiles/native_pass3.dir/src/dynarec/arm64/dynarec_arm64_d9.c.o
[ 30%] Building ASM object CMakeFiles/dynarec_native.dir/src/dynarec/arm64/arm64_lock.S.o
[ 30%] Building C object CMakeFiles/test_interpreter.dir/src/emu/x64runavxf20f38.c.o
[ 30%] Building C object CMakeFiles/test_interpreter.dir/src/emu/x64runavxf30f38.c.o
[ 30%] Building C object CMakeFiles/mainobj.dir/src/elfs/elfhacks.c.o
[ 30%] Built target dynarec_native
[ 30%] Building C object CMakeFiles/native_pass0.dir/src/dynarec/arm64/dynarec_arm64_de.c.o
[ 30%] Building C object CMakeFiles/test_interpreter.dir/src/emu/x64runavxf20f3a.c.o
[ 31%] Building C object CMakeFiles/test_interpreter.dir/src/emu/x64runavxf30f3a.c.o
[ 31%] Building C object CMakeFiles/native_pass2.dir/src/dynarec/arm64/dynarec_arm64_de.c.o
[ 32%] Building C object CMakeFiles/native_pass3.dir/src/dynarec/arm64/dynarec_arm64_da.c.o
[ 33%] Building C object CMakeFiles/mainobj.dir/src/elfs/elfparser.c.o
[ 33%] Building C object CMakeFiles/native_pass3.dir/src/dynarec/arm64/dynarec_arm64_db.c.o
[ 33%] Building C object CMakeFiles/native_pass0.dir/src/dynarec/arm64/dynarec_arm64_df.c.o
[ 33%] Building C object CMakeFiles/native_pass3.dir/src/dynarec/arm64/dynarec_arm64_dc.c.o
[ 33%] Building C object CMakeFiles/native_pass2.dir/src/dynarec/arm64/dynarec_arm64_df.c.o
[ 33%] Building C object CMakeFiles/mainobj.dir/src/elfs/elfhash.c.o
[ 33%] Building C object CMakeFiles/native_pass2.dir/src/dynarec/arm64/dynarec_arm64_f0.c.o
[ 33%] Building C object CMakeFiles/native_pass0.dir/src/dynarec/arm64/dynarec_arm64_f0.c.o
[ 34%] Building C object CMakeFiles/native_pass2.dir/src/dynarec/arm64/dynarec_arm64_660f.c.o
[ 34%] Built target test_interpreter
[ 34%] Building C object CMakeFiles/native_pass0.dir/src/dynarec/arm64/dynarec_arm64_660f.c.o
[ 34%] Building C object CMakeFiles/native_pass2.dir/src/dynarec/arm64/dynarec_arm64_66f20f.c.o
[ 34%] Building C object CMakeFiles/mainobj.dir/src/elfs/elfload_dump.c.o
[ 34%] Building C object CMakeFiles/native_pass2.dir/src/dynarec/arm64/dynarec_arm64_66f30f.c.o
[ 34%] Building C object CMakeFiles/native_pass3.dir/src/dynarec/arm64/dynarec_arm64_dd.c.o
[ 34%] Building C object CMakeFiles/native_pass0.dir/src/dynarec/arm64/dynarec_arm64_66f20f.c.o
[ 34%] Building C object CMakeFiles/native_pass2.dir/src/dynarec/arm64/dynarec_arm64_66f0.c.o
[ 34%] Building C object CMakeFiles/mainobj.dir/src/elfs/elfdwarf_private.c.o
[ 35%] Building C object CMakeFiles/native_pass0.dir/src/dynarec/arm64/dynarec_arm64_66f30f.c.o
[ 35%] Building C object CMakeFiles/mainobj.dir/src/emu/entrypoint.c.o
[ 35%] Building C object CMakeFiles/native_pass3.dir/src/dynarec/arm64/dynarec_arm64_de.c.o
[ 35%] Building C object CMakeFiles/mainobj.dir/src/emu/x64compstrings.c.o
[ 35%] Building C object CMakeFiles/native_pass2.dir/src/dynarec/arm64/dynarec_arm64_f20f.c.o
[ 36%] Building C object CMakeFiles/native_pass3.dir/src/dynarec/arm64/dynarec_arm64_df.c.o
[ 37%] Building C object CMakeFiles/mainobj.dir/src/emu/x64emu.c.o
[ 37%] Building C object CMakeFiles/native_pass3.dir/src/dynarec/arm64/dynarec_arm64_f0.c.o
[ 37%] Building C object CMakeFiles/native_pass3.dir/src/dynarec/arm64/dynarec_arm64_660f.c.o
[ 37%] Building C object CMakeFiles/native_pass3.dir/src/dynarec/arm64/dynarec_arm64_66f20f.c.o
[ 37%] Building C object CMakeFiles/native_pass3.dir/src/dynarec/arm64/dynarec_arm64_66f30f.c.o
[ 37%] Building C object CMakeFiles/native_pass3.dir/src/dynarec/arm64/dynarec_arm64_66f0.c.o
[ 38%] Building C object CMakeFiles/native_pass3.dir/src/dynarec/arm64/dynarec_arm64_f20f.c.o
[ 38%] Building C object CMakeFiles/native_pass0.dir/src/dynarec/arm64/dynarec_arm64_66f0.c.o
[ 38%] Building C object CMakeFiles/mainobj.dir/src/emu/x64printer.c.o
[ 38%] Building C object CMakeFiles/native_pass3.dir/src/dynarec/arm64/dynarec_arm64_f30f.c.o
[ 38%] Building C object CMakeFiles/mainobj.dir/src/emu/x64int3.c.o
[ 38%] Building C object CMakeFiles/native_pass0.dir/src/dynarec/arm64/dynarec_arm64_f20f.c.o
[ 38%] Building C object CMakeFiles/mainobj.dir/src/emu/x87emu_private.c.o
[ 38%] Building C object CMakeFiles/native_pass0.dir/src/dynarec/arm64/dynarec_arm64_f30f.c.o
[ 39%] Building C object CMakeFiles/native_pass2.dir/src/dynarec/arm64/dynarec_arm64_f30f.c.o
[ 39%] Building C object CMakeFiles/mainobj.dir/src/emu/x64primop.c.o
[ 39%] Building C object CMakeFiles/native_pass2.dir/src/dynarec/arm64/dynarec_arm64_avx.c.o
[ 39%] Building C object CMakeFiles/native_pass0.dir/src/dynarec/arm64/dynarec_arm64_avx.c.o
[ 39%] Building C object CMakeFiles/native_pass3.dir/src/dynarec/arm64/dynarec_arm64_avx.c.o
[ 40%] Building C object CMakeFiles/mainobj.dir/src/emu/x64run_private.c.o
[ 40%] Building C object CMakeFiles/native_pass2.dir/src/dynarec/arm64/dynarec_arm64_avx_0f.c.o
[ 40%] Building C object CMakeFiles/native_pass0.dir/src/dynarec/arm64/dynarec_arm64_avx_0f.c.o
[ 40%] Building C object CMakeFiles/native_pass3.dir/src/dynarec/arm64/dynarec_arm64_avx_0f.c.o
[ 40%] Building C object CMakeFiles/mainobj.dir/src/emu/x64shaext.c.o
[ 40%] Building C object CMakeFiles/mainobj.dir/src/emu/x64syscall.c.o
[ 40%] Building C object CMakeFiles/native_pass3.dir/src/dynarec/arm64/dynarec_arm64_avx_0f38.c.o
[ 40%] Building C object CMakeFiles/native_pass2.dir/src/dynarec/arm64/dynarec_arm64_avx_0f38.c.o
[ 40%] Building C object CMakeFiles/mainobj.dir/src/emu/x64tls.c.o
[ 41%] Building C object CMakeFiles/native_pass0.dir/src/dynarec/arm64/dynarec_arm64_avx_0f38.c.o
[ 41%] Building C object CMakeFiles/native_pass3.dir/src/dynarec/arm64/dynarec_arm64_avx_66_0f.c.o
[ 41%] Building C object CMakeFiles/mainobj.dir/src/emu/x64trace.c.o
[ 41%] Building C object CMakeFiles/native_pass2.dir/src/dynarec/arm64/dynarec_arm64_avx_66_0f.c.o
[ 41%] Building C object CMakeFiles/mainobj.dir/src/librarian/librarian.c.o
[ 41%] Building C object CMakeFiles/native_pass2.dir/src/dynarec/arm64/dynarec_arm64_avx_f2_0f.c.o
[ 42%] Building C object CMakeFiles/native_pass2.dir/src/dynarec/arm64/dynarec_arm64_avx_f3_0f.c.o
[ 42%] Building C object CMakeFiles/native_pass2.dir/src/dynarec/arm64/dynarec_arm64_avx_66_0f38.c.o
[ 43%] Building C object CMakeFiles/native_pass3.dir/src/dynarec/arm64/dynarec_arm64_avx_f2_0f.c.o
[ 44%] Building C object CMakeFiles/mainobj.dir/src/librarian/library.c.o
[ 44%] Building C object CMakeFiles/native_pass0.dir/src/dynarec/arm64/dynarec_arm64_avx_66_0f.c.o
[ 44%] Building C object CMakeFiles/native_pass2.dir/src/dynarec/arm64/dynarec_arm64_avx_66_0f3a.c.o
[ 44%] Building C object CMakeFiles/native_pass2.dir/src/dynarec/arm64/dynarec_arm64_avx_f2_0f38.c.o
[ 44%] Building C object CMakeFiles/mainobj.dir/src/librarian/dictionnary.c.o
[ 44%] Building C object CMakeFiles/native_pass0.dir/src/dynarec/arm64/dynarec_arm64_avx_f2_0f.c.o
[ 44%] Building C object CMakeFiles/mainobj.dir/src/librarian/symbols.c.o
[ 44%] Building C object CMakeFiles/native_pass3.dir/src/dynarec/arm64/dynarec_arm64_avx_f3_0f.c.o
[ 44%] Building C object CMakeFiles/native_pass2.dir/src/dynarec/arm64/dynarec_arm64_avx_f2_0f3a.c.o
[ 44%] Building C object CMakeFiles/mainobj.dir/src/libtools/auxval.c.o
[ 44%] Building C object CMakeFiles/native_pass3.dir/src/dynarec/arm64/dynarec_arm64_avx_66_0f38.c.o
[ 44%] Building C object CMakeFiles/native_pass3.dir/src/dynarec/arm64/dynarec_arm64_avx_66_0f3a.c.o
[ 44%] Building C object CMakeFiles/native_pass0.dir/src/dynarec/arm64/dynarec_arm64_avx_f3_0f.c.o
[ 44%] Building C object CMakeFiles/mainobj.dir/src/libtools/myalign.c.o
[ 44%] Building C object CMakeFiles/mainobj.dir/src/libtools/signals.c.o
[ 44%] Building C object CMakeFiles/native_pass2.dir/src/dynarec/arm64/dynarec_arm64_avx_f3_0f38.c.o
[ 44%] Building C object CMakeFiles/native_pass0.dir/src/dynarec/arm64/dynarec_arm64_avx_66_0f38.c.o
[ 45%] Building C object CMakeFiles/native_pass2.dir/src/dynarec/arm64/updateflags_arm64_pass.c.o
[ 46%] Building C object CMakeFiles/mainobj.dir/src/libtools/sigtools.c.o
[ 46%] Building C object CMakeFiles/native_pass2.dir/src/dynarec/dynarec_native_pass.c.o
[ 46%] Building C object CMakeFiles/mainobj.dir/src/libtools/syscall_user_dispatch.c.o
[ 46%] Building C object CMakeFiles/mainobj.dir/src/libtools/decopcode.c.o
[ 46%] Building C object CMakeFiles/native_pass0.dir/src/dynarec/arm64/dynarec_arm64_avx_66_0f3a.c.o
[ 46%] Building C object CMakeFiles/mainobj.dir/src/libtools/threads.c.o
[ 46%] Building C object CMakeFiles/native_pass3.dir/src/dynarec/arm64/dynarec_arm64_avx_f2_0f38.c.o
[ 47%] Building C object CMakeFiles/native_pass0.dir/src/dynarec/arm64/dynarec_arm64_avx_f2_0f38.c.o
[ 47%] Building C object CMakeFiles/native_pass0.dir/src/dynarec/arm64/dynarec_arm64_avx_f2_0f3a.c.o
[ 47%] Building C object CMakeFiles/native_pass0.dir/src/dynarec/arm64/dynarec_arm64_avx_f3_0f38.c.o
[ 47%] Building C object CMakeFiles/mainobj.dir/src/tools/bitutils.c.o
[ 47%] Building C object CMakeFiles/native_pass3.dir/src/dynarec/arm64/dynarec_arm64_avx_f2_0f3a.c.o
[ 48%] Building C object CMakeFiles/native_pass3.dir/src/dynarec/arm64/dynarec_arm64_avx_f3_0f38.c.o
[ 48%] Building C object CMakeFiles/native_pass0.dir/src/dynarec/arm64/updateflags_arm64_pass.c.o
[ 48%] Building C object CMakeFiles/mainobj.dir/src/tools/box64stack.c.o
[ 48%] Building C object CMakeFiles/native_pass3.dir/src/dynarec/arm64/updateflags_arm64_pass.c.o
[ 48%] Building C object CMakeFiles/native_pass0.dir/src/dynarec/dynarec_native_pass.c.o
[ 48%] Building C object CMakeFiles/native_pass3.dir/src/dynarec/dynarec_native_pass.c.o
[ 49%] Building C object CMakeFiles/mainobj.dir/src/tools/bridge.c.o
[ 49%] Building C object CMakeFiles/mainobj.dir/src/tools/alternate.c.o
[ 49%] Building C object CMakeFiles/mainobj.dir/src/tools/callback.c.o
[ 49%] Building C object CMakeFiles/mainobj.dir/src/tools/gdbjit.c.o
[ 49%] Building C object CMakeFiles/mainobj.dir/src/tools/fileutils.c.o
[ 49%] Building C object CMakeFiles/mainobj.dir/src/tools/cleanup.c.o
[ 50%] Building C object CMakeFiles/mainobj.dir/src/tools/pathcoll.c.o
[ 50%] Building C object CMakeFiles/mainobj.dir/src/tools/rbtree.c.o
[ 50%] Building C object CMakeFiles/mainobj.dir/src/tools/env.c.o
[ 50%] Building C object CMakeFiles/mainobj.dir/src/tools/dynacache.c.o
[ 50%] Building C object CMakeFiles/mainobj.dir/src/tools/wine_tools.c.o
[ 50%] Building C object CMakeFiles/mainobj.dir/src/wrapped/generated/wrapper.c.o
[ 51%] Building C object CMakeFiles/mainobj.dir/src/tools/pe_tools.c.o
[ 51%] Building C object CMakeFiles/mainobj.dir/src/mallochook.c.o
[ 51%] Building C object CMakeFiles/mainobj.dir/src/steam.c.o
[ 51%] Building C object CMakeFiles/mainobj.dir/src/libtools/sdl1rwops.c.o
[ 51%] Building C object CMakeFiles/mainobj.dir/src/libtools/sdl2rwops.c.o
[ 52%] Building C object CMakeFiles/mainobj.dir/src/tools/gtkclass.c.o
[ 52%] Building C object CMakeFiles/mainobj.dir/src/librarian/globalsymbols.c.o
[ 52%] Building C object CMakeFiles/mainobj.dir/src/emu/x86syscall.c.o
[ 52%] Building C object CMakeFiles/mainobj.dir/src/libtools/obstack.c.o
[ 52%] Building C object CMakeFiles/mainobj.dir/src/libtools/libdl.c.o
[ 52%] Building C object CMakeFiles/mainobj.dir/src/libtools/vulkanoverlay.c.o
[ 53%] Building C object CMakeFiles/mainobj.dir/src/wrapped/wrappedalure.c.o
[ 53%] Building C object CMakeFiles/mainobj.dir/src/wrapped/wrappedalut.c.o
[ 53%] Building C object CMakeFiles/mainobj.dir/src/wrapped/wrappedatk.c.o
[ 53%] Building C object CMakeFiles/mainobj.dir/src/wrapped/wrappedatkbridge.c.o
[ 53%] Building C object CMakeFiles/mainobj.dir/src/wrapped/wrappedatomic.c.o
[ 53%] Building C object CMakeFiles/mainobj.dir/src/wrapped/wrappedatspi.c.o
[ 54%] Building C object CMakeFiles/mainobj.dir/src/wrapped/wrappedayatanaappindicator3.c.o
[ 54%] Building C object CMakeFiles/mainobj.dir/src/wrapped/wrappedayatanaindicator3.c.o
[ 54%] Building C object CMakeFiles/mainobj.dir/src/wrapped/wrappedayatanaido3.c.o
[ 54%] Building C object CMakeFiles/mainobj.dir/src/wrapped/wrappedavahiclient.c.o
[ 54%] Building C object CMakeFiles/mainobj.dir/src/wrapped/wrappedavahicommon.c.o
[ 55%] Building C object CMakeFiles/mainobj.dir/src/wrapped/wrappedbz2.c.o
[ 55%] Building C object CMakeFiles/mainobj.dir/src/wrapped/wrappedcuda.c.o
[ 55%] Building C object CMakeFiles/mainobj.dir/src/wrapped/wrappedcap.c.o
[ 55%] Building C object CMakeFiles/mainobj.dir/src/wrapped/wrappedcairo.c.o
[ 55%] Building C object CMakeFiles/mainobj.dir/src/wrapped/wrappedcairogobject.c.o
[ 55%] Building C object CMakeFiles/mainobj.dir/src/wrapped/wrappedcrashhandler.c.o
[ 56%] Building C object CMakeFiles/mainobj.dir/src/wrapped/wrappedcrypto.c.o
[ 56%] Building C object CMakeFiles/mainobj.dir/src/wrapped/wrappedcrypto3.c.o
[ 56%] Building C object CMakeFiles/mainobj.dir/src/wrapped/wrappedcurl.c.o
[ 56%] Building C object CMakeFiles/mainobj.dir/src/wrapped/wrappeddbus.c.o
[ 56%] Building C object CMakeFiles/mainobj.dir/src/wrapped/wrappeddbusglib1.c.o
[ 56%] Building C object CMakeFiles/mainobj.dir/src/wrapped/wrappeddbusmenuglib.c.o
[ 57%] Building C object CMakeFiles/mainobj.dir/src/wrapped/wrappeddecor0.c.o
[ 57%] Building C object CMakeFiles/mainobj.dir/src/wrapped/wrappedevent21.c.o
[ 57%] Building C object CMakeFiles/mainobj.dir/src/wrapped/wrappedexpat.c.o
[ 57%] Building C object CMakeFiles/mainobj.dir/src/wrapped/wrappedfaudio.c.o
[ 57%] Building C object CMakeFiles/mainobj.dir/src/wrapped/wrappedflac.c.o
[ 57%] Building C object CMakeFiles/mainobj.dir/src/wrapped/wrappedfontconfig.c.o
[ 58%] Building C object CMakeFiles/mainobj.dir/src/wrapped/wrappedfreebl3.c.o
[ 58%] Building C object CMakeFiles/mainobj.dir/src/wrapped/wrappedfreetype.c.o
[ 58%] Building C object CMakeFiles/mainobj.dir/src/wrapped/wrappedgbm.c.o
[ 58%] Building C object CMakeFiles/mainobj.dir/src/wrapped/wrappedgconf2.c.o
[ 58%] Building C object CMakeFiles/mainobj.dir/src/wrapped/wrappedgcrypt.c.o
[ 58%] Building C object CMakeFiles/mainobj.dir/src/wrapped/wrappedgdk3.c.o
[ 59%] Building C object CMakeFiles/mainobj.dir/src/wrapped/wrappedgdkpixbuf2.c.o
[ 59%] Building C object CMakeFiles/mainobj.dir/src/wrapped/wrappedgdkx112.c.o
[ 59%] Building C object CMakeFiles/mainobj.dir/src/wrapped/wrappedgio2.c.o
[ 59%] Building C object CMakeFiles/mainobj.dir/src/wrapped/wrappedglesv2.c.o
[ 59%] Building C object CMakeFiles/mainobj.dir/src/wrapped/wrappedglib2.c.o
[ 60%] Building C object CMakeFiles/mainobj.dir/src/wrapped/wrappedgmodule2.c.o
[ 60%] Building C object CMakeFiles/mainobj.dir/src/wrapped/wrappedgmp.c.o
[ 60%] Building C object CMakeFiles/mainobj.dir/src/wrapped/wrappedgnutls.c.o
[ 60%] Building C object CMakeFiles/mainobj.dir/src/wrapped/wrappedgobject2.c.o
[ 60%] Building C object CMakeFiles/mainobj.dir/src/wrapped/wrappedgomp.c.o
[ 60%] Building C object CMakeFiles/mainobj.dir/src/wrapped/wrappedgssapi.c.o
[ 60%] Building C object CMakeFiles/mainobj.dir/src/wrapped/wrappedgstallocators.c.o
[ 61%] Building C object CMakeFiles/mainobj.dir/src/wrapped/wrappedgssapikrb5.c.o
[ 61%] Building C object CMakeFiles/mainobj.dir/src/wrapped/wrappedgstapp.c.o
[ 61%] Building C object CMakeFiles/mainobj.dir/src/wrapped/wrappedgstaudio.c.o
[ 61%] Building C object CMakeFiles/mainobj.dir/src/wrapped/wrappedgstbase.c.o
[ 61%] Building C object CMakeFiles/mainobj.dir/src/wrapped/wrappedgstcheck.c.o
[ 62%] Building C object CMakeFiles/mainobj.dir/src/wrapped/wrappedgstcontroller.c.o
[ 62%] Building C object CMakeFiles/mainobj.dir/src/wrapped/wrappedgstfft.c.o
[ 62%] Building C object CMakeFiles/mainobj.dir/src/wrapped/wrappedgstgl.c.o
[ 62%] Building C object CMakeFiles/mainobj.dir/src/wrapped/wrappedgstnet.c.o
[ 62%] Building C object CMakeFiles/mainobj.dir/src/wrapped/wrappedgstpbutils.c.o
[ 62%] Building C object CMakeFiles/mainobj.dir/src/wrapped/wrappedgstreamer.c.o
[ 63%] Building C object CMakeFiles/mainobj.dir/src/wrapped/wrappedgstriff.c.o
[ 63%] Building C object CMakeFiles/mainobj.dir/src/wrapped/wrappedgstrtp.c.o
[ 63%] Building C object CMakeFiles/mainobj.dir/src/wrapped/wrappedgstrtsp.c.o
[ 63%] Building C object CMakeFiles/mainobj.dir/src/wrapped/wrappedgstsdp.c.o
[ 63%] Building C object CMakeFiles/mainobj.dir/src/wrapped/wrappedgsttag.c.o
[ 63%] Building C object CMakeFiles/mainobj.dir/src/wrapped/wrappedgstvideo.c.o
[ 64%] Building C object CMakeFiles/mainobj.dir/src/wrapped/wrappedgthread2.c.o
[ 64%] Building C object CMakeFiles/mainobj.dir/src/wrapped/wrappedgtk3.c.o
[ 64%] Building C object CMakeFiles/mainobj.dir/src/wrapped/wrappedgtkx112.c.o
[ 64%] Building C object CMakeFiles/mainobj.dir/src/wrapped/wrappedharfbuzzsubset.c.o
[ 64%] Built target native_pass0
[ 65%] Building C object CMakeFiles/mainobj.dir/src/wrapped/wrappedlcms2.c.o
[ 65%] Building C object CMakeFiles/mainobj.dir/src/wrapped/wrappedkrb5.c.o
[ 65%] Building C object CMakeFiles/mainobj.dir/src/wrapped/wrappedldlinux.c.o
[ 65%] Building C object CMakeFiles/mainobj.dir/src/wrapped/wrappedlibasound.c.o
[ 65%] Building C object CMakeFiles/mainobj.dir/src/wrapped/wrappedlibavcodec58.c.o
[ 65%] Building C object CMakeFiles/mainobj.dir/src/wrapped/wrappedlibavformat58.c.o
[ 65%] Building C object CMakeFiles/mainobj.dir/src/wrapped/wrappedlibavutil56.c.o
[ 66%] Building C object CMakeFiles/mainobj.dir/src/wrapped/wrappedlibblas.c.o
[ 66%] Building C object CMakeFiles/mainobj.dir/src/wrapped/wrappedlibbsd.c.o
[ 66%] Building C object CMakeFiles/mainobj.dir/src/wrapped/wrappedlibc.c.o
[ 66%] Building C object CMakeFiles/mainobj.dir/src/wrapped/wrappedlibcmusl.c.o
[ 66%] Building C object CMakeFiles/mainobj.dir/src/wrapped/wrappedlibcrypt.c.o
[ 66%] Building C object CMakeFiles/mainobj.dir/src/wrapped/wrappedlibcups.c.o
[ 67%] Building C object CMakeFiles/mainobj.dir/src/wrapped/wrappedlibcupsimage.c.o
[ 67%] Building C object CMakeFiles/mainobj.dir/src/wrapped/wrappedlibdl.c.o
[ 67%] Building C object CMakeFiles/mainobj.dir/src/wrapped/wrappedlibdrm.c.o
[ 67%] Building C object CMakeFiles/mainobj.dir/src/wrapped/wrappedlibdrmamdgpu.c.o
[ 67%] Building C object CMakeFiles/mainobj.dir/src/wrapped/wrappedlibegl.c.o
[ 67%] Building C object CMakeFiles/mainobj.dir/src/wrapped/wrappedlibform.c.o
[ 68%] Building C object CMakeFiles/mainobj.dir/src/wrapped/wrappedlibformw.c.o
[ 68%] Building C object CMakeFiles/mainobj.dir/src/wrapped/wrappedlibformw6.c.o
[ 68%] Building C object CMakeFiles/mainobj.dir/src/wrapped/wrappedlibfuse.c.o
[ 68%] Building C object CMakeFiles/mainobj.dir/src/wrapped/wrappedlibgl.c.o
[ 68%] Building C object CMakeFiles/mainobj.dir/src/wrapped/wrappedlibglu.c.o
[ 68%] Building C object CMakeFiles/mainobj.dir/src/wrapped/wrappedlibglx.c.o
[ 69%] Building C object CMakeFiles/mainobj.dir/src/wrapped/wrappedlibglxnvidia.c.o
[ 69%] Building C object CMakeFiles/mainobj.dir/src/wrapped/wrappedlibgpgme.c.o
[ 69%] Building C object CMakeFiles/mainobj.dir/src/wrapped/wrappedlibharfbuzz.c.o
[ 69%] Building C object CMakeFiles/mainobj.dir/src/wrapped/wrappedlibibus.c.o
[ 69%] Building C object CMakeFiles/mainobj.dir/src/wrapped/wrappedlibice.c.o
[ 70%] Building C object CMakeFiles/mainobj.dir/src/wrapped/wrappedliblapack.c.o
[ 70%] Building C object CMakeFiles/mainobj.dir/src/wrapped/wrappedlibm.c.o
[ 70%] Building C object CMakeFiles/mainobj.dir/src/wrapped/wrappedlibmvec.c.o
[ 70%] Building C object CMakeFiles/mainobj.dir/src/wrapped/wrappedlibncurses.c.o
[ 70%] Building C object CMakeFiles/mainobj.dir/src/wrapped/wrappedlibncurses6.c.o
[ 70%] Building C object CMakeFiles/mainobj.dir/src/wrapped/wrappedlibncursesw.c.o
[ 71%] Building C object CMakeFiles/mainobj.dir/src/wrapped/wrappedlibncursesw6.c.o
[ 71%] Building C object CMakeFiles/mainobj.dir/src/wrapped/wrappedlibnuma.c.o
[ 71%] Building C object CMakeFiles/mainobj.dir/src/wrapped/wrappedlibogg.c.o
[ 71%] Building C object CMakeFiles/mainobj.dir/src/wrapped/wrappedlibpanel.c.o
[ 71%] Built target native_pass2
[ 71%] Building C object CMakeFiles/mainobj.dir/src/wrapped/wrappedlibpci.c.o
[ 71%] Building C object CMakeFiles/mainobj.dir/src/wrapped/wrappedlibomp.c.o
[ 72%] Building C object CMakeFiles/mainobj.dir/src/wrapped/wrappedlibpcre.c.o
[ 72%] Building C object CMakeFiles/mainobj.dir/src/wrapped/wrappedlibpcre216.c.o
[ 72%] Building C object CMakeFiles/mainobj.dir/src/wrapped/wrappedlibpthread.c.o
[ 72%] Building C object CMakeFiles/mainobj.dir/src/wrapped/wrappedlibresolv.c.o
[ 72%] Building C object CMakeFiles/mainobj.dir/src/wrapped/wrappedlibrt.c.o
[ 72%] Building C object CMakeFiles/mainobj.dir/src/wrapped/wrappedlibsm.c.o
[ 73%] Building C object CMakeFiles/mainobj.dir/src/wrapped/wrappedlibsndfile.c.o
[ 73%] Building C object CMakeFiles/mainobj.dir/src/wrapped/wrappedlibssl.c.o
[ 73%] Building C object CMakeFiles/mainobj.dir/src/wrapped/wrappedlibssl3.c.o
[ 73%] Building C object CMakeFiles/mainobj.dir/src/wrapped/wrappedlibtinfo.c.o
[ 73%] Building C object CMakeFiles/mainobj.dir/src/wrapped/wrappedlibtinfo6.c.o
[ 73%] Building C object CMakeFiles/mainobj.dir/src/wrapped/wrappedlibva.c.o
[ 73%] Building C object CMakeFiles/mainobj.dir/src/wrapped/wrappedlibvadrm.c.o
[ 74%] Building C object CMakeFiles/mainobj.dir/src/wrapped/wrappedlibusb1.c.o
[ 74%] Building C object CMakeFiles/mainobj.dir/src/wrapped/wrappedlibuuid.c.o
[ 74%] Building C object CMakeFiles/mainobj.dir/src/wrapped/wrappedlibvax11.c.o
[ 75%] Building C object CMakeFiles/mainobj.dir/src/wrapped/wrappedlibvdpau.c.o
[ 75%] Building C object CMakeFiles/mainobj.dir/src/wrapped/wrappedlibvawayland.c.o
[ 75%] Building C object CMakeFiles/mainobj.dir/src/wrapped/wrappedlibvpx.c.o
[ 75%] Building C object CMakeFiles/mainobj.dir/src/wrapped/wrappedlibvorbis.c.o
[ 75%] Building C object CMakeFiles/mainobj.dir/src/wrapped/wrappedlibx11.c.o
[ 75%] Building C object CMakeFiles/mainobj.dir/src/wrapped/wrappedlibx11xcb.c.o
[ 75%] Building C object CMakeFiles/mainobj.dir/src/wrapped/wrappedlibxau.c.o
[ 76%] Building C object CMakeFiles/mainobj.dir/src/wrapped/wrappedlibxaw.c.o
[ 76%] Building C object CMakeFiles/mainobj.dir/src/wrapped/wrappedlibxcb.c.o
[ 76%] Building C object CMakeFiles/mainobj.dir/src/wrapped/wrappedlibxcbcursor.c.o
[ 76%] Building C object CMakeFiles/mainobj.dir/src/wrapped/wrappedlibxcbdri2.c.o
[ 76%] Building C object CMakeFiles/mainobj.dir/src/wrapped/wrappedlibxcbdri3.c.o
[ 76%] Building C object CMakeFiles/mainobj.dir/src/wrapped/wrappedlibxcbglx.c.o
[ 77%] Building C object CMakeFiles/mainobj.dir/src/wrapped/wrappedlibxcbkeysyms.c.o
[ 77%] Building C object CMakeFiles/mainobj.dir/src/wrapped/wrappedlibxcbicccm.c.o
[ 77%] Building C object CMakeFiles/mainobj.dir/src/wrapped/wrappedlibxcbimage.c.o
[ 77%] Building C object CMakeFiles/mainobj.dir/src/wrapped/wrappedlibxcbpresent.c.o
[ 77%] Building C object CMakeFiles/mainobj.dir/src/wrapped/wrappedlibxcbrandr.c.o
[ 77%] Building C object CMakeFiles/mainobj.dir/src/wrapped/wrappedlibxcbrender.c.o
[ 78%] Building C object CMakeFiles/mainobj.dir/src/wrapped/wrappedlibxcbrenderutil.c.o
[ 78%] Building C object CMakeFiles/mainobj.dir/src/wrapped/wrappedlibxcbres.c.o
[ 78%] Building C object CMakeFiles/mainobj.dir/src/wrapped/wrappedlibxcbshape.c.o
[ 78%] Building C object CMakeFiles/mainobj.dir/src/wrapped/wrappedlibxcbshm.c.o
[ 79%] Building C object CMakeFiles/mainobj.dir/src/wrapped/wrappedlibxcbutil.c.o
[ 79%] Building C object CMakeFiles/mainobj.dir/src/wrapped/wrappedlibxcbsync.c.o
[ 79%] Building C object CMakeFiles/mainobj.dir/src/wrapped/wrappedlibxcbxinerama.c.o
[ 79%] Building C object CMakeFiles/mainobj.dir/src/wrapped/wrappedlibxcbxinput.c.o
[ 79%] Building C object CMakeFiles/mainobj.dir/src/wrapped/wrappedlibxcbxfixes.c.o
[ 79%] Building C object CMakeFiles/mainobj.dir/src/wrapped/wrappedlibxcbxkb.c.o
[ 79%] Building C object CMakeFiles/mainobj.dir/src/wrapped/wrappedlibxcbxtest.c.o
[ 80%] Building C object CMakeFiles/mainobj.dir/src/wrapped/wrappedlibxcomposite.c.o
[ 80%] Building C object CMakeFiles/mainobj.dir/src/wrapped/wrappedlibxcursor.c.o
[ 80%] Building C object CMakeFiles/mainobj.dir/src/wrapped/wrappedlibxdmcp.c.o
[ 80%] Building C object CMakeFiles/mainobj.dir/src/wrapped/wrappedlibxdamage.c.o
[ 80%] Building C object CMakeFiles/mainobj.dir/src/wrapped/wrappedlibxext.c.o
[ 80%] Building C object CMakeFiles/mainobj.dir/src/wrapped/wrappedlibxfixes.c.o
[ 81%] Building C object CMakeFiles/mainobj.dir/src/wrapped/wrappedlibxft.c.o
[ 81%] Building C object CMakeFiles/mainobj.dir/src/wrapped/wrappedlibxi.c.o
[ 81%] Building C object CMakeFiles/mainobj.dir/src/wrapped/wrappedlibxmu.c.o
[ 81%] Building C object CMakeFiles/mainobj.dir/src/wrapped/wrappedlibxpm.c.o
[ 81%] Building C object CMakeFiles/mainobj.dir/src/wrapped/wrappedlibxpresent.c.o
[ 81%] Building C object CMakeFiles/mainobj.dir/src/wrapped/wrappedlibxrandr.c.o
[ 82%] Building C object CMakeFiles/mainobj.dir/src/wrapped/wrappedlibxrender.c.o
[ 82%] Building C object CMakeFiles/mainobj.dir/src/wrapped/wrappedlibxss.c.o
[ 82%] Building C object CMakeFiles/mainobj.dir/src/wrapped/wrappedlibxt.c.o
[ 82%] Building C object CMakeFiles/mainobj.dir/src/wrapped/wrappedlibxtst.c.o
[ 82%] Building C object CMakeFiles/mainobj.dir/src/wrapped/wrappedlibxxf86vm.c.o
[ 82%] Building C object CMakeFiles/mainobj.dir/src/wrapped/wrappedlibz.c.o
[ 83%] Building C object CMakeFiles/mainobj.dir/src/wrapped/wrappedlzma.c.o
[ 83%] Building C object CMakeFiles/mainobj.dir/src/wrapped/wrappedmpg123.c.o
[ 83%] Building C object CMakeFiles/mainobj.dir/src/wrapped/wrappednotify.c.o
[ 83%] Building C object CMakeFiles/mainobj.dir/src/wrapped/wrappednsl.c.o
[ 83%] Building C object CMakeFiles/mainobj.dir/src/wrapped/wrappednspr4.c.o
[ 84%] Building C object CMakeFiles/mainobj.dir/src/wrapped/wrappednss3.c.o
[ 84%] Building C object CMakeFiles/mainobj.dir/src/wrapped/wrappednssutil3.c.o
[ 84%] Building C object CMakeFiles/mainobj.dir/src/wrapped/wrappednvml.c.o
[ 84%] Building C object CMakeFiles/mainobj.dir/src/wrapped/wrappedopenal.c.o
[ 84%] Building C object CMakeFiles/mainobj.dir/src/wrapped/wrappedopencl.c.o
[ 84%] Building C object CMakeFiles/mainobj.dir/src/wrapped/wrappedpango.c.o
[ 85%] Building C object CMakeFiles/mainobj.dir/src/wrapped/wrappedpangocairo.c.o
[ 85%] Building C object CMakeFiles/mainobj.dir/src/wrapped/wrappedpam.c.o
[ 85%] Building C object CMakeFiles/mainobj.dir/src/wrapped/wrappedpcap.c.o
[ 85%] Building C object CMakeFiles/mainobj.dir/src/wrapped/wrappedpangoft2.c.o
[ 85%] Building C object CMakeFiles/mainobj.dir/src/wrapped/wrappedplc4.c.o
[ 85%] Building C object CMakeFiles/mainobj.dir/src/wrapped/wrappedplds4.c.o
[ 86%] Building C object CMakeFiles/mainobj.dir/src/wrapped/wrappedpipewire03.c.o
[ 86%] Building C object CMakeFiles/mainobj.dir/src/wrapped/wrappedpng16.c.o
[ 86%] Building C object CMakeFiles/mainobj.dir/src/wrapped/wrappedpulse.c.o
[ 86%] Building C object CMakeFiles/mainobj.dir/src/wrapped/wrappedpulsemainloopglib.c.o
[ 86%] Building C object CMakeFiles/mainobj.dir/src/wrapped/wrappedpulsesimple.c.o
[ 86%] Building C object CMakeFiles/mainobj.dir/src/wrapped/wrappedsdl1.c.o
[ 87%] Building C object CMakeFiles/mainobj.dir/src/wrapped/wrappedsdl1image.c.o
[ 87%] Building C object CMakeFiles/mainobj.dir/src/wrapped/wrappedsdl1mixer.c.o
[ 87%] Building C object CMakeFiles/mainobj.dir/src/wrapped/wrappedsdl1net.c.o
[ 87%] Building C object CMakeFiles/mainobj.dir/src/wrapped/wrappedsdl1ttf.c.o
[ 87%] Building C object CMakeFiles/mainobj.dir/src/wrapped/wrappedsdl1sound.c.o
[ 87%] Building C object CMakeFiles/mainobj.dir/src/wrapped/wrappedsecret1.c.o
[ 88%] Building C object CMakeFiles/mainobj.dir/src/wrapped/wrappedsoftokn3.c.o
[ 88%] Building C object CMakeFiles/mainobj.dir/src/wrapped/wrappedsmpeg.c.o
[ 88%] Building C object CMakeFiles/mainobj.dir/src/wrapped/wrappedsdl2.c.o
[ 88%] Building C object CMakeFiles/mainobj.dir/src/wrapped/wrappedsdl2image.c.o
[ 88%] Building C object CMakeFiles/mainobj.dir/src/wrapped/wrappedsdl2mixer.c.o
[ 89%] Building C object CMakeFiles/mainobj.dir/src/wrapped/wrappedsdl2net.c.o
[ 89%] Building C object CMakeFiles/mainobj.dir/src/wrapped/wrappedsdl3ttf.c.o
[ 89%] Building C object CMakeFiles/mainobj.dir/src/wrapped/wrappedsdl2ttf.c.o
[ 89%] Building C object CMakeFiles/mainobj.dir/src/wrapped/wrappedsdl3.c.o
[ 89%] Building C object CMakeFiles/mainobj.dir/src/wrapped/wrappedselinux.c.o
[ 89%] Building C object CMakeFiles/mainobj.dir/src/wrapped/wrappedsmime3.c.o
[ 90%] Building C object CMakeFiles/mainobj.dir/src/wrapped/wrappedsmpeg2.c.o
[ 90%] Building C object CMakeFiles/mainobj.dir/src/wrapped/wrappedssl3.c.o
[ 90%] Building C object CMakeFiles/mainobj.dir/src/wrapped/wrappedsystemd.c.o
[ 90%] Building C object CMakeFiles/mainobj.dir/src/wrapped/wrappedtbbbind.c.o
[ 90%] Building C object CMakeFiles/mainobj.dir/src/wrapped/wrappedtbbmalloc.c.o
[ 90%] Building C object CMakeFiles/mainobj.dir/src/wrapped/wrappedtbbmallocproxy.c.o
[ 91%] Building C object CMakeFiles/mainobj.dir/src/wrapped/wrappedtcmallocminimal.c.o
[ 91%] Building C object CMakeFiles/mainobj.dir/src/wrapped/wrappedudev0.c.o
[ 91%] Building C object CMakeFiles/mainobj.dir/src/wrapped/wrappedudev1.c.o
[ 91%] Building C object CMakeFiles/mainobj.dir/src/wrapped/wrappedunwind.c.o
[ 91%] Building C object CMakeFiles/mainobj.dir/src/wrapped/wrappedvorbisfile.c.o
[ 91%] Building C object CMakeFiles/mainobj.dir/src/wrapped/wrappedutil.c.o
[ 92%] Building C object CMakeFiles/mainobj.dir/src/wrapped/wrappedwaylandclient.c.o
[ 92%] Building C object CMakeFiles/mainobj.dir/src/wrapped/wrappedwaylandcursor.c.o
[ 92%] Building C object CMakeFiles/mainobj.dir/src/wrapped/wrappedwaylandegl.c.o
[ 92%] Building C object CMakeFiles/mainobj.dir/src/wrapped/wrappedxinerama.c.o
[ 92%] Building C object CMakeFiles/mainobj.dir/src/wrapped/wrappedxkbcommon.c.o
[ 93%] Building C object CMakeFiles/mainobj.dir/src/wrapped/wrappedxkbfile.c.o
[ 93%] Building C object CMakeFiles/mainobj.dir/src/wrapped/wrappedxkbcommonx11.c.o
[ 93%] Building C object CMakeFiles/mainobj.dir/src/wrapped/wrappedxkbregistry.c.o
[ 93%] Building C object CMakeFiles/mainobj.dir/src/wrapped/wrappedxml2.c.o
[ 93%] Building C object CMakeFiles/mainobj.dir/src/wrapped/wrappedxslt.c.o
[ 93%] Building C object CMakeFiles/mainobj.dir/src/wrapped/wrappedldapr.c.o
[ 94%] Building C object CMakeFiles/mainobj.dir/src/wrapped/wrappedlber.c.o
[ 94%] Building C object CMakeFiles/mainobj.dir/src/wrapped/wrappedvulkan.c.o
[ 94%] Building C object CMakeFiles/mainobj.dir/src/wrapped/wrappedxshmfence.c.o
[ 94%] Building C object CMakeFiles/mainobj.dir/src/wrapped/wrappedd3dadapter9.c.o
[ 94%] Building C object CMakeFiles/mainobj.dir/src/wrapped/wrappedicuuc64.c.o
[ 94%] Building C object CMakeFiles/mainobj.dir/src/wrapped/wrappedicui18n64.c.o
[ 95%] Building C object CMakeFiles/mainobj.dir/src/wrapped/wrappedicuuc66.c.o
[ 95%] Building C object CMakeFiles/mainobj.dir/src/wrapped/wrappedicui18n66.c.o
[ 95%] Building C object CMakeFiles/mainobj.dir/src/wrapped/wrappedicuuc67.c.o
[ 95%] Building C object CMakeFiles/mainobj.dir/src/wrapped/wrappedicui18n67.c.o
[ 95%] Building C object CMakeFiles/mainobj.dir/src/wrapped/wrappedicui18n68.c.o
[ 95%] Building C object CMakeFiles/mainobj.dir/src/wrapped/wrappedicui18n72.c.o
[ 96%] Building C object CMakeFiles/mainobj.dir/src/wrapped/wrappedicuuc72.c.o
[ 96%] Building C object CMakeFiles/mainobj.dir/src/wrapped/wrappedicuuc68.c.o
[ 96%] Building C object CMakeFiles/mainobj.dir/src/wrapped/wrappedicuuc73.c.o
[ 96%] Building C object CMakeFiles/mainobj.dir/src/wrapped/wrappedicui18n73.c.o
[ 96%] Building C object CMakeFiles/mainobj.dir/src/wrapped/wrappedicuuc74.c.o
[ 96%] Building C object CMakeFiles/mainobj.dir/src/wrapped/wrappedicui18n74.c.o
[ 97%] Building C object CMakeFiles/mainobj.dir/src/wrapped/wrappedicuuc75.c.o
[ 97%] Building C object CMakeFiles/mainobj.dir/src/wrapped/wrappedicui18n75.c.o
[ 97%] Building C object CMakeFiles/mainobj.dir/src/wrapped/wrappedicuuc76.c.o
[ 97%] Building C object CMakeFiles/mainobj.dir/src/wrapped/wrappedicui18n76.c.o
[ 97%] Building C object CMakeFiles/mainobj.dir/src/wrapped/wrappedidn2.c.o
[ 97%] Building C object CMakeFiles/mainobj.dir/src/wrapped/wrappedlibssh2.c.o
[ 97%] Building C object CMakeFiles/mainobj.dir/src/wrapped/wrappedp11kit.c.o
[ 98%] Building C object CMakeFiles/mainobj.dir/src/wrapped/wrappedanl.c.o
[ 98%] Building C object CMakeFiles/mainobj.dir/src/wrapped/wrappedpsl5.c.o
[ 98%] Building C object CMakeFiles/mainobj.dir/src/wrapped/wrappedlibtasn1.c.o
[ 98%] Building C object CMakeFiles/mainobj.dir/src/wrapped/wrappedlibnettle8.c.o
[ 98%] Building C object CMakeFiles/mainobj.dir/src/wrapped/wrappedlibhogweed6.c.o
[ 99%] Building C object CMakeFiles/mainobj.dir/src/wrapped/wrappedlibunistring2.c.o
[ 99%] Building C object CMakeFiles/mainobj.dir/src/wrapped/wrappedlibsqlite3.c.o
[ 99%] Building C object CMakeFiles/mainobj.dir/src/wrapped/wrappedlibtiff5.c.o
[ 99%] Building C object CMakeFiles/mainobj.dir/src/wrapped/wrappedbrotlidec.c.o
[ 99%] Building C object CMakeFiles/mainobj.dir/src/wrapped/wrappedzstd.c.o
[100%] Building C object CMakeFiles/mainobj.dir/src/wrapped/wrappedproxy.c.o
[100%] Building C object CMakeFiles/mainobj.dir/src/wrapped/wrappedssh4.c.o
[100%] Building C object CMakeFiles/mainobj.dir/src/wrapped/wrappedsmbclient.c.o
[100%] Building C object CMakeFiles/mainobj.dir/src/wrapped/wrappedpixman1.c.o
[100%] Built target native_pass3
[100%] Linking C static library libdynarec.a
[100%] Built target dynarec
[100%] Built target mainobj
[100%] Linking C executable box64
[100%] Built target box64
=== BUILD DONE, box64 info ===
box64: ELF 64-bit LSB executable, ARM aarch64, version 1 (SYSV), dynamically linked, interpreter /lib/ld-linux-aarch64.so.1, BuildID[sha1]=42a711e0ecd032948b8286dacbe51f6a08620ea3, for GNU/Linux 3.7.0, with debug_info, not stripped
=== 设置 interpreter 为 winlator rootfs 路径 ===
=== patchelf 后确认 ===
 0x000000000000001d (RUNPATH)            Library runpath: [/data/data/com.winlator/files/rootfs/lib]
 0x0000000000000001 (NEEDED)             Shared library: [libc.so.6]
 0x0000000000000001 (NEEDED)             Shared library: [libm.so.6]
 0x0000000000000001 (NEEDED)             Shared library: [libresolv.so.2]
 0x0000000000000001 (NEEDED)             Shared library: [ld-linux-aarch64.so.1]
  INTERP         0x0000000000021fd0 0x0000000034811fd0 0x0000000034811fd0
                 0x000000000000003f 0x000000000000003f  R      0x1
=== strip ===
-rwxr-xr-x 1 root root 25615448 Jul 22 16:18 box64
WSL_BUILD_OK
