12 session_start
144 wine_debug_override value=-all,+event,+key,+keyboard,+input,+rawinput
2952 window_map id=25165831,parent=3,name=nogui - Wine Desktop,class=explorer.exe,mapped=true,viewable=false,enabled=false,renderable=true,surface=false,application=true,keyPress=true,keyRelease=true,focusChange=true,focus_before={null}
2952 focus_notify previous={null},focused={id=25165831,parent=3,name=nogui - Wine Desktop,class=explorer.exe,mapped=true,viewable=false,enabled=false,renderable=true,surface=false,application=true,keyPress=true,keyRelease=true,focusChange=true},outDetail=NONE,inDetail=NONE,outSelected=false,inSelected=true
2952 window_map_result id=25165831,focus_after={id=25165831,parent=3,name=nogui - Wine Desktop,class=explorer.exe,mapped=true,viewable=false,enabled=false,renderable=true,surface=false,application=true,keyPress=true,keyRelease=true,focusChange=true}
3462 winhandler_init_received port=7946
30582 window_map id=16777236,parent=3,name=,class=,mapped=true,viewable=true,enabled=true,renderable=false,surface=false,application=false,keyPress=false,keyRelease=false,focusChange=false,focus_before={id=25165831,parent=3,name=nogui - Wine Desktop,class=explorer.exe,mapped=true,viewable=false,enabled=false,renderable=true,surface=false,application=true,keyPress=true,keyRelease=true,focusChange=true}
30582 window_map_result id=16777236,focus_after={id=25165831,parent=3,name=nogui - Wine Desktop,class=explorer.exe,mapped=true,viewable=false,enabled=false,renderable=true,surface=false,application=true,keyPress=true,keyRelease=true,focusChange=true}
30714 window_map id=16777238,parent=29360131,name=,class=,mapped=true,viewable=true,enabled=true,renderable=true,surface=false,application=false,keyPress=false,keyRelease=false,focusChange=false,focus_before={id=25165831,parent=3,name=nogui - Wine Desktop,class=explorer.exe,mapped=true,viewable=false,enabled=false,renderable=true,surface=false,application=true,keyPress=true,keyRelease=true,focusChange=true}
30714 window_map_result id=16777238,focus_after={id=25165831,parent=3,name=nogui - Wine Desktop,class=explorer.exe,mapped=true,viewable=false,enabled=false,renderable=true,surface=false,application=true,keyPress=true,keyRelease=true,focusChange=true}
30731 window_map id=16777240,parent=25165831,name=,class=,mapped=true,viewable=true,enabled=true,renderable=false,surface=false,application=false,keyPress=false,keyRelease=false,focusChange=false,focus_before={id=25165831,parent=3,name=nogui - Wine Desktop,class=explorer.exe,mapped=true,viewable=false,enabled=false,renderable=true,surface=false,application=true,keyPress=true,keyRelease=true,focusChange=true}
30731 window_map_result id=16777240,focus_after={id=25165831,parent=3,name=nogui - Wine Desktop,class=explorer.exe,mapped=true,viewable=false,enabled=false,renderable=true,surface=false,application=true,keyPress=true,keyRelease=true,focusChange=true}
30755 window_map id=16777244,parent=29360135,name=,class=,mapped=true,viewable=true,enabled=true,renderable=true,surface=false,application=false,keyPress=false,keyRelease=false,focusChange=false,focus_before={id=25165831,parent=3,name=nogui - Wine Desktop,class=explorer.exe,mapped=true,viewable=false,enabled=false,renderable=true,surface=false,application=true,keyPress=true,keyRelease=true,focusChange=true}
30755 window_map_result id=16777244,focus_after={id=25165831,parent=3,name=nogui - Wine Desktop,class=explorer.exe,mapped=true,viewable=false,enabled=false,renderable=true,surface=false,application=true,keyPress=true,keyRelease=true,focusChange=true}
30765 window_map id=16777246,parent=29360133,name=,class=,mapped=true,viewable=true,enabled=true,renderable=true,surface=false,application=false,keyPress=false,keyRelease=false,focusChange=false,focus_before={id=25165831,parent=3,name=nogui - Wine Desktop,class=explorer.exe,mapped=true,viewable=false,enabled=false,renderable=true,surface=false,application=true,keyPress=true,keyRelease=true,focusChange=true}
30765 window_map_result id=16777246,focus_after={id=25165831,parent=3,name=nogui - Wine Desktop,class=explorer.exe,mapped=true,viewable=false,enabled=false,renderable=true,surface=false,application=true,keyPress=true,keyRelease=true,focusChange=true}
39193 window_map id=29360133,parent=25165831,name=Stardew Valley,class=stardew valley.exe,mapped=true,viewable=true,enabled=true,renderable=true,surface=false,application=true,keyPress=true,keyRelease=true,focusChange=true,focus_before={id=25165831,parent=3,name=nogui - Wine Desktop,class=explorer.exe,mapped=true,viewable=false,enabled=false,renderable=true,surface=false,application=true,keyPress=true,keyRelease=true,focusChange=true}
39196 focus_notify previous={id=25165831,parent=3,name=nogui - Wine Desktop,class=explorer.exe,mapped=true,viewable=false,enabled=false,renderable=true,surface=false,application=true,keyPress=true,keyRelease=true,focusChange=true},focused={id=29360133,parent=25165831,name=Stardew Valley,class=stardew valley.exe,mapped=true,viewable=true,enabled=true,renderable=true,surface=false,application=true,keyPress=true,keyRelease=true,focusChange=true},outDetail=INFERIOR,inDetail=ANCESTOR,outSelected=true,inSelected=true
39196 window_map_result id=29360133,focus_after={id=29360133,parent=25165831,name=Stardew Valley,class=stardew valley.exe,mapped=true,viewable=true,enabled=true,renderable=true,surface=false,application=true,keyPress=true,keyRelease=true,focusChange=true}
67693 pointer_focus point={id=16777246,parent=29360133,name=,class=,mapped=true,viewable=true,enabled=true,renderable=true,surface=false,application=false,keyPress=false,keyRelease=false,focusChange=false},focus_before={id=29360133,parent=25165831,name=Stardew Valley,class=stardew valley.exe,mapped=true,viewable=true,enabled=true,renderable=true,surface=false,application=true,keyPress=true,keyRelease=true,focusChange=true}
67694 pointer_focus_result focus_after={id=29360133,parent=25165831,name=Stardew Valley,class=stardew valley.exe,mapped=true,viewable=true,enabled=true,renderable=true,surface=false,application=true,keyPress=true,keyRelease=true,focusChange=true}
87041 pointer_focus point={id=16777246,parent=29360133,name=,class=,mapped=true,viewable=true,enabled=true,renderable=true,surface=false,application=false,keyPress=false,keyRelease=false,focusChange=false},focus_before={id=29360133,parent=25165831,name=Stardew Valley,class=stardew valley.exe,mapped=true,viewable=true,enabled=true,renderable=true,surface=false,application=true,keyPress=true,keyRelease=true,focusChange=true}
87041 pointer_focus_result focus_after={id=29360133,parent=25165831,name=Stardew Valley,class=stardew valley.exe,mapped=true,viewable=true,enabled=true,renderable=true,surface=false,application=true,keyPress=true,keyRelease=true,focusChange=true}
140164 binding_release binding=KEY_W,keycode=25
140165 inject_release keycode=25
140165 keyboard_release_suppressed reason=not_pressed_or_sticky,keycode=25
140165 binding_release binding=KEY_D,keycode=40
140165 inject_release keycode=40
140165 keyboard_release_suppressed reason=not_pressed_or_sticky,keycode=40
140165 binding_release binding=KEY_S,keycode=39
140165 inject_release keycode=39
140165 keyboard_release_suppressed reason=not_pressed_or_sticky,keycode=39
140165 binding_press binding=KEY_A,keycode=38
140165 inject_press keycode=38,keysym=0
140165 key_press_received keycode=38,keysym=0,focus={id=29360133,parent=25165831,name=Stardew Valley,class=stardew valley.exe,mapped=true,viewable=true,enabled=true,renderable=true,surface=false,application=true,keyPress=true,keyRelease=true,focusChange=true},point={id=16777246,parent=29360133,name=,class=,mapped=true,viewable=true,enabled=true,renderable=true,surface=false,application=false,keyPress=false,keyRelease=false,focusChange=false}
140166 key_press_ancestor_target target={id=29360133,parent=25165831,name=Stardew Valley,class=stardew valley.exe,mapped=true,viewable=true,enabled=true,renderable=true,surface=false,application=true,keyPress=true,keyRelease=true,focusChange=true}
140166 key_press_sent keycode=38,target={id=29360133,parent=25165831,name=Stardew Valley,class=stardew valley.exe,mapped=true,viewable=true,enabled=true,renderable=true,surface=false,application=true,keyPress=true,keyRelease=true,focusChange=true}
140166 winhandler_keyboard_queued vkey=65,flags=0
140167 winhandler_keyboard_packet vkey=65,flags=0,sent=true
140193 binding_release binding=KEY_W,keycode=25
140193 inject_release keycode=25
140193 keyboard_release_suppressed reason=not_pressed_or_sticky,keycode=25
140193 binding_release binding=KEY_D,keycode=40
140193 inject_release keycode=40
140193 keyboard_release_suppressed reason=not_pressed_or_sticky,keycode=40
140193 binding_release binding=KEY_S,keycode=39
140193 inject_release keycode=39
140193 keyboard_release_suppressed reason=not_pressed_or_sticky,keycode=39
140193 binding_press binding=KEY_A,keycode=38
140193 inject_press keycode=38,keysym=0
140193 keyboard_press_suppressed reason=already_pressed,keycode=38
140209 binding_release binding=KEY_W,keycode=25
140210 inject_release keycode=25
140210 keyboard_release_suppressed reason=not_pressed_or_sticky,keycode=25
140210 binding_release binding=KEY_D,keycode=40
140210 inject_release keycode=40
140210 keyboard_release_suppressed reason=not_pressed_or_sticky,keycode=40
140210 binding_release binding=KEY_S,keycode=39
140210 inject_release keycode=39
140210 keyboard_release_suppressed reason=not_pressed_or_sticky,keycode=39
140210 binding_press binding=KEY_A,keycode=38
140210 inject_press keycode=38,keysym=0
140210 keyboard_press_suppressed reason=already_pressed,keycode=38
140310 binding_release binding=KEY_W,keycode=25
140310 inject_release keycode=25
140310 keyboard_release_suppressed reason=not_pressed_or_sticky,keycode=25
140310 binding_release binding=KEY_D,keycode=40
140310 inject_release keycode=40
140311 keyboard_release_suppressed reason=not_pressed_or_sticky,keycode=40
140311 binding_release binding=KEY_S,keycode=39
140311 inject_release keycode=39
140311 keyboard_release_suppressed reason=not_pressed_or_sticky,keycode=39
140311 binding_press binding=KEY_A,keycode=38
140311 inject_press keycode=38,keysym=0
140311 keyboard_press_suppressed reason=already_pressed,keycode=38
140342 binding_release binding=KEY_W,keycode=25
140342 inject_release keycode=25
140342 keyboard_release_suppressed reason=not_pressed_or_sticky,keycode=25
140342 binding_release binding=KEY_D,keycode=40
140343 inject_release keycode=40
140343 keyboard_release_suppressed reason=not_pressed_or_sticky,keycode=40
140343 binding_release binding=KEY_S,keycode=39
140343 inject_release keycode=39
140343 keyboard_release_suppressed reason=not_pressed_or_sticky,keycode=39
140343 binding_press binding=KEY_A,keycode=38
140343 inject_press keycode=38,keysym=0
140343 keyboard_press_suppressed reason=already_pressed,keycode=38
140359 binding_release binding=KEY_W,keycode=25
140359 inject_release keycode=25
140359 keyboard_release_suppressed reason=not_pressed_or_sticky,keycode=25
140359 binding_release binding=KEY_D,keycode=40
140359 inject_release keycode=40
140359 keyboard_release_suppressed reason=not_pressed_or_sticky,keycode=40
140359 binding_release binding=KEY_S,keycode=39
140359 inject_release keycode=39
140359 keyboard_release_suppressed reason=not_pressed_or_sticky,keycode=39
140359 binding_press binding=KEY_A,keycode=38
140359 inject_press keycode=38,keysym=0
140359 keyboard_press_suppressed reason=already_pressed,keycode=38
140376 binding_release binding=KEY_W,keycode=25
140376 inject_release keycode=25
140376 keyboard_release_suppressed reason=not_pressed_or_sticky,keycode=25
140376 binding_release binding=KEY_D,keycode=40
140376 inject_release keycode=40
140376 keyboard_release_suppressed reason=not_pressed_or_sticky,keycode=40
140376 binding_release binding=KEY_S,keycode=39
140376 inject_release keycode=39
140376 keyboard_release_suppressed reason=not_pressed_or_sticky,keycode=39
140376 binding_press binding=KEY_A,keycode=38
140376 inject_press keycode=38,keysym=0
140376 keyboard_press_suppressed reason=already_pressed,keycode=38
140392 binding_release binding=KEY_W,keycode=25
140392 inject_release keycode=25
140392 keyboard_release_suppressed reason=not_pressed_or_sticky,keycode=25
140392 binding_release binding=KEY_D,keycode=40
140393 inject_release keycode=40
140393 keyboard_release_suppressed reason=not_pressed_or_sticky,keycode=40
140393 binding_release binding=KEY_S,keycode=39
140393 inject_release keycode=39
140393 keyboard_release_suppressed reason=not_pressed_or_sticky,keycode=39
140393 binding_press binding=KEY_A,keycode=38
140393 inject_press keycode=38,keysym=0
140393 keyboard_press_suppressed reason=already_pressed,keycode=38
140409 binding_release binding=KEY_W,keycode=25
140409 inject_release keycode=25
140409 keyboard_release_suppressed reason=not_pressed_or_sticky,keycode=25
140409 binding_release binding=KEY_D,keycode=40
140409 inject_release keycode=40
140409 keyboard_release_suppressed reason=not_pressed_or_sticky,keycode=40
140409 binding_release binding=KEY_S,keycode=39
140409 inject_release keycode=39
140409 keyboard_release_suppressed reason=not_pressed_or_sticky,keycode=39
140409 binding_press binding=KEY_A,keycode=38
140409 inject_press keycode=38,keysym=0
140409 keyboard_press_suppressed reason=already_pressed,keycode=38
140459 binding_release binding=KEY_W,keycode=25
140459 inject_release keycode=25
140459 keyboard_release_suppressed reason=not_pressed_or_sticky,keycode=25
140459 binding_release binding=KEY_D,keycode=40
140459 inject_release keycode=40
140459 keyboard_release_suppressed reason=not_pressed_or_sticky,keycode=40
140459 binding_release binding=KEY_S,keycode=39
140459 inject_release keycode=39
140459 keyboard_release_suppressed reason=not_pressed_or_sticky,keycode=39
140460 binding_press binding=KEY_A,keycode=38
140460 inject_press keycode=38,keysym=0
140460 keyboard_press_suppressed reason=already_pressed,keycode=38
140475 binding_release binding=KEY_W,keycode=25
140476 inject_release keycode=25
140476 keyboard_release_suppressed reason=not_pressed_or_sticky,keycode=25
140476 binding_release binding=KEY_D,keycode=40
140476 inject_release keycode=40
140476 keyboard_release_suppressed reason=not_pressed_or_sticky,keycode=40
140476 binding_release binding=KEY_S,keycode=39
140476 inject_release keycode=39
140476 keyboard_release_suppressed reason=not_pressed_or_sticky,keycode=39
140476 binding_press binding=KEY_A,keycode=38
140476 inject_press keycode=38,keysym=0
140476 keyboard_press_suppressed reason=already_pressed,keycode=38
140492 binding_release binding=KEY_W,keycode=25
140492 inject_release keycode=25
140492 keyboard_release_suppressed reason=not_pressed_or_sticky,keycode=25
140492 binding_release binding=KEY_D,keycode=40
140492 inject_release keycode=40
140492 keyboard_release_suppressed reason=not_pressed_or_sticky,keycode=40
140492 binding_release binding=KEY_S,keycode=39
140492 inject_release keycode=39
140492 keyboard_release_suppressed reason=not_pressed_or_sticky,keycode=39
140492 binding_press binding=KEY_A,keycode=38
140492 inject_press keycode=38,keysym=0
140492 keyboard_press_suppressed reason=already_pressed,keycode=38
140525 binding_release binding=KEY_W,keycode=25
140525 inject_release keycode=25
140525 keyboard_release_suppressed reason=not_pressed_or_sticky,keycode=25
140525 binding_release binding=KEY_D,keycode=40
140525 inject_release keycode=40
140525 keyboard_release_suppressed reason=not_pressed_or_sticky,keycode=40
140526 binding_release binding=KEY_S,keycode=39
140526 inject_release keycode=39
140526 keyboard_release_suppressed reason=not_pressed_or_sticky,keycode=39
140526 binding_press binding=KEY_A,keycode=38
140526 inject_press keycode=38,keysym=0
140526 keyboard_press_suppressed reason=already_pressed,keycode=38
140558 binding_release binding=KEY_W,keycode=25
140558 inject_release keycode=25
140559 keyboard_release_suppressed reason=not_pressed_or_sticky,keycode=25
140559 binding_release binding=KEY_D,keycode=40
140559 inject_release keycode=40
140559 keyboard_release_suppressed reason=not_pressed_or_sticky,keycode=40
140559 binding_release binding=KEY_S,keycode=39
140559 inject_release keycode=39
140559 keyboard_release_suppressed reason=not_pressed_or_sticky,keycode=39
140559 binding_press binding=KEY_A,keycode=38
140559 inject_press keycode=38,keysym=0
140559 keyboard_press_suppressed reason=already_pressed,keycode=38
140575 binding_release binding=KEY_W,keycode=25
140575 inject_release keycode=25
140575 keyboard_release_suppressed reason=not_pressed_or_sticky,keycode=25
140575 binding_release binding=KEY_D,keycode=40
140575 inject_release keycode=40
140575 keyboard_release_suppressed reason=not_pressed_or_sticky,keycode=40
140575 binding_release binding=KEY_S,keycode=39
140575 inject_release keycode=39
140575 keyboard_release_suppressed reason=not_pressed_or_sticky,keycode=39
140576 binding_press binding=KEY_A,keycode=38
140576 inject_press keycode=38,keysym=0
140576 keyboard_press_suppressed reason=already_pressed,keycode=38
140592 binding_release binding=KEY_W,keycode=25
140592 inject_release keycode=25
140592 keyboard_release_suppressed reason=not_pressed_or_sticky,keycode=25
140592 binding_release binding=KEY_D,keycode=40
140592 inject_release keycode=40
140592 keyboard_release_suppressed reason=not_pressed_or_sticky,keycode=40
140592 binding_release binding=KEY_S,keycode=39
140592 inject_release keycode=39
140592 keyboard_release_suppressed reason=not_pressed_or_sticky,keycode=39
140592 binding_press binding=KEY_A,keycode=38
140592 inject_press keycode=38,keysym=0
140592 keyboard_press_suppressed reason=already_pressed,keycode=38
140608 binding_release binding=KEY_W,keycode=25
140608 inject_release keycode=25
140608 keyboard_release_suppressed reason=not_pressed_or_sticky,keycode=25
140608 binding_release binding=KEY_D,keycode=40
140608 inject_release keycode=40
140608 keyboard_release_suppressed reason=not_pressed_or_sticky,keycode=40
140608 binding_release binding=KEY_S,keycode=39
140608 inject_release keycode=39
140608 keyboard_release_suppressed reason=not_pressed_or_sticky,keycode=39
140608 binding_press binding=KEY_A,keycode=38
140608 inject_press keycode=38,keysym=0
140609 keyboard_press_suppressed reason=already_pressed,keycode=38
140625 binding_release binding=KEY_W,keycode=25
140626 inject_release keycode=25
140626 keyboard_release_suppressed reason=not_pressed_or_sticky,keycode=25
140626 binding_release binding=KEY_D,keycode=40
140626 inject_release keycode=40
140626 keyboard_release_suppressed reason=not_pressed_or_sticky,keycode=40
140626 binding_release binding=KEY_S,keycode=39
140626 inject_release keycode=39
140626 keyboard_release_suppressed reason=not_pressed_or_sticky,keycode=39
140626 binding_press binding=KEY_A,keycode=38
140626 inject_press keycode=38,keysym=0
140626 keyboard_press_suppressed reason=already_pressed,keycode=38
140641 binding_release binding=KEY_W,keycode=25
140642 inject_release keycode=25
140642 keyboard_release_suppressed reason=not_pressed_or_sticky,keycode=25
140642 binding_release binding=KEY_D,keycode=40
140642 inject_release keycode=40
140642 keyboard_release_suppressed reason=not_pressed_or_sticky,keycode=40
140642 binding_release binding=KEY_S,keycode=39
140642 inject_release keycode=39
140642 keyboard_release_suppressed reason=not_pressed_or_sticky,keycode=39
140642 binding_press binding=KEY_A,keycode=38
140642 inject_press keycode=38,keysym=0
140642 keyboard_press_suppressed reason=already_pressed,keycode=38
140675 binding_release binding=KEY_W,keycode=25
140675 inject_release keycode=25
140675 keyboard_release_suppressed reason=not_pressed_or_sticky,keycode=25
140675 binding_release binding=KEY_D,keycode=40
140675 inject_release keycode=40
140675 keyboard_release_suppressed reason=not_pressed_or_sticky,keycode=40
140675 binding_release binding=KEY_S,keycode=39
140675 inject_release keycode=39
140675 keyboard_release_suppressed reason=not_pressed_or_sticky,keycode=39
140675 binding_press binding=KEY_A,keycode=38
140675 inject_press keycode=38,keysym=0
140675 keyboard_press_suppressed reason=already_pressed,keycode=38
140691 binding_release binding=KEY_W,keycode=25
140692 inject_release keycode=25
140692 keyboard_release_suppressed reason=not_pressed_or_sticky,keycode=25
140692 binding_release binding=KEY_D,keycode=40
140692 inject_release keycode=40
140692 keyboard_release_suppressed reason=not_pressed_or_sticky,keycode=40
140692 binding_release binding=KEY_S,keycode=39
140692 inject_release keycode=39
140692 keyboard_release_suppressed reason=not_pressed_or_sticky,keycode=39
140692 binding_press binding=KEY_A,keycode=38
140692 inject_press keycode=38,keysym=0
140692 keyboard_press_suppressed reason=already_pressed,keycode=38
140708 binding_release binding=KEY_W,keycode=25
140708 inject_release keycode=25
140708 keyboard_release_suppressed reason=not_pressed_or_sticky,keycode=25
140708 binding_release binding=KEY_D,keycode=40
140708 inject_release keycode=40
140708 keyboard_release_suppressed reason=not_pressed_or_sticky,keycode=40
140708 binding_release binding=KEY_S,keycode=39
140708 inject_release keycode=39
140708 keyboard_release_suppressed reason=not_pressed_or_sticky,keycode=39
140708 binding_press binding=KEY_A,keycode=38
140708 inject_press keycode=38,keysym=0
140708 keyboard_press_suppressed reason=already_pressed,keycode=38
140725 binding_release binding=KEY_W,keycode=25
140725 inject_release keycode=25
140725 keyboard_release_suppressed reason=not_pressed_or_sticky,keycode=25
140725 binding_release binding=KEY_D,keycode=40
140725 inject_release keycode=40
140725 keyboard_release_suppressed reason=not_pressed_or_sticky,keycode=40
140725 binding_release binding=KEY_S,keycode=39
140725 inject_release keycode=39
140725 keyboard_release_suppressed reason=not_pressed_or_sticky,keycode=39
140725 binding_press binding=KEY_A,keycode=38
140725 inject_press keycode=38,keysym=0
140725 keyboard_press_suppressed reason=already_pressed,keycode=38
140741 binding_release binding=KEY_W,keycode=25
140741 inject_release keycode=25
140741 keyboard_release_suppressed reason=not_pressed_or_sticky,keycode=25
140741 binding_release binding=KEY_D,keycode=40
140741 inject_release keycode=40
140741 keyboard_release_suppressed reason=not_pressed_or_sticky,keycode=40
140741 binding_release binding=KEY_S,keycode=39
140741 inject_release keycode=39
140741 keyboard_release_suppressed reason=not_pressed_or_sticky,keycode=39
140741 binding_press binding=KEY_A,keycode=38
140741 inject_press keycode=38,keysym=0
140742 keyboard_press_suppressed reason=already_pressed,keycode=38
140758 binding_release binding=KEY_W,keycode=25
140758 inject_release keycode=25
140758 keyboard_release_suppressed reason=not_pressed_or_sticky,keycode=25
140758 binding_release binding=KEY_D,keycode=40
140758 inject_release keycode=40
140758 keyboard_release_suppressed reason=not_pressed_or_sticky,keycode=40
140758 binding_release binding=KEY_S,keycode=39
140758 inject_release keycode=39
140758 keyboard_release_suppressed reason=not_pressed_or_sticky,keycode=39
140758 binding_press binding=KEY_A,keycode=38
140758 inject_press keycode=38,keysym=0
140758 keyboard_press_suppressed reason=already_pressed,keycode=38
140791 binding_release binding=KEY_W,keycode=25
140791 inject_release keycode=25
140791 keyboard_release_suppressed reason=not_pressed_or_sticky,keycode=25
140791 binding_release binding=KEY_D,keycode=40
140791 inject_release keycode=40
140791 keyboard_release_suppressed reason=not_pressed_or_sticky,keycode=40
140792 binding_release binding=KEY_S,keycode=39
140792 inject_release keycode=39
140792 keyboard_release_suppressed reason=not_pressed_or_sticky,keycode=39
140792 binding_press binding=KEY_A,keycode=38
140792 inject_press keycode=38,keysym=0
140792 keyboard_press_suppressed reason=already_pressed,keycode=38
140824 binding_release binding=KEY_W,keycode=25
140824 inject_release keycode=25
140824 keyboard_release_suppressed reason=not_pressed_or_sticky,keycode=25
140824 binding_release binding=KEY_D,keycode=40
140824 inject_release keycode=40
140824 keyboard_release_suppressed reason=not_pressed_or_sticky,keycode=40
140824 binding_release binding=KEY_S,keycode=39
140824 inject_release keycode=39
140824 keyboard_release_suppressed reason=not_pressed_or_sticky,keycode=39
140824 binding_press binding=KEY_A,keycode=38
140824 inject_press keycode=38,keysym=0
140824 keyboard_press_suppressed reason=already_pressed,keycode=38
140924 binding_release binding=KEY_W,keycode=25
140924 inject_release keycode=25
140924 keyboard_release_suppressed reason=not_pressed_or_sticky,keycode=25
140924 binding_release binding=KEY_D,keycode=40
140924 inject_release keycode=40
140924 keyboard_release_suppressed reason=not_pressed_or_sticky,keycode=40
140924 binding_release binding=KEY_S,keycode=39
140924 inject_release keycode=39
140924 keyboard_release_suppressed reason=not_pressed_or_sticky,keycode=39
140924 binding_press binding=KEY_A,keycode=38
140924 inject_press keycode=38,keysym=0
140924 keyboard_press_suppressed reason=already_pressed,keycode=38
140990 binding_release binding=KEY_W,keycode=25
140990 inject_release keycode=25
140991 keyboard_release_suppressed reason=not_pressed_or_sticky,keycode=25
140991 binding_release binding=KEY_D,keycode=40
140991 inject_release keycode=40
140991 keyboard_release_suppressed reason=not_pressed_or_sticky,keycode=40
140991 binding_release binding=KEY_S,keycode=39
140991 inject_release keycode=39
140991 keyboard_release_suppressed reason=not_pressed_or_sticky,keycode=39
140991 binding_press binding=KEY_A,keycode=38
140991 inject_press keycode=38,keysym=0
140991 keyboard_press_suppressed reason=already_pressed,keycode=38
141106 binding_release binding=KEY_W,keycode=25
141106 inject_release keycode=25
141106 keyboard_release_suppressed reason=not_pressed_or_sticky,keycode=25
141106 binding_release binding=KEY_D,keycode=40
141106 inject_release keycode=40
141106 keyboard_release_suppressed reason=not_pressed_or_sticky,keycode=40
141106 binding_release binding=KEY_S,keycode=39
141107 inject_release keycode=39
141107 keyboard_release_suppressed reason=not_pressed_or_sticky,keycode=39
141107 binding_press binding=KEY_A,keycode=38
141107 inject_press keycode=38,keysym=0
141107 keyboard_press_suppressed reason=already_pressed,keycode=38
141206 binding_release binding=KEY_W,keycode=25
141206 inject_release keycode=25
141206 keyboard_release_suppressed reason=not_pressed_or_sticky,keycode=25
141206 binding_release binding=KEY_D,keycode=40
141206 inject_release keycode=40
141206 keyboard_release_suppressed reason=not_pressed_or_sticky,keycode=40
141206 binding_release binding=KEY_S,keycode=39
141206 inject_release keycode=39
141206 keyboard_release_suppressed reason=not_pressed_or_sticky,keycode=39
141206 binding_press binding=KEY_A,keycode=38
141206 inject_press keycode=38,keysym=0
141207 keyboard_press_suppressed reason=already_pressed,keycode=38
141223 binding_release binding=KEY_W,keycode=25
141223 inject_release keycode=25
141223 keyboard_release_suppressed reason=not_pressed_or_sticky,keycode=25
141223 binding_release binding=KEY_D,keycode=40
141223 inject_release keycode=40
141223 keyboard_release_suppressed reason=not_pressed_or_sticky,keycode=40
141223 binding_release binding=KEY_S,keycode=39
141223 inject_release keycode=39
141223 keyboard_release_suppressed reason=not_pressed_or_sticky,keycode=39
141223 binding_press binding=KEY_A,keycode=38
141223 inject_press keycode=38,keysym=0
141223 keyboard_press_suppressed reason=already_pressed,keycode=38
141273 binding_release binding=KEY_W,keycode=25
141273 inject_release keycode=25
141273 keyboard_release_suppressed reason=not_pressed_or_sticky,keycode=25
141273 binding_release binding=KEY_D,keycode=40
141273 inject_release keycode=40
141273 keyboard_release_suppressed reason=not_pressed_or_sticky,keycode=40
141273 binding_release binding=KEY_S,keycode=39
141273 inject_release keycode=39
141273 keyboard_release_suppressed reason=not_pressed_or_sticky,keycode=39
141273 binding_press binding=KEY_A,keycode=38
141273 inject_press keycode=38,keysym=0
141273 keyboard_press_suppressed reason=already_pressed,keycode=38
141322 binding_release binding=KEY_W,keycode=25
141322 inject_release keycode=25
141322 keyboard_release_suppressed reason=not_pressed_or_sticky,keycode=25
141323 binding_release binding=KEY_D,keycode=40
141323 inject_release keycode=40
141323 keyboard_release_suppressed reason=not_pressed_or_sticky,keycode=40
141323 binding_release binding=KEY_S,keycode=39
141323 inject_release keycode=39
141323 keyboard_release_suppressed reason=not_pressed_or_sticky,keycode=39
141323 binding_press binding=KEY_A,keycode=38
141323 inject_press keycode=38,keysym=0
141323 keyboard_press_suppressed reason=already_pressed,keycode=38
141339 binding_release binding=KEY_W,keycode=25
141340 inject_release keycode=25
141340 keyboard_release_suppressed reason=not_pressed_or_sticky,keycode=25
141340 binding_release binding=KEY_D,keycode=40
141340 inject_release keycode=40
141340 keyboard_release_suppressed reason=not_pressed_or_sticky,keycode=40
141340 binding_release binding=KEY_S,keycode=39
141340 inject_release keycode=39
141340 keyboard_release_suppressed reason=not_pressed_or_sticky,keycode=39
141340 binding_press binding=KEY_A,keycode=38
141340 inject_press keycode=38,keysym=0
141340 keyboard_press_suppressed reason=already_pressed,keycode=38
141438 binding_release binding=KEY_W,keycode=25
141439 inject_release keycode=25
141439 keyboard_release_suppressed reason=not_pressed_or_sticky,keycode=25
141439 binding_release binding=KEY_D,keycode=40
141439 inject_release keycode=40
141439 keyboard_release_suppressed reason=not_pressed_or_sticky,keycode=40
141439 binding_release binding=KEY_S,keycode=39
141439 inject_release keycode=39
141439 keyboard_release_suppressed reason=not_pressed_or_sticky,keycode=39
141439 binding_press binding=KEY_A,keycode=38
141439 inject_press keycode=38,keysym=0
141439 keyboard_press_suppressed reason=already_pressed,keycode=38
141522 binding_release binding=KEY_W,keycode=25
141522 inject_release keycode=25
141522 keyboard_release_suppressed reason=not_pressed_or_sticky,keycode=25
141522 binding_release binding=KEY_D,keycode=40
141522 inject_release keycode=40
141522 keyboard_release_suppressed reason=not_pressed_or_sticky,keycode=40
141522 binding_release binding=KEY_S,keycode=39
141522 inject_release keycode=39
141522 keyboard_release_suppressed reason=not_pressed_or_sticky,keycode=39
141522 binding_press binding=KEY_A,keycode=38
141522 inject_press keycode=38,keysym=0
141522 keyboard_press_suppressed reason=already_pressed,keycode=38
141526 binding_release binding=KEY_W,keycode=25
141526 inject_release keycode=25
141526 keyboard_release_suppressed reason=not_pressed_or_sticky,keycode=25
141526 binding_release binding=KEY_D,keycode=40
141526 inject_release keycode=40
141526 keyboard_release_suppressed reason=not_pressed_or_sticky,keycode=40
141526 binding_release binding=KEY_S,keycode=39
141526 inject_release keycode=39
141526 keyboard_release_suppressed reason=not_pressed_or_sticky,keycode=39
141526 binding_press binding=KEY_A,keycode=38
141526 inject_press keycode=38,keysym=0
141526 keyboard_press_suppressed reason=already_pressed,keycode=38
141527 binding_release binding=KEY_A,keycode=38
141527 inject_release keycode=38
141527 key_release_received keycode=38,focus={id=29360133,parent=25165831,name=Stardew Valley,class=stardew valley.exe,mapped=true,viewable=true,enabled=true,renderable=true,surface=false,application=true,keyPress=true,keyRelease=true,focusChange=true},point={id=16777246,parent=29360133,name=,class=,mapped=true,viewable=true,enabled=true,renderable=true,surface=false,application=false,keyPress=false,keyRelease=false,focusChange=false}
141527 key_release_ancestor_target target={id=29360133,parent=25165831,name=Stardew Valley,class=stardew valley.exe,mapped=true,viewable=true,enabled=true,renderable=true,surface=false,application=true,keyPress=true,keyRelease=true,focusChange=true}
141527 key_release_sent keycode=38,target={id=29360133,parent=25165831,name=Stardew Valley,class=stardew valley.exe,mapped=true,viewable=true,enabled=true,renderable=true,surface=false,application=true,keyPress=true,keyRelease=true,focusChange=true}
141527 winhandler_keyboard_queued vkey=65,flags=2
141528 winhandler_keyboard_packet vkey=65,flags=2,sent=true
142148 binding_release binding=KEY_W,keycode=25
142148 inject_release keycode=25
142148 keyboard_release_suppressed reason=not_pressed_or_sticky,keycode=25
142148 binding_release binding=KEY_D,keycode=40
142149 inject_release keycode=40
142149 keyboard_release_suppressed reason=not_pressed_or_sticky,keycode=40
142149 binding_release binding=KEY_S,keycode=39
142149 inject_release keycode=39
142149 keyboard_release_suppressed reason=not_pressed_or_sticky,keycode=39
142149 binding_press binding=KEY_A,keycode=38
142149 inject_press keycode=38,keysym=0
142149 key_press_received keycode=38,keysym=0,focus={id=29360133,parent=25165831,name=Stardew Valley,class=stardew valley.exe,mapped=true,viewable=true,enabled=true,renderable=true,surface=false,application=true,keyPress=true,keyRelease=true,focusChange=true},point={id=16777246,parent=29360133,name=,class=,mapped=true,viewable=true,enabled=true,renderable=true,surface=false,application=false,keyPress=false,keyRelease=false,focusChange=false}
142149 key_press_ancestor_target target={id=29360133,parent=25165831,name=Stardew Valley,class=stardew valley.exe,mapped=true,viewable=true,enabled=true,renderable=true,surface=false,application=true,keyPress=true,keyRelease=true,focusChange=true}
142149 key_press_sent keycode=38,target={id=29360133,parent=25165831,name=Stardew Valley,class=stardew valley.exe,mapped=true,viewable=true,enabled=true,renderable=true,surface=false,application=true,keyPress=true,keyRelease=true,focusChange=true}
142150 winhandler_keyboard_queued vkey=65,flags=0
142150 winhandler_keyboard_packet vkey=65,flags=0,sent=true
142169 binding_release binding=KEY_W,keycode=25
142170 inject_release keycode=25
142170 keyboard_release_suppressed reason=not_pressed_or_sticky,keycode=25
142170 binding_release binding=KEY_D,keycode=40
142170 inject_release keycode=40
142170 keyboard_release_suppressed reason=not_pressed_or_sticky,keycode=40
142170 binding_release binding=KEY_S,keycode=39
142170 inject_release keycode=39
142170 keyboard_release_suppressed reason=not_pressed_or_sticky,keycode=39
142170 binding_press binding=KEY_A,keycode=38
142170 inject_press keycode=38,keysym=0
142170 keyboard_press_suppressed reason=already_pressed,keycode=38
142186 binding_release binding=KEY_W,keycode=25
142186 inject_release keycode=25
142186 keyboard_release_suppressed reason=not_pressed_or_sticky,keycode=25
142186 binding_release binding=KEY_D,keycode=40
142186 inject_release keycode=40
142186 keyboard_release_suppressed reason=not_pressed_or_sticky,keycode=40
142186 binding_release binding=KEY_S,keycode=39
142186 inject_release keycode=39
142186 keyboard_release_suppressed reason=not_pressed_or_sticky,keycode=39
142186 binding_press binding=KEY_A,keycode=38
142186 inject_press keycode=38,keysym=0
142186 keyboard_press_suppressed reason=already_pressed,keycode=38
142203 binding_release binding=KEY_W,keycode=25
142203 inject_release keycode=25
142203 keyboard_release_suppressed reason=not_pressed_or_sticky,keycode=25
142203 binding_release binding=KEY_D,keycode=40
142203 inject_release keycode=40
142203 keyboard_release_suppressed reason=not_pressed_or_sticky,keycode=40
142203 binding_release binding=KEY_S,keycode=39
142203 inject_release keycode=39
142203 keyboard_release_suppressed reason=not_pressed_or_sticky,keycode=39
142203 binding_press binding=KEY_A,keycode=38
142203 inject_press keycode=38,keysym=0
142203 keyboard_press_suppressed reason=already_pressed,keycode=38
142269 binding_release binding=KEY_W,keycode=25
142269 inject_release keycode=25
142269 keyboard_release_suppressed reason=not_pressed_or_sticky,keycode=25
142269 binding_release binding=KEY_D,keycode=40
142269 inject_release keycode=40
142269 keyboard_release_suppressed reason=not_pressed_or_sticky,keycode=40
142269 binding_release binding=KEY_S,keycode=39
142269 inject_release keycode=39
142269 keyboard_release_suppressed reason=not_pressed_or_sticky,keycode=39
142269 binding_press binding=KEY_A,keycode=38
142269 inject_press keycode=38,keysym=0
142269 keyboard_press_suppressed reason=already_pressed,keycode=38
142285 binding_release binding=KEY_W,keycode=25
142285 inject_release keycode=25
142286 keyboard_release_suppressed reason=not_pressed_or_sticky,keycode=25
142286 binding_release binding=KEY_D,keycode=40
142286 inject_release keycode=40
142286 keyboard_release_suppressed reason=not_pressed_or_sticky,keycode=40
142286 binding_release binding=KEY_S,keycode=39
142286 inject_release keycode=39
142286 keyboard_release_suppressed reason=not_pressed_or_sticky,keycode=39
142286 binding_press binding=KEY_A,keycode=38
142286 inject_press keycode=38,keysym=0
142286 keyboard_press_suppressed reason=already_pressed,keycode=38
142302 binding_release binding=KEY_W,keycode=25
142302 inject_release keycode=25
142302 keyboard_release_suppressed reason=not_pressed_or_sticky,keycode=25
142302 binding_release binding=KEY_D,keycode=40
142302 inject_release keycode=40
142302 keyboard_release_suppressed reason=not_pressed_or_sticky,keycode=40
142302 binding_release binding=KEY_S,keycode=39
142302 inject_release keycode=39
142302 keyboard_release_suppressed reason=not_pressed_or_sticky,keycode=39
142302 binding_press binding=KEY_A,keycode=38
142302 inject_press keycode=38,keysym=0
142302 keyboard_press_suppressed reason=already_pressed,keycode=38
142319 binding_release binding=KEY_W,keycode=25
142319 inject_release keycode=25
142319 keyboard_release_suppressed reason=not_pressed_or_sticky,keycode=25
142319 binding_release binding=KEY_D,keycode=40
142319 inject_release keycode=40
142319 keyboard_release_suppressed reason=not_pressed_or_sticky,keycode=40
142319 binding_release binding=KEY_S,keycode=39
142319 inject_release keycode=39
142319 keyboard_release_suppressed reason=not_pressed_or_sticky,keycode=39
142319 binding_press binding=KEY_A,keycode=38
142319 inject_press keycode=38,keysym=0
142319 keyboard_press_suppressed reason=already_pressed,keycode=38
142419 binding_release binding=KEY_W,keycode=25
142419 inject_release keycode=25
142419 keyboard_release_suppressed reason=not_pressed_or_sticky,keycode=25
142419 binding_release binding=KEY_D,keycode=40
142419 inject_release keycode=40
142419 keyboard_release_suppressed reason=not_pressed_or_sticky,keycode=40
142419 binding_release binding=KEY_S,keycode=39
142419 inject_release keycode=39
142419 keyboard_release_suppressed reason=not_pressed_or_sticky,keycode=39
142419 binding_press binding=KEY_A,keycode=38
142419 inject_press keycode=38,keysym=0
142419 keyboard_press_suppressed reason=already_pressed,keycode=38
142451 binding_release binding=KEY_W,keycode=25
142452 inject_release keycode=25
142452 keyboard_release_suppressed reason=not_pressed_or_sticky,keycode=25
142452 binding_release binding=KEY_D,keycode=40
142452 inject_release keycode=40
142452 keyboard_release_suppressed reason=not_pressed_or_sticky,keycode=40
142452 binding_release binding=KEY_S,keycode=39
142452 inject_release keycode=39
142452 keyboard_release_suppressed reason=not_pressed_or_sticky,keycode=39
142452 binding_press binding=KEY_A,keycode=38
142452 inject_press keycode=38,keysym=0
142452 keyboard_press_suppressed reason=already_pressed,keycode=38
142501 binding_release binding=KEY_W,keycode=25
142501 inject_release keycode=25
142502 keyboard_release_suppressed reason=not_pressed_or_sticky,keycode=25
142502 binding_release binding=KEY_D,keycode=40
142502 inject_release keycode=40
142502 keyboard_release_suppressed reason=not_pressed_or_sticky,keycode=40
142502 binding_release binding=KEY_S,keycode=39
142502 inject_release keycode=39
142502 keyboard_release_suppressed reason=not_pressed_or_sticky,keycode=39
142502 binding_press binding=KEY_A,keycode=38
142502 inject_press keycode=38,keysym=0
142502 keyboard_press_suppressed reason=already_pressed,keycode=38
142601 binding_release binding=KEY_W,keycode=25
142601 inject_release keycode=25
142601 keyboard_release_suppressed reason=not_pressed_or_sticky,keycode=25
142601 binding_release binding=KEY_D,keycode=40
142601 inject_release keycode=40
142601 keyboard_release_suppressed reason=not_pressed_or_sticky,keycode=40
142601 binding_release binding=KEY_S,keycode=39
142601 inject_release keycode=39
142601 keyboard_release_suppressed reason=not_pressed_or_sticky,keycode=39
142601 binding_press binding=KEY_A,keycode=38
142601 inject_press keycode=38,keysym=0
142601 keyboard_press_suppressed reason=already_pressed,keycode=38
142617 binding_release binding=KEY_W,keycode=25
142618 inject_release keycode=25
142618 keyboard_release_suppressed reason=not_pressed_or_sticky,keycode=25
142618 binding_release binding=KEY_D,keycode=40
142618 inject_release keycode=40
142618 keyboard_release_suppressed reason=not_pressed_or_sticky,keycode=40
142618 binding_release binding=KEY_S,keycode=39
142618 inject_release keycode=39
142618 keyboard_release_suppressed reason=not_pressed_or_sticky,keycode=39
142618 binding_press binding=KEY_A,keycode=38
142618 inject_press keycode=38,keysym=0
142618 keyboard_press_suppressed reason=already_pressed,keycode=38
142634 binding_release binding=KEY_W,keycode=25
142634 inject_release keycode=25
142634 keyboard_release_suppressed reason=not_pressed_or_sticky,keycode=25
142634 binding_release binding=KEY_D,keycode=40
142634 inject_release keycode=40
142634 keyboard_release_suppressed reason=not_pressed_or_sticky,keycode=40
142634 binding_release binding=KEY_S,keycode=39
142634 inject_release keycode=39
142634 keyboard_release_suppressed reason=not_pressed_or_sticky,keycode=39
142634 binding_press binding=KEY_A,keycode=38
142634 inject_press keycode=38,keysym=0
142634 keyboard_press_suppressed reason=already_pressed,keycode=38
142651 binding_release binding=KEY_W,keycode=25
142651 inject_release keycode=25
142651 keyboard_release_suppressed reason=not_pressed_or_sticky,keycode=25
142651 binding_release binding=KEY_D,keycode=40
142651 inject_release keycode=40
142651 keyboard_release_suppressed reason=not_pressed_or_sticky,keycode=40
142651 binding_release binding=KEY_S,keycode=39
142651 inject_release keycode=39
142651 keyboard_release_suppressed reason=not_pressed_or_sticky,keycode=39
142651 binding_press binding=KEY_A,keycode=38
142651 inject_press keycode=38,keysym=0
142651 keyboard_press_suppressed reason=already_pressed,keycode=38
142667 binding_release binding=KEY_W,keycode=25
142667 inject_release keycode=25
142667 keyboard_release_suppressed reason=not_pressed_or_sticky,keycode=25
142668 binding_release binding=KEY_D,keycode=40
142668 inject_release keycode=40
142668 keyboard_release_suppressed reason=not_pressed_or_sticky,keycode=40
142668 binding_release binding=KEY_S,keycode=39
142668 inject_release keycode=39
142668 keyboard_release_suppressed reason=not_pressed_or_sticky,keycode=39
142668 binding_press binding=KEY_A,keycode=38
142668 inject_press keycode=38,keysym=0
142668 keyboard_press_suppressed reason=already_pressed,keycode=38
142767 binding_release binding=KEY_W,keycode=25
142767 inject_release keycode=25
142767 keyboard_release_suppressed reason=not_pressed_or_sticky,keycode=25
142767 binding_release binding=KEY_D,keycode=40
142767 inject_release keycode=40
142767 keyboard_release_suppressed reason=not_pressed_or_sticky,keycode=40
142767 binding_release binding=KEY_S,keycode=39
142767 inject_release keycode=39
142767 keyboard_release_suppressed reason=not_pressed_or_sticky,keycode=39
142767 binding_press binding=KEY_A,keycode=38
142767 inject_press keycode=38,keysym=0
142768 keyboard_press_suppressed reason=already_pressed,keycode=38
142784 binding_release binding=KEY_W,keycode=25
142784 inject_release keycode=25
142784 keyboard_release_suppressed reason=not_pressed_or_sticky,keycode=25
142784 binding_release binding=KEY_D,keycode=40
142784 inject_release keycode=40
142784 keyboard_release_suppressed reason=not_pressed_or_sticky,keycode=40
142784 binding_release binding=KEY_S,keycode=39
142784 inject_release keycode=39
142784 keyboard_release_suppressed reason=not_pressed_or_sticky,keycode=39
142784 binding_press binding=KEY_A,keycode=38
142784 inject_press keycode=38,keysym=0
142784 keyboard_press_suppressed reason=already_pressed,keycode=38
142800 binding_release binding=KEY_W,keycode=25
142801 inject_release keycode=25
142801 keyboard_release_suppressed reason=not_pressed_or_sticky,keycode=25
142801 binding_release binding=KEY_D,keycode=40
142801 inject_release keycode=40
142801 keyboard_release_suppressed reason=not_pressed_or_sticky,keycode=40
142801 binding_release binding=KEY_S,keycode=39
142801 inject_release keycode=39
142801 keyboard_release_suppressed reason=not_pressed_or_sticky,keycode=39
142801 binding_press binding=KEY_A,keycode=38
142801 inject_press keycode=38,keysym=0
142801 keyboard_press_suppressed reason=already_pressed,keycode=38
142817 binding_release binding=KEY_W,keycode=25
142817 inject_release keycode=25
142817 keyboard_release_suppressed reason=not_pressed_or_sticky,keycode=25
142817 binding_release binding=KEY_D,keycode=40
142817 inject_release keycode=40
142817 keyboard_release_suppressed reason=not_pressed_or_sticky,keycode=40
142817 binding_release binding=KEY_S,keycode=39
142817 inject_release keycode=39
142817 keyboard_release_suppressed reason=not_pressed_or_sticky,keycode=39
142817 binding_press binding=KEY_A,keycode=38
142817 inject_press keycode=38,keysym=0
142817 keyboard_press_suppressed reason=already_pressed,keycode=38
142916 binding_release binding=KEY_W,keycode=25
142917 inject_release keycode=25
142917 keyboard_release_suppressed reason=not_pressed_or_sticky,keycode=25
142917 binding_release binding=KEY_D,keycode=40
142917 inject_release keycode=40
142917 keyboard_release_suppressed reason=not_pressed_or_sticky,keycode=40
142917 binding_release binding=KEY_S,keycode=39
142917 inject_release keycode=39
142917 keyboard_release_suppressed reason=not_pressed_or_sticky,keycode=39
142917 binding_press binding=KEY_A,keycode=38
142917 inject_press keycode=38,keysym=0
142917 keyboard_press_suppressed reason=already_pressed,keycode=38
142950 binding_release binding=KEY_W,keycode=25
142950 inject_release keycode=25
142950 keyboard_release_suppressed reason=not_pressed_or_sticky,keycode=25
142950 binding_release binding=KEY_D,keycode=40
142950 inject_release keycode=40
142950 keyboard_release_suppressed reason=not_pressed_or_sticky,keycode=40
142950 binding_release binding=KEY_S,keycode=39
142950 inject_release keycode=39
142950 keyboard_release_suppressed reason=not_pressed_or_sticky,keycode=39
142950 binding_press binding=KEY_A,keycode=38
142950 inject_press keycode=38,keysym=0
142950 keyboard_press_suppressed reason=already_pressed,keycode=38
142966 binding_release binding=KEY_W,keycode=25
142967 inject_release keycode=25
142967 keyboard_release_suppressed reason=not_pressed_or_sticky,keycode=25
142967 binding_release binding=KEY_D,keycode=40
142967 inject_release keycode=40
142967 keyboard_release_suppressed reason=not_pressed_or_sticky,keycode=40
142967 binding_release binding=KEY_S,keycode=39
142967 inject_release keycode=39
142967 keyboard_release_suppressed reason=not_pressed_or_sticky,keycode=39
142967 binding_press binding=KEY_A,keycode=38
142967 inject_press keycode=38,keysym=0
142967 keyboard_press_suppressed reason=already_pressed,keycode=38
142999 binding_release binding=KEY_W,keycode=25
143000 inject_release keycode=25
143000 keyboard_release_suppressed reason=not_pressed_or_sticky,keycode=25
143000 binding_release binding=KEY_D,keycode=40
143000 inject_release keycode=40
143000 keyboard_release_suppressed reason=not_pressed_or_sticky,keycode=40
143000 binding_release binding=KEY_S,keycode=39
143000 inject_release keycode=39
143000 keyboard_release_suppressed reason=not_pressed_or_sticky,keycode=39
143000 binding_press binding=KEY_A,keycode=38
143000 inject_press keycode=38,keysym=0
143000 keyboard_press_suppressed reason=already_pressed,keycode=38
143016 binding_release binding=KEY_W,keycode=25
143016 inject_release keycode=25
143016 keyboard_release_suppressed reason=not_pressed_or_sticky,keycode=25
143016 binding_release binding=KEY_D,keycode=40
143016 inject_release keycode=40
143016 keyboard_release_suppressed reason=not_pressed_or_sticky,keycode=40
143016 binding_release binding=KEY_S,keycode=39
143017 inject_release keycode=39
143017 keyboard_release_suppressed reason=not_pressed_or_sticky,keycode=39
143017 binding_press binding=KEY_A,keycode=38
143017 inject_press keycode=38,keysym=0
143017 keyboard_press_suppressed reason=already_pressed,keycode=38
143049 binding_release binding=KEY_W,keycode=25
143049 inject_release keycode=25
143049 keyboard_release_suppressed reason=not_pressed_or_sticky,keycode=25
143050 binding_release binding=KEY_D,keycode=40
143050 inject_release keycode=40
143050 keyboard_release_suppressed reason=not_pressed_or_sticky,keycode=40
143050 binding_release binding=KEY_S,keycode=39
143050 inject_release keycode=39
143050 keyboard_release_suppressed reason=not_pressed_or_sticky,keycode=39
143050 binding_press binding=KEY_A,keycode=38
143050 inject_press keycode=38,keysym=0
143050 keyboard_press_suppressed reason=already_pressed,keycode=38
143066 binding_release binding=KEY_W,keycode=25
143067 inject_release keycode=25
143067 keyboard_release_suppressed reason=not_pressed_or_sticky,keycode=25
143067 binding_release binding=KEY_D,keycode=40
143067 inject_release keycode=40
143067 keyboard_release_suppressed reason=not_pressed_or_sticky,keycode=40
143067 binding_release binding=KEY_S,keycode=39
143067 inject_release keycode=39
143067 keyboard_release_suppressed reason=not_pressed_or_sticky,keycode=39
143067 binding_press binding=KEY_A,keycode=38
143067 inject_press keycode=38,keysym=0
143067 keyboard_press_suppressed reason=already_pressed,keycode=38
143083 binding_release binding=KEY_W,keycode=25
143083 inject_release keycode=25
143083 keyboard_release_suppressed reason=not_pressed_or_sticky,keycode=25
143083 binding_release binding=KEY_D,keycode=40
143083 inject_release keycode=40
143083 keyboard_release_suppressed reason=not_pressed_or_sticky,keycode=40
143083 binding_release binding=KEY_S,keycode=39
143083 inject_release keycode=39
143083 keyboard_release_suppressed reason=not_pressed_or_sticky,keycode=39
143083 binding_press binding=KEY_A,keycode=38
143083 inject_press keycode=38,keysym=0
143083 keyboard_press_suppressed reason=already_pressed,keycode=38
143099 binding_release binding=KEY_W,keycode=25
143099 inject_release keycode=25
143099 keyboard_release_suppressed reason=not_pressed_or_sticky,keycode=25
143099 binding_release binding=KEY_D,keycode=40
143100 inject_release keycode=40
143100 keyboard_release_suppressed reason=not_pressed_or_sticky,keycode=40
143100 binding_release binding=KEY_S,keycode=39
143100 inject_release keycode=39
143100 keyboard_release_suppressed reason=not_pressed_or_sticky,keycode=39
143100 binding_press binding=KEY_A,keycode=38
143100 inject_press keycode=38,keysym=0
143100 keyboard_press_suppressed reason=already_pressed,keycode=38
143116 binding_release binding=KEY_W,keycode=25
143116 inject_release keycode=25
143116 keyboard_release_suppressed reason=not_pressed_or_sticky,keycode=25
143116 binding_release binding=KEY_D,keycode=40
143116 inject_release keycode=40
143116 keyboard_release_suppressed reason=not_pressed_or_sticky,keycode=40
143116 binding_release binding=KEY_S,keycode=39
143116 inject_release keycode=39
143116 keyboard_release_suppressed reason=not_pressed_or_sticky,keycode=39
143116 binding_press binding=KEY_A,keycode=38
143116 inject_press keycode=38,keysym=0
143116 keyboard_press_suppressed reason=already_pressed,keycode=38
143149 binding_release binding=KEY_W,keycode=25
143149 inject_release keycode=25
143149 keyboard_release_suppressed reason=not_pressed_or_sticky,keycode=25
143149 binding_release binding=KEY_D,keycode=40
143149 inject_release keycode=40
143149 keyboard_release_suppressed reason=not_pressed_or_sticky,keycode=40
143149 binding_release binding=KEY_S,keycode=39
143149 inject_release keycode=39
143149 keyboard_release_suppressed reason=not_pressed_or_sticky,keycode=39
143149 binding_press binding=KEY_A,keycode=38
143149 inject_press keycode=38,keysym=0
143149 keyboard_press_suppressed reason=already_pressed,keycode=38
143182 binding_release binding=KEY_W,keycode=25
143182 inject_release keycode=25
143182 keyboard_release_suppressed reason=not_pressed_or_sticky,keycode=25
143182 binding_release binding=KEY_D,keycode=40
143183 inject_release keycode=40
143183 keyboard_release_suppressed reason=not_pressed_or_sticky,keycode=40
143183 binding_release binding=KEY_S,keycode=39
143183 inject_release keycode=39
143183 keyboard_release_suppressed reason=not_pressed_or_sticky,keycode=39
143183 binding_press binding=KEY_A,keycode=38
143183 inject_press keycode=38,keysym=0
143183 keyboard_press_suppressed reason=already_pressed,keycode=38
143199 binding_release binding=KEY_W,keycode=25
143199 inject_release keycode=25
143199 keyboard_release_suppressed reason=not_pressed_or_sticky,keycode=25
143199 binding_release binding=KEY_D,keycode=40
143199 inject_release keycode=40
143199 keyboard_release_suppressed reason=not_pressed_or_sticky,keycode=40
143199 binding_release binding=KEY_S,keycode=39
143199 inject_release keycode=39
143199 keyboard_release_suppressed reason=not_pressed_or_sticky,keycode=39
143199 binding_press binding=KEY_A,keycode=38
143199 inject_press keycode=38,keysym=0
143199 keyboard_press_suppressed reason=already_pressed,keycode=38
143232 binding_release binding=KEY_W,keycode=25
143232 inject_release keycode=25
143232 keyboard_release_suppressed reason=not_pressed_or_sticky,keycode=25
143232 binding_release binding=KEY_D,keycode=40
143232 inject_release keycode=40
143232 keyboard_release_suppressed reason=not_pressed_or_sticky,keycode=40
143232 binding_release binding=KEY_S,keycode=39
143232 inject_release keycode=39
143232 keyboard_release_suppressed reason=not_pressed_or_sticky,keycode=39
143232 binding_press binding=KEY_A,keycode=38
143232 inject_press keycode=38,keysym=0
143233 keyboard_press_suppressed reason=already_pressed,keycode=38
143249 binding_release binding=KEY_W,keycode=25
143249 inject_release keycode=25
143249 keyboard_release_suppressed reason=not_pressed_or_sticky,keycode=25
143249 binding_release binding=KEY_D,keycode=40
143249 inject_release keycode=40
143249 keyboard_release_suppressed reason=not_pressed_or_sticky,keycode=40
143249 binding_release binding=KEY_S,keycode=39
143249 inject_release keycode=39
143249 keyboard_release_suppressed reason=not_pressed_or_sticky,keycode=39
143249 binding_press binding=KEY_A,keycode=38
143249 inject_press keycode=38,keysym=0
143249 keyboard_press_suppressed reason=already_pressed,keycode=38
143265 binding_release binding=KEY_W,keycode=25
143266 inject_release keycode=25
143266 keyboard_release_suppressed reason=not_pressed_or_sticky,keycode=25
143266 binding_release binding=KEY_D,keycode=40
143266 inject_release keycode=40
143266 keyboard_release_suppressed reason=not_pressed_or_sticky,keycode=40
143266 binding_release binding=KEY_S,keycode=39
143266 inject_release keycode=39
143266 keyboard_release_suppressed reason=not_pressed_or_sticky,keycode=39
143266 binding_press binding=KEY_A,keycode=38
143266 inject_press keycode=38,keysym=0
143266 keyboard_press_suppressed reason=already_pressed,keycode=38
143317 binding_release binding=KEY_W,keycode=25
143317 inject_release keycode=25
143317 keyboard_release_suppressed reason=not_pressed_or_sticky,keycode=25
143318 binding_release binding=KEY_D,keycode=40
143318 inject_release keycode=40
143318 keyboard_release_suppressed reason=not_pressed_or_sticky,keycode=40
143318 binding_release binding=KEY_S,keycode=39
143318 inject_release keycode=39
143318 keyboard_release_suppressed reason=not_pressed_or_sticky,keycode=39
143319 binding_press binding=KEY_A,keycode=38
143319 inject_press keycode=38,keysym=0
143319 keyboard_press_suppressed reason=already_pressed,keycode=38
143332 binding_release binding=KEY_W,keycode=25
143332 inject_release keycode=25
143332 keyboard_release_suppressed reason=not_pressed_or_sticky,keycode=25
143332 binding_release binding=KEY_D,keycode=40
143332 inject_release keycode=40
143332 keyboard_release_suppressed reason=not_pressed_or_sticky,keycode=40
143332 binding_release binding=KEY_S,keycode=39
143332 inject_release keycode=39
143332 keyboard_release_suppressed reason=not_pressed_or_sticky,keycode=39
143332 binding_press binding=KEY_A,keycode=38
143332 inject_press keycode=38,keysym=0
143332 keyboard_press_suppressed reason=already_pressed,keycode=38
143348 binding_release binding=KEY_W,keycode=25
143348 inject_release keycode=25
143348 keyboard_release_suppressed reason=not_pressed_or_sticky,keycode=25
143348 binding_release binding=KEY_D,keycode=40
143348 inject_release keycode=40
143349 keyboard_release_suppressed reason=not_pressed_or_sticky,keycode=40
143349 binding_release binding=KEY_S,keycode=39
143349 inject_release keycode=39
143349 keyboard_release_suppressed reason=not_pressed_or_sticky,keycode=39
143349 binding_press binding=KEY_A,keycode=38
143349 inject_press keycode=38,keysym=0
143349 keyboard_press_suppressed reason=already_pressed,keycode=38
143365 binding_release binding=KEY_W,keycode=25
143365 inject_release keycode=25
143365 keyboard_release_suppressed reason=not_pressed_or_sticky,keycode=25
143365 binding_release binding=KEY_D,keycode=40
143365 inject_release keycode=40
143365 keyboard_release_suppressed reason=not_pressed_or_sticky,keycode=40
143365 binding_release binding=KEY_S,keycode=39
143365 inject_release keycode=39
143365 keyboard_release_suppressed reason=not_pressed_or_sticky,keycode=39
143365 binding_press binding=KEY_A,keycode=38
143365 inject_press keycode=38,keysym=0
143365 keyboard_press_suppressed reason=already_pressed,keycode=38
143381 binding_release binding=KEY_W,keycode=25
143382 inject_release keycode=25
143382 keyboard_release_suppressed reason=not_pressed_or_sticky,keycode=25
143382 binding_release binding=KEY_D,keycode=40
143382 inject_release keycode=40
143382 keyboard_release_suppressed reason=not_pressed_or_sticky,keycode=40
143382 binding_release binding=KEY_S,keycode=39
143382 inject_release keycode=39
143382 keyboard_release_suppressed reason=not_pressed_or_sticky,keycode=39
143382 binding_press binding=KEY_A,keycode=38
143382 inject_press keycode=38,keysym=0
143382 keyboard_press_suppressed reason=already_pressed,keycode=38
143398 binding_release binding=KEY_W,keycode=25
143398 inject_release keycode=25
143398 keyboard_release_suppressed reason=not_pressed_or_sticky,keycode=25
143398 binding_release binding=KEY_D,keycode=40
143398 inject_release keycode=40
143398 keyboard_release_suppressed reason=not_pressed_or_sticky,keycode=40
143399 binding_release binding=KEY_S,keycode=39
143399 inject_release keycode=39
143399 keyboard_release_suppressed reason=not_pressed_or_sticky,keycode=39
143399 binding_press binding=KEY_A,keycode=38
143399 inject_press keycode=38,keysym=0
143399 keyboard_press_suppressed reason=already_pressed,keycode=38
143431 binding_release binding=KEY_W,keycode=25
143431 inject_release keycode=25
143431 keyboard_release_suppressed reason=not_pressed_or_sticky,keycode=25
143431 binding_release binding=KEY_D,keycode=40
143431 inject_release keycode=40
143431 keyboard_release_suppressed reason=not_pressed_or_sticky,keycode=40
143431 binding_release binding=KEY_S,keycode=39
143431 inject_release keycode=39
143431 keyboard_release_suppressed reason=not_pressed_or_sticky,keycode=39
143431 binding_press binding=KEY_A,keycode=38
143431 inject_press keycode=38,keysym=0
143432 keyboard_press_suppressed reason=already_pressed,keycode=38
143448 binding_release binding=KEY_W,keycode=25
143448 inject_release keycode=25
143448 keyboard_release_suppressed reason=not_pressed_or_sticky,keycode=25
143448 binding_release binding=KEY_D,keycode=40
143448 inject_release keycode=40
143448 keyboard_release_suppressed reason=not_pressed_or_sticky,keycode=40
143448 binding_release binding=KEY_S,keycode=39
143448 inject_release keycode=39
143448 keyboard_release_suppressed reason=not_pressed_or_sticky,keycode=39
143448 binding_press binding=KEY_A,keycode=38
143448 inject_press keycode=38,keysym=0
143448 keyboard_press_suppressed reason=already_pressed,keycode=38
143465 binding_release binding=KEY_W,keycode=25
143465 inject_release keycode=25
143465 keyboard_release_suppressed reason=not_pressed_or_sticky,keycode=25
143465 binding_release binding=KEY_D,keycode=40
143465 inject_release keycode=40
143465 keyboard_release_suppressed reason=not_pressed_or_sticky,keycode=40
143465 binding_release binding=KEY_S,keycode=39
143465 inject_release keycode=39
143465 keyboard_release_suppressed reason=not_pressed_or_sticky,keycode=39
143465 binding_press binding=KEY_A,keycode=38
143465 inject_press keycode=38,keysym=0
143465 keyboard_press_suppressed reason=already_pressed,keycode=38
143498 binding_release binding=KEY_W,keycode=25
143498 inject_release keycode=25
143498 keyboard_release_suppressed reason=not_pressed_or_sticky,keycode=25
143498 binding_release binding=KEY_D,keycode=40
143498 inject_release keycode=40
143498 keyboard_release_suppressed reason=not_pressed_or_sticky,keycode=40
143498 binding_release binding=KEY_S,keycode=39
143498 inject_release keycode=39
143498 keyboard_release_suppressed reason=not_pressed_or_sticky,keycode=39
143498 binding_press binding=KEY_A,keycode=38
143498 inject_press keycode=38,keysym=0
143498 keyboard_press_suppressed reason=already_pressed,keycode=38
143514 binding_release binding=KEY_W,keycode=25
143514 inject_release keycode=25
143514 keyboard_release_suppressed reason=not_pressed_or_sticky,keycode=25
143514 binding_release binding=KEY_D,keycode=40
143515 inject_release keycode=40
143515 keyboard_release_suppressed reason=not_pressed_or_sticky,keycode=40
143515 binding_release binding=KEY_S,keycode=39
143515 inject_release keycode=39
143515 keyboard_release_suppressed reason=not_pressed_or_sticky,keycode=39
143515 binding_press binding=KEY_A,keycode=38
143515 inject_press keycode=38,keysym=0
143515 keyboard_press_suppressed reason=already_pressed,keycode=38
143614 binding_release binding=KEY_W,keycode=25
143614 inject_release keycode=25
143614 keyboard_release_suppressed reason=not_pressed_or_sticky,keycode=25
143615 binding_release binding=KEY_D,keycode=40
143615 inject_release keycode=40
143615 keyboard_release_suppressed reason=not_pressed_or_sticky,keycode=40
143615 binding_release binding=KEY_S,keycode=39
143615 inject_release keycode=39
143615 keyboard_release_suppressed reason=not_pressed_or_sticky,keycode=39
143615 binding_press binding=KEY_A,keycode=38
143615 inject_press keycode=38,keysym=0
143615 keyboard_press_suppressed reason=already_pressed,keycode=38
143631 binding_release binding=KEY_W,keycode=25
143631 inject_release keycode=25
143631 keyboard_release_suppressed reason=not_pressed_or_sticky,keycode=25
143631 binding_release binding=KEY_D,keycode=40
143631 inject_release keycode=40
143631 keyboard_release_suppressed reason=not_pressed_or_sticky,keycode=40
143631 binding_release binding=KEY_S,keycode=39
143631 inject_release keycode=39
143631 keyboard_release_suppressed reason=not_pressed_or_sticky,keycode=39
143631 binding_press binding=KEY_A,keycode=38
143631 inject_press keycode=38,keysym=0
143631 keyboard_press_suppressed reason=already_pressed,keycode=38
143647 binding_release binding=KEY_W,keycode=25
143647 inject_release keycode=25
143647 keyboard_release_suppressed reason=not_pressed_or_sticky,keycode=25
143647 binding_release binding=KEY_D,keycode=40
143648 inject_release keycode=40
143648 keyboard_release_suppressed reason=not_pressed_or_sticky,keycode=40
143648 binding_release binding=KEY_S,keycode=39
143648 inject_release keycode=39
143648 keyboard_release_suppressed reason=not_pressed_or_sticky,keycode=39
143648 binding_press binding=KEY_A,keycode=38
143648 inject_press keycode=38,keysym=0
143648 keyboard_press_suppressed reason=already_pressed,keycode=38
143664 binding_release binding=KEY_W,keycode=25
143664 inject_release keycode=25
143665 keyboard_release_suppressed reason=not_pressed_or_sticky,keycode=25
143665 binding_release binding=KEY_D,keycode=40
143665 inject_release keycode=40
143665 keyboard_release_suppressed reason=not_pressed_or_sticky,keycode=40
143665 binding_release binding=KEY_S,keycode=39
143665 inject_release keycode=39
143665 keyboard_release_suppressed reason=not_pressed_or_sticky,keycode=39
143665 binding_press binding=KEY_A,keycode=38
143665 inject_press keycode=38,keysym=0
143665 keyboard_press_suppressed reason=already_pressed,keycode=38
143680 binding_release binding=KEY_W,keycode=25
143680 inject_release keycode=25
143680 keyboard_release_suppressed reason=not_pressed_or_sticky,keycode=25
143680 binding_release binding=KEY_D,keycode=40
143680 inject_release keycode=40
143680 keyboard_release_suppressed reason=not_pressed_or_sticky,keycode=40
143680 binding_release binding=KEY_S,keycode=39
143681 inject_release keycode=39
143681 keyboard_release_suppressed reason=not_pressed_or_sticky,keycode=39
143681 binding_press binding=KEY_A,keycode=38
143681 inject_press keycode=38,keysym=0
143681 keyboard_press_suppressed reason=already_pressed,keycode=38
143697 binding_release binding=KEY_W,keycode=25
143697 inject_release keycode=25
143697 keyboard_release_suppressed reason=not_pressed_or_sticky,keycode=25
143697 binding_release binding=KEY_D,keycode=40
143697 inject_release keycode=40
143697 keyboard_release_suppressed reason=not_pressed_or_sticky,keycode=40
143697 binding_release binding=KEY_S,keycode=39
143697 inject_release keycode=39
143697 keyboard_release_suppressed reason=not_pressed_or_sticky,keycode=39
143697 binding_press binding=KEY_A,keycode=38
143697 inject_press keycode=38,keysym=0
143698 keyboard_press_suppressed reason=already_pressed,keycode=38
143714 binding_release binding=KEY_W,keycode=25
143714 inject_release keycode=25
143714 keyboard_release_suppressed reason=not_pressed_or_sticky,keycode=25
143714 binding_release binding=KEY_D,keycode=40
143714 inject_release keycode=40
143714 keyboard_release_suppressed reason=not_pressed_or_sticky,keycode=40
143714 binding_release binding=KEY_S,keycode=39
143714 inject_release keycode=39
143714 keyboard_release_suppressed reason=not_pressed_or_sticky,keycode=39
143714 binding_press binding=KEY_A,keycode=38
143714 inject_press keycode=38,keysym=0
143714 keyboard_press_suppressed reason=already_pressed,keycode=38
143813 binding_release binding=KEY_W,keycode=25
143813 inject_release keycode=25
143814 keyboard_release_suppressed reason=not_pressed_or_sticky,keycode=25
143814 binding_release binding=KEY_D,keycode=40
143814 inject_release keycode=40
143814 keyboard_release_suppressed reason=not_pressed_or_sticky,keycode=40
143814 binding_release binding=KEY_S,keycode=39
143814 inject_release keycode=39
143814 keyboard_release_suppressed reason=not_pressed_or_sticky,keycode=39
143814 binding_press binding=KEY_A,keycode=38
143814 inject_press keycode=38,keysym=0
143814 keyboard_press_suppressed reason=already_pressed,keycode=38
143896 binding_release binding=KEY_W,keycode=25
143897 inject_release keycode=25
143897 keyboard_release_suppressed reason=not_pressed_or_sticky,keycode=25
143897 binding_release binding=KEY_D,keycode=40
143897 inject_release keycode=40
143897 keyboard_release_suppressed reason=not_pressed_or_sticky,keycode=40
143897 binding_release binding=KEY_S,keycode=39
143898 inject_release keycode=39
143898 keyboard_release_suppressed reason=not_pressed_or_sticky,keycode=39
143898 binding_press binding=KEY_A,keycode=38
143898 inject_press keycode=38,keysym=0
143898 keyboard_press_suppressed reason=already_pressed,keycode=38
143913 binding_release binding=KEY_W,keycode=25
143914 inject_release keycode=25
143915 keyboard_release_suppressed reason=not_pressed_or_sticky,keycode=25
143915 binding_release binding=KEY_D,keycode=40
143915 inject_release keycode=40
143915 keyboard_release_suppressed reason=not_pressed_or_sticky,keycode=40
143915 binding_release binding=KEY_S,keycode=39
143915 inject_release keycode=39
143915 keyboard_release_suppressed reason=not_pressed_or_sticky,keycode=39
143915 binding_press binding=KEY_A,keycode=38
143916 inject_press keycode=38,keysym=0
143916 keyboard_press_suppressed reason=already_pressed,keycode=38
143930 binding_release binding=KEY_W,keycode=25
143930 inject_release keycode=25
143930 keyboard_release_suppressed reason=not_pressed_or_sticky,keycode=25
143930 binding_release binding=KEY_D,keycode=40
143931 inject_release keycode=40
143931 keyboard_release_suppressed reason=not_pressed_or_sticky,keycode=40
143931 binding_release binding=KEY_S,keycode=39
143931 inject_release keycode=39
143931 keyboard_release_suppressed reason=not_pressed_or_sticky,keycode=39
143931 binding_press binding=KEY_A,keycode=38
143931 inject_press keycode=38,keysym=0
143931 keyboard_press_suppressed reason=already_pressed,keycode=38
143944 binding_release binding=KEY_W,keycode=25
143944 inject_release keycode=25
143944 keyboard_release_suppressed reason=not_pressed_or_sticky,keycode=25
143944 binding_release binding=KEY_D,keycode=40
143944 inject_release keycode=40
143944 keyboard_release_suppressed reason=not_pressed_or_sticky,keycode=40
143944 binding_release binding=KEY_S,keycode=39
143944 inject_release keycode=39
143944 keyboard_release_suppressed reason=not_pressed_or_sticky,keycode=39
143944 binding_press binding=KEY_A,keycode=38
143944 inject_press keycode=38,keysym=0
143944 keyboard_press_suppressed reason=already_pressed,keycode=38
143947 binding_release binding=KEY_A,keycode=38
143947 inject_release keycode=38
143947 key_release_received keycode=38,focus={id=29360133,parent=25165831,name=Stardew Valley,class=stardew valley.exe,mapped=true,viewable=true,enabled=true,renderable=true,surface=false,application=true,keyPress=true,keyRelease=true,focusChange=true},point={id=16777246,parent=29360133,name=,class=,mapped=true,viewable=true,enabled=true,renderable=true,surface=false,application=false,keyPress=false,keyRelease=false,focusChange=false}
143947 key_release_ancestor_target target={id=29360133,parent=25165831,name=Stardew Valley,class=stardew valley.exe,mapped=true,viewable=true,enabled=true,renderable=true,surface=false,application=true,keyPress=true,keyRelease=true,focusChange=true}
143948 key_release_sent keycode=38,target={id=29360133,parent=25165831,name=Stardew Valley,class=stardew valley.exe,mapped=true,viewable=true,enabled=true,renderable=true,surface=false,application=true,keyPress=true,keyRelease=true,focusChange=true}
143948 winhandler_keyboard_queued vkey=65,flags=2
143948 winhandler_keyboard_packet vkey=65,flags=2,sent=true
145400 focus_notify previous={id=29360133,parent=25165831,name=Stardew Valley,class=stardew valley.exe,mapped=true,viewable=true,enabled=true,renderable=true,surface=false,application=true,keyPress=true,keyRelease=true,focusChange=true},focused={id=25165831,parent=3,name=nogui - Wine Desktop,class=explorer.exe,mapped=false,viewable=false,enabled=false,renderable=false,surface=false,application=false,keyPress=true,keyRelease=true,focusChange=true},outDetail=ANCESTOR,inDetail=INFERIOR,outSelected=true,inSelected=true
145400 focus_notify previous={id=25165831,parent=3,name=nogui - Wine Desktop,class=explorer.exe,mapped=false,viewable=false,enabled=false,renderable=false,surface=false,application=false,keyPress=true,keyRelease=true,focusChange=true},focused={id=3,parent=0,name=,class=,mapped=true,viewable=true,enabled=true,renderable=true,surface=false,application=false,keyPress=false,keyRelease=false,focusChange=false},outDetail=ANCESTOR,inDetail=INFERIOR,outSelected=true,inSelected=false
