11 session_start
2739 window_map id=25165831,parent=3,name=nogui - Wine Desktop,class=explorer.exe,mapped=true,viewable=false,enabled=false,renderable=true,surface=false,application=true,keyPress=true,keyRelease=true,focusChange=true,focus_before={null}
2739 focus_notify previous={null},focused={id=25165831,parent=3,name=nogui - Wine Desktop,class=explorer.exe,mapped=true,viewable=false,enabled=false,renderable=true,surface=false,application=true,keyPress=true,keyRelease=true,focusChange=true},outDetail=NONE,inDetail=NONE,outSelected=false,inSelected=true
2740 window_map_result id=25165831,focus_after={id=25165831,parent=3,name=nogui - Wine Desktop,class=explorer.exe,mapped=true,viewable=false,enabled=false,renderable=true,surface=false,application=true,keyPress=true,keyRelease=true,focusChange=true}
3214 winhandler_init_received port=7946
29988 window_map id=16777236,parent=3,name=,class=,mapped=true,viewable=true,enabled=true,renderable=false,surface=false,application=false,keyPress=false,keyRelease=false,focusChange=false,focus_before={id=25165831,parent=3,name=nogui - Wine Desktop,class=explorer.exe,mapped=true,viewable=false,enabled=false,renderable=true,surface=false,application=true,keyPress=true,keyRelease=true,focusChange=true}
29989 window_map_result id=16777236,focus_after={id=25165831,parent=3,name=nogui - Wine Desktop,class=explorer.exe,mapped=true,viewable=false,enabled=false,renderable=true,surface=false,application=true,keyPress=true,keyRelease=true,focusChange=true}
30117 window_map id=16777238,parent=29360131,name=,class=,mapped=true,viewable=true,enabled=true,renderable=true,surface=false,application=false,keyPress=false,keyRelease=false,focusChange=false,focus_before={id=25165831,parent=3,name=nogui - Wine Desktop,class=explorer.exe,mapped=true,viewable=false,enabled=false,renderable=true,surface=false,application=true,keyPress=true,keyRelease=true,focusChange=true}
30117 window_map_result id=16777238,focus_after={id=25165831,parent=3,name=nogui - Wine Desktop,class=explorer.exe,mapped=true,viewable=false,enabled=false,renderable=true,surface=false,application=true,keyPress=true,keyRelease=true,focusChange=true}
30141 window_map id=16777240,parent=25165831,name=,class=,mapped=true,viewable=true,enabled=true,renderable=false,surface=false,application=false,keyPress=false,keyRelease=false,focusChange=false,focus_before={id=25165831,parent=3,name=nogui - Wine Desktop,class=explorer.exe,mapped=true,viewable=false,enabled=false,renderable=true,surface=false,application=true,keyPress=true,keyRelease=true,focusChange=true}
30141 window_map_result id=16777240,focus_after={id=25165831,parent=3,name=nogui - Wine Desktop,class=explorer.exe,mapped=true,viewable=false,enabled=false,renderable=true,surface=false,application=true,keyPress=true,keyRelease=true,focusChange=true}
30156 window_map id=16777244,parent=29360135,name=,class=,mapped=true,viewable=true,enabled=true,renderable=true,surface=false,application=false,keyPress=false,keyRelease=false,focusChange=false,focus_before={id=25165831,parent=3,name=nogui - Wine Desktop,class=explorer.exe,mapped=true,viewable=false,enabled=false,renderable=true,surface=false,application=true,keyPress=true,keyRelease=true,focusChange=true}
30156 window_map_result id=16777244,focus_after={id=25165831,parent=3,name=nogui - Wine Desktop,class=explorer.exe,mapped=true,viewable=false,enabled=false,renderable=true,surface=false,application=true,keyPress=true,keyRelease=true,focusChange=true}
30163 window_map id=16777246,parent=29360133,name=,class=,mapped=true,viewable=true,enabled=true,renderable=true,surface=false,application=false,keyPress=false,keyRelease=false,focusChange=false,focus_before={id=25165831,parent=3,name=nogui - Wine Desktop,class=explorer.exe,mapped=true,viewable=false,enabled=false,renderable=true,surface=false,application=true,keyPress=true,keyRelease=true,focusChange=true}
30163 window_map_result id=16777246,focus_after={id=25165831,parent=3,name=nogui - Wine Desktop,class=explorer.exe,mapped=true,viewable=false,enabled=false,renderable=true,surface=false,application=true,keyPress=true,keyRelease=true,focusChange=true}
38189 window_map id=29360133,parent=25165831,name=Stardew Valley,class=stardew valley.exe,mapped=true,viewable=true,enabled=true,renderable=true,surface=false,application=true,keyPress=true,keyRelease=true,focusChange=true,focus_before={id=25165831,parent=3,name=nogui - Wine Desktop,class=explorer.exe,mapped=true,viewable=false,enabled=false,renderable=true,surface=false,application=true,keyPress=true,keyRelease=true,focusChange=true}
38190 focus_notify previous={id=25165831,parent=3,name=nogui - Wine Desktop,class=explorer.exe,mapped=true,viewable=false,enabled=false,renderable=true,surface=false,application=true,keyPress=true,keyRelease=true,focusChange=true},focused={id=29360133,parent=25165831,name=Stardew Valley,class=stardew valley.exe,mapped=true,viewable=true,enabled=true,renderable=true,surface=false,application=true,keyPress=true,keyRelease=true,focusChange=true},outDetail=INFERIOR,inDetail=ANCESTOR,outSelected=true,inSelected=true
38190 window_map_result id=29360133,focus_after={id=29360133,parent=25165831,name=Stardew Valley,class=stardew valley.exe,mapped=true,viewable=true,enabled=true,renderable=true,surface=false,application=true,keyPress=true,keyRelease=true,focusChange=true}
74641 pointer_focus point={id=16777246,parent=29360133,name=,class=,mapped=true,viewable=true,enabled=true,renderable=true,surface=false,application=false,keyPress=false,keyRelease=false,focusChange=false},focus_before={id=29360133,parent=25165831,name=Stardew Valley,class=stardew valley.exe,mapped=true,viewable=true,enabled=true,renderable=true,surface=false,application=true,keyPress=true,keyRelease=true,focusChange=true}
74642 pointer_focus_result focus_after={id=29360133,parent=25165831,name=Stardew Valley,class=stardew valley.exe,mapped=true,viewable=true,enabled=true,renderable=true,surface=false,application=true,keyPress=true,keyRelease=true,focusChange=true}
86507 pointer_focus point={id=16777246,parent=29360133,name=,class=,mapped=true,viewable=true,enabled=true,renderable=true,surface=false,application=false,keyPress=false,keyRelease=false,focusChange=false},focus_before={id=29360133,parent=25165831,name=Stardew Valley,class=stardew valley.exe,mapped=true,viewable=true,enabled=true,renderable=true,surface=false,application=true,keyPress=true,keyRelease=true,focusChange=true}
86508 pointer_focus_result focus_after={id=29360133,parent=25165831,name=Stardew Valley,class=stardew valley.exe,mapped=true,viewable=true,enabled=true,renderable=true,surface=false,application=true,keyPress=true,keyRelease=true,focusChange=true}
87523 pointer_focus point={id=16777246,parent=29360133,name=,class=,mapped=true,viewable=true,enabled=true,renderable=true,surface=false,application=false,keyPress=false,keyRelease=false,focusChange=false},focus_before={id=29360133,parent=25165831,name=Stardew Valley,class=stardew valley.exe,mapped=true,viewable=true,enabled=true,renderable=true,surface=false,application=true,keyPress=true,keyRelease=true,focusChange=true}
87523 pointer_focus_result focus_after={id=29360133,parent=25165831,name=Stardew Valley,class=stardew valley.exe,mapped=true,viewable=true,enabled=true,renderable=true,surface=false,application=true,keyPress=true,keyRelease=true,focusChange=true}
152442 binding_press binding=KEY_W,keycode=25
152442 inject_press keycode=25,keysym=0
152444 key_press_received keycode=25,keysym=0,focus={id=29360133,parent=25165831,name=Stardew Valley,class=stardew valley.exe,mapped=true,viewable=true,enabled=true,renderable=true,surface=false,application=true,keyPress=true,keyRelease=true,focusChange=true},point={id=16777246,parent=29360133,name=,class=,mapped=true,viewable=true,enabled=true,renderable=true,surface=false,application=false,keyPress=false,keyRelease=false,focusChange=false}
152445 key_press_ancestor_target target={id=29360133,parent=25165831,name=Stardew Valley,class=stardew valley.exe,mapped=true,viewable=true,enabled=true,renderable=true,surface=false,application=true,keyPress=true,keyRelease=true,focusChange=true}
152446 key_press_sent keycode=25,target={id=29360133,parent=25165831,name=Stardew Valley,class=stardew valley.exe,mapped=true,viewable=true,enabled=true,renderable=true,surface=false,application=true,keyPress=true,keyRelease=true,focusChange=true}
152446 winhandler_keyboard_queued vkey=87,flags=0
152447 binding_release binding=KEY_D,keycode=40
152447 winhandler_keyboard_packet vkey=87,flags=0,sent=true
152447 inject_release keycode=40
152447 keyboard_release_suppressed reason=not_pressed_or_sticky,keycode=40
152447 binding_release binding=KEY_S,keycode=39
152447 inject_release keycode=39
152448 keyboard_release_suppressed reason=not_pressed_or_sticky,keycode=39
152448 binding_release binding=KEY_A,keycode=38
152448 inject_release keycode=38
152448 keyboard_release_suppressed reason=not_pressed_or_sticky,keycode=38
152467 binding_press binding=KEY_W,keycode=25
152467 inject_press keycode=25,keysym=0
152467 keyboard_press_suppressed reason=already_pressed,keycode=25
152467 binding_release binding=KEY_D,keycode=40
152467 inject_release keycode=40
152467 keyboard_release_suppressed reason=not_pressed_or_sticky,keycode=40
152467 binding_release binding=KEY_S,keycode=39
152467 inject_release keycode=39
152467 keyboard_release_suppressed reason=not_pressed_or_sticky,keycode=39
152467 binding_release binding=KEY_A,keycode=38
152468 inject_release keycode=38
152468 keyboard_release_suppressed reason=not_pressed_or_sticky,keycode=38
152516 binding_press binding=KEY_W,keycode=25
152517 inject_press keycode=25,keysym=0
152517 keyboard_press_suppressed reason=already_pressed,keycode=25
152517 binding_release binding=KEY_D,keycode=40
152517 inject_release keycode=40
152517 keyboard_release_suppressed reason=not_pressed_or_sticky,keycode=40
152517 binding_release binding=KEY_S,keycode=39
152517 inject_release keycode=39
152517 keyboard_release_suppressed reason=not_pressed_or_sticky,keycode=39
152517 binding_release binding=KEY_A,keycode=38
152517 inject_release keycode=38
152517 keyboard_release_suppressed reason=not_pressed_or_sticky,keycode=38
152616 binding_press binding=KEY_W,keycode=25
152616 inject_press keycode=25,keysym=0
152616 keyboard_press_suppressed reason=already_pressed,keycode=25
152616 binding_release binding=KEY_D,keycode=40
152616 inject_release keycode=40
152616 keyboard_release_suppressed reason=not_pressed_or_sticky,keycode=40
152616 binding_release binding=KEY_S,keycode=39
152617 inject_release keycode=39
152617 keyboard_release_suppressed reason=not_pressed_or_sticky,keycode=39
152617 binding_release binding=KEY_A,keycode=38
152617 inject_release keycode=38
152617 keyboard_release_suppressed reason=not_pressed_or_sticky,keycode=38
152633 binding_press binding=KEY_W,keycode=25
152633 inject_press keycode=25,keysym=0
152633 keyboard_press_suppressed reason=already_pressed,keycode=25
152633 binding_release binding=KEY_D,keycode=40
152633 inject_release keycode=40
152633 keyboard_release_suppressed reason=not_pressed_or_sticky,keycode=40
152633 binding_release binding=KEY_S,keycode=39
152633 inject_release keycode=39
152633 keyboard_release_suppressed reason=not_pressed_or_sticky,keycode=39
152633 binding_release binding=KEY_A,keycode=38
152633 inject_release keycode=38
152633 keyboard_release_suppressed reason=not_pressed_or_sticky,keycode=38
152732 binding_press binding=KEY_W,keycode=25
152732 inject_press keycode=25,keysym=0
152732 keyboard_press_suppressed reason=already_pressed,keycode=25
152732 binding_release binding=KEY_D,keycode=40
152733 inject_release keycode=40
152733 keyboard_release_suppressed reason=not_pressed_or_sticky,keycode=40
152733 binding_release binding=KEY_S,keycode=39
152733 inject_release keycode=39
152733 keyboard_release_suppressed reason=not_pressed_or_sticky,keycode=39
152733 binding_release binding=KEY_A,keycode=38
152733 inject_release keycode=38
152733 keyboard_release_suppressed reason=not_pressed_or_sticky,keycode=38
152849 binding_press binding=KEY_W,keycode=25
152849 inject_press keycode=25,keysym=0
152849 keyboard_press_suppressed reason=already_pressed,keycode=25
152849 binding_release binding=KEY_D,keycode=40
152849 inject_release keycode=40
152849 keyboard_release_suppressed reason=not_pressed_or_sticky,keycode=40
152849 binding_release binding=KEY_S,keycode=39
152849 inject_release keycode=39
152849 keyboard_release_suppressed reason=not_pressed_or_sticky,keycode=39
152849 binding_release binding=KEY_A,keycode=38
152850 inject_release keycode=38
152850 keyboard_release_suppressed reason=not_pressed_or_sticky,keycode=38
152949 binding_press binding=KEY_W,keycode=25
152949 inject_press keycode=25,keysym=0
152949 keyboard_press_suppressed reason=already_pressed,keycode=25
152949 binding_release binding=KEY_D,keycode=40
152949 inject_release keycode=40
152949 keyboard_release_suppressed reason=not_pressed_or_sticky,keycode=40
152949 binding_release binding=KEY_S,keycode=39
152949 inject_release keycode=39
152949 keyboard_release_suppressed reason=not_pressed_or_sticky,keycode=39
152949 binding_release binding=KEY_A,keycode=38
152949 inject_release keycode=38
152949 keyboard_release_suppressed reason=not_pressed_or_sticky,keycode=38
153048 binding_press binding=KEY_W,keycode=25
153048 inject_press keycode=25,keysym=0
153048 keyboard_press_suppressed reason=already_pressed,keycode=25
153048 binding_release binding=KEY_D,keycode=40
153048 inject_release keycode=40
153048 keyboard_release_suppressed reason=not_pressed_or_sticky,keycode=40
153048 binding_release binding=KEY_S,keycode=39
153048 inject_release keycode=39
153048 keyboard_release_suppressed reason=not_pressed_or_sticky,keycode=39
153048 binding_release binding=KEY_A,keycode=38
153048 inject_release keycode=38
153048 keyboard_release_suppressed reason=not_pressed_or_sticky,keycode=38
153148 binding_press binding=KEY_W,keycode=25
153148 inject_press keycode=25,keysym=0
153148 keyboard_press_suppressed reason=already_pressed,keycode=25
153148 binding_release binding=KEY_D,keycode=40
153148 inject_release keycode=40
153148 keyboard_release_suppressed reason=not_pressed_or_sticky,keycode=40
153148 binding_release binding=KEY_S,keycode=39
153148 inject_release keycode=39
153148 keyboard_release_suppressed reason=not_pressed_or_sticky,keycode=39
153149 binding_release binding=KEY_A,keycode=38
153149 inject_release keycode=38
153149 keyboard_release_suppressed reason=not_pressed_or_sticky,keycode=38
153264 binding_press binding=KEY_W,keycode=25
153264 inject_press keycode=25,keysym=0
153264 keyboard_press_suppressed reason=already_pressed,keycode=25
153264 binding_release binding=KEY_D,keycode=40
153264 inject_release keycode=40
153264 keyboard_release_suppressed reason=not_pressed_or_sticky,keycode=40
153264 binding_release binding=KEY_S,keycode=39
153264 inject_release keycode=39
153264 keyboard_release_suppressed reason=not_pressed_or_sticky,keycode=39
153264 binding_release binding=KEY_A,keycode=38
153264 inject_release keycode=38
153264 keyboard_release_suppressed reason=not_pressed_or_sticky,keycode=38
153347 binding_press binding=KEY_W,keycode=25
153348 inject_press keycode=25,keysym=0
153348 keyboard_press_suppressed reason=already_pressed,keycode=25
153348 binding_release binding=KEY_D,keycode=40
153348 inject_release keycode=40
153348 keyboard_release_suppressed reason=not_pressed_or_sticky,keycode=40
153348 binding_release binding=KEY_S,keycode=39
153348 inject_release keycode=39
153348 keyboard_release_suppressed reason=not_pressed_or_sticky,keycode=39
153348 binding_release binding=KEY_A,keycode=38
153348 inject_release keycode=38
153348 keyboard_release_suppressed reason=not_pressed_or_sticky,keycode=38
153364 binding_press binding=KEY_W,keycode=25
153364 inject_press keycode=25,keysym=0
153364 keyboard_press_suppressed reason=already_pressed,keycode=25
153364 binding_release binding=KEY_D,keycode=40
153364 inject_release keycode=40
153364 keyboard_release_suppressed reason=not_pressed_or_sticky,keycode=40
153364 binding_release binding=KEY_S,keycode=39
153364 inject_release keycode=39
153364 keyboard_release_suppressed reason=not_pressed_or_sticky,keycode=39
153364 binding_release binding=KEY_A,keycode=38
153364 inject_release keycode=38
153364 keyboard_release_suppressed reason=not_pressed_or_sticky,keycode=38
153397 binding_press binding=KEY_W,keycode=25
153397 inject_press keycode=25,keysym=0
153397 keyboard_press_suppressed reason=already_pressed,keycode=25
153397 binding_release binding=KEY_D,keycode=40
153397 inject_release keycode=40
153397 keyboard_release_suppressed reason=not_pressed_or_sticky,keycode=40
153397 binding_release binding=KEY_S,keycode=39
153397 inject_release keycode=39
153397 keyboard_release_suppressed reason=not_pressed_or_sticky,keycode=39
153397 binding_release binding=KEY_A,keycode=38
153397 inject_release keycode=38
153398 keyboard_release_suppressed reason=not_pressed_or_sticky,keycode=38
153414 binding_press binding=KEY_W,keycode=25
153414 inject_press keycode=25,keysym=0
153414 keyboard_press_suppressed reason=already_pressed,keycode=25
153414 binding_release binding=KEY_D,keycode=40
153414 inject_release keycode=40
153414 keyboard_release_suppressed reason=not_pressed_or_sticky,keycode=40
153414 binding_release binding=KEY_S,keycode=39
153414 inject_release keycode=39
153414 keyboard_release_suppressed reason=not_pressed_or_sticky,keycode=39
153414 binding_release binding=KEY_A,keycode=38
153414 inject_release keycode=38
153414 keyboard_release_suppressed reason=not_pressed_or_sticky,keycode=38
153447 binding_press binding=KEY_W,keycode=25
153447 inject_press keycode=25,keysym=0
153447 keyboard_press_suppressed reason=already_pressed,keycode=25
153447 binding_release binding=KEY_D,keycode=40
153447 inject_release keycode=40
153447 keyboard_release_suppressed reason=not_pressed_or_sticky,keycode=40
153447 binding_release binding=KEY_S,keycode=39
153447 inject_release keycode=39
153447 keyboard_release_suppressed reason=not_pressed_or_sticky,keycode=39
153447 binding_release binding=KEY_A,keycode=38
153447 inject_release keycode=38
153447 keyboard_release_suppressed reason=not_pressed_or_sticky,keycode=38
153463 binding_press binding=KEY_W,keycode=25
153464 inject_press keycode=25,keysym=0
153464 keyboard_press_suppressed reason=already_pressed,keycode=25
153464 binding_release binding=KEY_D,keycode=40
153464 inject_release keycode=40
153464 keyboard_release_suppressed reason=not_pressed_or_sticky,keycode=40
153464 binding_release binding=KEY_S,keycode=39
153464 inject_release keycode=39
153464 keyboard_release_suppressed reason=not_pressed_or_sticky,keycode=39
153464 binding_release binding=KEY_A,keycode=38
153464 inject_release keycode=38
153464 keyboard_release_suppressed reason=not_pressed_or_sticky,keycode=38
153497 binding_press binding=KEY_W,keycode=25
153497 inject_press keycode=25,keysym=0
153497 keyboard_press_suppressed reason=already_pressed,keycode=25
153497 binding_release binding=KEY_D,keycode=40
153497 inject_release keycode=40
153497 keyboard_release_suppressed reason=not_pressed_or_sticky,keycode=40
153497 binding_release binding=KEY_S,keycode=39
153497 inject_release keycode=39
153497 keyboard_release_suppressed reason=not_pressed_or_sticky,keycode=39
153497 binding_release binding=KEY_A,keycode=38
153497 inject_release keycode=38
153497 keyboard_release_suppressed reason=not_pressed_or_sticky,keycode=38
153530 binding_press binding=KEY_W,keycode=25
153530 inject_press keycode=25,keysym=0
153530 keyboard_press_suppressed reason=already_pressed,keycode=25
153530 binding_release binding=KEY_D,keycode=40
153530 inject_release keycode=40
153530 keyboard_release_suppressed reason=not_pressed_or_sticky,keycode=40
153530 binding_release binding=KEY_S,keycode=39
153530 inject_release keycode=39
153530 keyboard_release_suppressed reason=not_pressed_or_sticky,keycode=39
153530 binding_release binding=KEY_A,keycode=38
153530 inject_release keycode=38
153530 keyboard_release_suppressed reason=not_pressed_or_sticky,keycode=38
153563 binding_press binding=KEY_W,keycode=25
153563 inject_press keycode=25,keysym=0
153564 keyboard_press_suppressed reason=already_pressed,keycode=25
153564 binding_release binding=KEY_D,keycode=40
153564 inject_release keycode=40
153564 keyboard_release_suppressed reason=not_pressed_or_sticky,keycode=40
153564 binding_release binding=KEY_S,keycode=39
153564 inject_release keycode=39
153564 keyboard_release_suppressed reason=not_pressed_or_sticky,keycode=39
153564 binding_release binding=KEY_A,keycode=38
153564 inject_release keycode=38
153564 keyboard_release_suppressed reason=not_pressed_or_sticky,keycode=38
153580 binding_press binding=KEY_W,keycode=25
153580 inject_press keycode=25,keysym=0
153580 keyboard_press_suppressed reason=already_pressed,keycode=25
153580 binding_release binding=KEY_D,keycode=40
153580 inject_release keycode=40
153580 keyboard_release_suppressed reason=not_pressed_or_sticky,keycode=40
153580 binding_release binding=KEY_S,keycode=39
153580 inject_release keycode=39
153580 keyboard_release_suppressed reason=not_pressed_or_sticky,keycode=39
153580 binding_release binding=KEY_A,keycode=38
153580 inject_release keycode=38
153580 keyboard_release_suppressed reason=not_pressed_or_sticky,keycode=38
153596 binding_press binding=KEY_W,keycode=25
153596 inject_press keycode=25,keysym=0
153596 keyboard_press_suppressed reason=already_pressed,keycode=25
153596 binding_release binding=KEY_D,keycode=40
153596 inject_release keycode=40
153597 keyboard_release_suppressed reason=not_pressed_or_sticky,keycode=40
153597 binding_release binding=KEY_S,keycode=39
153597 inject_release keycode=39
153597 keyboard_release_suppressed reason=not_pressed_or_sticky,keycode=39
153597 binding_release binding=KEY_A,keycode=38
153597 inject_release keycode=38
153597 keyboard_release_suppressed reason=not_pressed_or_sticky,keycode=38
153613 binding_press binding=KEY_W,keycode=25
153614 inject_press keycode=25,keysym=0
153614 keyboard_press_suppressed reason=already_pressed,keycode=25
153614 binding_release binding=KEY_D,keycode=40
153614 inject_release keycode=40
153614 keyboard_release_suppressed reason=not_pressed_or_sticky,keycode=40
153614 binding_release binding=KEY_S,keycode=39
153614 inject_release keycode=39
153614 keyboard_release_suppressed reason=not_pressed_or_sticky,keycode=39
153614 binding_release binding=KEY_A,keycode=38
153614 inject_release keycode=38
153614 keyboard_release_suppressed reason=not_pressed_or_sticky,keycode=38
153641 binding_press binding=KEY_W,keycode=25
153641 inject_press keycode=25,keysym=0
153641 keyboard_press_suppressed reason=already_pressed,keycode=25
153641 binding_release binding=KEY_D,keycode=40
153642 inject_release keycode=40
153642 keyboard_release_suppressed reason=not_pressed_or_sticky,keycode=40
153642 binding_release binding=KEY_S,keycode=39
153642 inject_release keycode=39
153642 keyboard_release_suppressed reason=not_pressed_or_sticky,keycode=39
153642 binding_release binding=KEY_A,keycode=38
153642 inject_release keycode=38
153642 keyboard_release_suppressed reason=not_pressed_or_sticky,keycode=38
153643 binding_release binding=KEY_W,keycode=25
153643 inject_release keycode=25
153643 key_release_received keycode=25,focus={id=29360133,parent=25165831,name=Stardew Valley,class=stardew valley.exe,mapped=true,viewable=true,enabled=true,renderable=true,surface=false,application=true,keyPress=true,keyRelease=true,focusChange=true},point={id=16777246,parent=29360133,name=,class=,mapped=true,viewable=true,enabled=true,renderable=true,surface=false,application=false,keyPress=false,keyRelease=false,focusChange=false}
153643 key_release_ancestor_target target={id=29360133,parent=25165831,name=Stardew Valley,class=stardew valley.exe,mapped=true,viewable=true,enabled=true,renderable=true,surface=false,application=true,keyPress=true,keyRelease=true,focusChange=true}
153643 key_release_sent keycode=25,target={id=29360133,parent=25165831,name=Stardew Valley,class=stardew valley.exe,mapped=true,viewable=true,enabled=true,renderable=true,surface=false,application=true,keyPress=true,keyRelease=true,focusChange=true}
153643 winhandler_keyboard_queued vkey=87,flags=2
153645 winhandler_keyboard_packet vkey=87,flags=2,sent=true
154026 binding_press binding=KEY_W,keycode=25
154026 inject_press keycode=25,keysym=0
154026 key_press_received keycode=25,keysym=0,focus={id=29360133,parent=25165831,name=Stardew Valley,class=stardew valley.exe,mapped=true,viewable=true,enabled=true,renderable=true,surface=false,application=true,keyPress=true,keyRelease=true,focusChange=true},point={id=16777246,parent=29360133,name=,class=,mapped=true,viewable=true,enabled=true,renderable=true,surface=false,application=false,keyPress=false,keyRelease=false,focusChange=false}
154027 key_press_ancestor_target target={id=29360133,parent=25165831,name=Stardew Valley,class=stardew valley.exe,mapped=true,viewable=true,enabled=true,renderable=true,surface=false,application=true,keyPress=true,keyRelease=true,focusChange=true}
154027 key_press_sent keycode=25,target={id=29360133,parent=25165831,name=Stardew Valley,class=stardew valley.exe,mapped=true,viewable=true,enabled=true,renderable=true,surface=false,application=true,keyPress=true,keyRelease=true,focusChange=true}
154027 winhandler_keyboard_queued vkey=87,flags=0
154027 binding_release binding=KEY_D,keycode=40
154027 inject_release keycode=40
154027 keyboard_release_suppressed reason=not_pressed_or_sticky,keycode=40
154027 binding_release binding=KEY_S,keycode=39
154027 inject_release keycode=39
154027 keyboard_release_suppressed reason=not_pressed_or_sticky,keycode=39
154027 binding_release binding=KEY_A,keycode=38
154027 inject_release keycode=38
154027 keyboard_release_suppressed reason=not_pressed_or_sticky,keycode=38
154028 winhandler_keyboard_packet vkey=87,flags=0,sent=true
154045 binding_press binding=KEY_W,keycode=25
154045 inject_press keycode=25,keysym=0
154045 keyboard_press_suppressed reason=already_pressed,keycode=25
154045 binding_release binding=KEY_D,keycode=40
154045 inject_release keycode=40
154045 keyboard_release_suppressed reason=not_pressed_or_sticky,keycode=40
154045 binding_release binding=KEY_S,keycode=39
154046 inject_release keycode=39
154046 keyboard_release_suppressed reason=not_pressed_or_sticky,keycode=39
154046 binding_release binding=KEY_A,keycode=38
154046 inject_release keycode=38
154046 keyboard_release_suppressed reason=not_pressed_or_sticky,keycode=38
154079 binding_press binding=KEY_W,keycode=25
154079 inject_press keycode=25,keysym=0
154079 keyboard_press_suppressed reason=already_pressed,keycode=25
154079 binding_release binding=KEY_D,keycode=40
154079 inject_release keycode=40
154079 keyboard_release_suppressed reason=not_pressed_or_sticky,keycode=40
154079 binding_release binding=KEY_S,keycode=39
154079 inject_release keycode=39
154079 keyboard_release_suppressed reason=not_pressed_or_sticky,keycode=39
154079 binding_release binding=KEY_A,keycode=38
154079 inject_release keycode=38
154079 keyboard_release_suppressed reason=not_pressed_or_sticky,keycode=38
154128 binding_press binding=KEY_W,keycode=25
154128 inject_press keycode=25,keysym=0
154128 keyboard_press_suppressed reason=already_pressed,keycode=25
154128 binding_release binding=KEY_D,keycode=40
154128 inject_release keycode=40
154128 keyboard_release_suppressed reason=not_pressed_or_sticky,keycode=40
154128 binding_release binding=KEY_S,keycode=39
154128 inject_release keycode=39
154128 keyboard_release_suppressed reason=not_pressed_or_sticky,keycode=39
154128 binding_release binding=KEY_A,keycode=38
154128 inject_release keycode=38
154128 keyboard_release_suppressed reason=not_pressed_or_sticky,keycode=38
154161 binding_press binding=KEY_W,keycode=25
154161 inject_press keycode=25,keysym=0
154161 keyboard_press_suppressed reason=already_pressed,keycode=25
154162 binding_release binding=KEY_D,keycode=40
154162 inject_release keycode=40
154162 keyboard_release_suppressed reason=not_pressed_or_sticky,keycode=40
154162 binding_release binding=KEY_S,keycode=39
154162 inject_release keycode=39
154162 keyboard_release_suppressed reason=not_pressed_or_sticky,keycode=39
154162 binding_release binding=KEY_A,keycode=38
154162 inject_release keycode=38
154162 keyboard_release_suppressed reason=not_pressed_or_sticky,keycode=38
154260 binding_press binding=KEY_W,keycode=25
154261 inject_press keycode=25,keysym=0
154261 keyboard_press_suppressed reason=already_pressed,keycode=25
154261 binding_release binding=KEY_D,keycode=40
154261 inject_release keycode=40
154261 keyboard_release_suppressed reason=not_pressed_or_sticky,keycode=40
154261 binding_release binding=KEY_S,keycode=39
154261 inject_release keycode=39
154261 keyboard_release_suppressed reason=not_pressed_or_sticky,keycode=39
154261 binding_release binding=KEY_A,keycode=38
154261 inject_release keycode=38
154261 keyboard_release_suppressed reason=not_pressed_or_sticky,keycode=38
154360 binding_press binding=KEY_W,keycode=25
154361 inject_press keycode=25,keysym=0
154361 keyboard_press_suppressed reason=already_pressed,keycode=25
154361 binding_release binding=KEY_D,keycode=40
154361 inject_release keycode=40
154361 keyboard_release_suppressed reason=not_pressed_or_sticky,keycode=40
154361 binding_release binding=KEY_S,keycode=39
154361 inject_release keycode=39
154361 keyboard_release_suppressed reason=not_pressed_or_sticky,keycode=39
154361 binding_release binding=KEY_A,keycode=38
154361 inject_release keycode=38
154361 keyboard_release_suppressed reason=not_pressed_or_sticky,keycode=38
154427 binding_press binding=KEY_W,keycode=25
154427 inject_press keycode=25,keysym=0
154427 keyboard_press_suppressed reason=already_pressed,keycode=25
154427 binding_release binding=KEY_D,keycode=40
154427 inject_release keycode=40
154427 keyboard_release_suppressed reason=not_pressed_or_sticky,keycode=40
154427 binding_release binding=KEY_S,keycode=39
154427 inject_release keycode=39
154427 keyboard_release_suppressed reason=not_pressed_or_sticky,keycode=39
154427 binding_release binding=KEY_A,keycode=38
154427 inject_release keycode=38
154427 keyboard_release_suppressed reason=not_pressed_or_sticky,keycode=38
154443 binding_press binding=KEY_W,keycode=25
154443 inject_press keycode=25,keysym=0
154444 keyboard_press_suppressed reason=already_pressed,keycode=25
154444 binding_release binding=KEY_D,keycode=40
154444 inject_release keycode=40
154444 keyboard_release_suppressed reason=not_pressed_or_sticky,keycode=40
154444 binding_release binding=KEY_S,keycode=39
154444 inject_release keycode=39
154444 keyboard_release_suppressed reason=not_pressed_or_sticky,keycode=39
154444 binding_release binding=KEY_A,keycode=38
154444 inject_release keycode=38
154444 keyboard_release_suppressed reason=not_pressed_or_sticky,keycode=38
154477 binding_press binding=KEY_W,keycode=25
154477 inject_press keycode=25,keysym=0
154477 keyboard_press_suppressed reason=already_pressed,keycode=25
154477 binding_release binding=KEY_D,keycode=40
154477 inject_release keycode=40
154477 keyboard_release_suppressed reason=not_pressed_or_sticky,keycode=40
154477 binding_release binding=KEY_S,keycode=39
154478 inject_release keycode=39
154478 keyboard_release_suppressed reason=not_pressed_or_sticky,keycode=39
154478 binding_release binding=KEY_A,keycode=38
154478 inject_release keycode=38
154478 keyboard_release_suppressed reason=not_pressed_or_sticky,keycode=38
154494 binding_press binding=KEY_W,keycode=25
154494 inject_press keycode=25,keysym=0
154494 keyboard_press_suppressed reason=already_pressed,keycode=25
154494 binding_release binding=KEY_D,keycode=40
154494 inject_release keycode=40
154494 keyboard_release_suppressed reason=not_pressed_or_sticky,keycode=40
154494 binding_release binding=KEY_S,keycode=39
154494 inject_release keycode=39
154494 keyboard_release_suppressed reason=not_pressed_or_sticky,keycode=39
154494 binding_release binding=KEY_A,keycode=38
154494 inject_release keycode=38
154494 keyboard_release_suppressed reason=not_pressed_or_sticky,keycode=38
154527 binding_press binding=KEY_W,keycode=25
154527 inject_press keycode=25,keysym=0
154527 keyboard_press_suppressed reason=already_pressed,keycode=25
154527 binding_release binding=KEY_D,keycode=40
154527 inject_release keycode=40
154527 keyboard_release_suppressed reason=not_pressed_or_sticky,keycode=40
154527 binding_release binding=KEY_S,keycode=39
154527 inject_release keycode=39
154527 keyboard_release_suppressed reason=not_pressed_or_sticky,keycode=39
154527 binding_release binding=KEY_A,keycode=38
154527 inject_release keycode=38
154527 keyboard_release_suppressed reason=not_pressed_or_sticky,keycode=38
154544 binding_press binding=KEY_W,keycode=25
154544 inject_press keycode=25,keysym=0
154544 keyboard_press_suppressed reason=already_pressed,keycode=25
154544 binding_release binding=KEY_D,keycode=40
154544 inject_release keycode=40
154544 keyboard_release_suppressed reason=not_pressed_or_sticky,keycode=40
154544 binding_release binding=KEY_S,keycode=39
154544 inject_release keycode=39
154544 keyboard_release_suppressed reason=not_pressed_or_sticky,keycode=39
154544 binding_release binding=KEY_A,keycode=38
154544 inject_release keycode=38
154544 keyboard_release_suppressed reason=not_pressed_or_sticky,keycode=38
154576 binding_press binding=KEY_W,keycode=25
154576 inject_press keycode=25,keysym=0
154576 keyboard_press_suppressed reason=already_pressed,keycode=25
154576 binding_release binding=KEY_D,keycode=40
154577 inject_release keycode=40
154577 keyboard_release_suppressed reason=not_pressed_or_sticky,keycode=40
154577 binding_release binding=KEY_S,keycode=39
154577 inject_release keycode=39
154577 keyboard_release_suppressed reason=not_pressed_or_sticky,keycode=39
154577 binding_release binding=KEY_A,keycode=38
154577 inject_release keycode=38
154577 keyboard_release_suppressed reason=not_pressed_or_sticky,keycode=38
154593 binding_press binding=KEY_W,keycode=25
154593 inject_press keycode=25,keysym=0
154593 keyboard_press_suppressed reason=already_pressed,keycode=25
154593 binding_release binding=KEY_D,keycode=40
154593 inject_release keycode=40
154593 keyboard_release_suppressed reason=not_pressed_or_sticky,keycode=40
154593 binding_release binding=KEY_S,keycode=39
154593 inject_release keycode=39
154593 keyboard_release_suppressed reason=not_pressed_or_sticky,keycode=39
154594 binding_release binding=KEY_A,keycode=38
154594 inject_release keycode=38
154594 keyboard_release_suppressed reason=not_pressed_or_sticky,keycode=38
154693 binding_press binding=KEY_W,keycode=25
154693 inject_press keycode=25,keysym=0
154693 keyboard_press_suppressed reason=already_pressed,keycode=25
154693 binding_release binding=KEY_D,keycode=40
154693 inject_release keycode=40
154693 keyboard_release_suppressed reason=not_pressed_or_sticky,keycode=40
154693 binding_release binding=KEY_S,keycode=39
154693 inject_release keycode=39
154693 keyboard_release_suppressed reason=not_pressed_or_sticky,keycode=39
154693 binding_release binding=KEY_A,keycode=38
154694 inject_release keycode=38
154694 keyboard_release_suppressed reason=not_pressed_or_sticky,keycode=38
154793 binding_press binding=KEY_W,keycode=25
154793 inject_press keycode=25,keysym=0
154793 keyboard_press_suppressed reason=already_pressed,keycode=25
154793 binding_release binding=KEY_D,keycode=40
154793 inject_release keycode=40
154793 keyboard_release_suppressed reason=not_pressed_or_sticky,keycode=40
154793 binding_release binding=KEY_S,keycode=39
154793 inject_release keycode=39
154793 keyboard_release_suppressed reason=not_pressed_or_sticky,keycode=39
154793 binding_release binding=KEY_A,keycode=38
154793 inject_release keycode=38
154793 keyboard_release_suppressed reason=not_pressed_or_sticky,keycode=38
154909 binding_press binding=KEY_W,keycode=25
154909 inject_press keycode=25,keysym=0
154909 keyboard_press_suppressed reason=already_pressed,keycode=25
154909 binding_release binding=KEY_D,keycode=40
154909 inject_release keycode=40
154909 keyboard_release_suppressed reason=not_pressed_or_sticky,keycode=40
154909 binding_release binding=KEY_S,keycode=39
154909 inject_release keycode=39
154909 keyboard_release_suppressed reason=not_pressed_or_sticky,keycode=39
154909 binding_release binding=KEY_A,keycode=38
154909 inject_release keycode=38
154909 keyboard_release_suppressed reason=not_pressed_or_sticky,keycode=38
155008 binding_press binding=KEY_W,keycode=25
155008 inject_press keycode=25,keysym=0
155008 keyboard_press_suppressed reason=already_pressed,keycode=25
155008 binding_release binding=KEY_D,keycode=40
155008 inject_release keycode=40
155008 keyboard_release_suppressed reason=not_pressed_or_sticky,keycode=40
155008 binding_release binding=KEY_S,keycode=39
155008 inject_release keycode=39
155008 keyboard_release_suppressed reason=not_pressed_or_sticky,keycode=39
155008 binding_release binding=KEY_A,keycode=38
155008 inject_release keycode=38
155009 keyboard_release_suppressed reason=not_pressed_or_sticky,keycode=38
155108 binding_press binding=KEY_W,keycode=25
155108 inject_press keycode=25,keysym=0
155108 keyboard_press_suppressed reason=already_pressed,keycode=25
155108 binding_release binding=KEY_D,keycode=40
155108 inject_release keycode=40
155108 keyboard_release_suppressed reason=not_pressed_or_sticky,keycode=40
155108 binding_release binding=KEY_S,keycode=39
155108 inject_release keycode=39
155108 keyboard_release_suppressed reason=not_pressed_or_sticky,keycode=39
155108 binding_release binding=KEY_A,keycode=38
155108 inject_release keycode=38
155108 keyboard_release_suppressed reason=not_pressed_or_sticky,keycode=38
155207 binding_press binding=KEY_W,keycode=25
155207 inject_press keycode=25,keysym=0
155207 keyboard_press_suppressed reason=already_pressed,keycode=25
155208 binding_release binding=KEY_D,keycode=40
155208 inject_release keycode=40
155208 keyboard_release_suppressed reason=not_pressed_or_sticky,keycode=40
155208 binding_release binding=KEY_S,keycode=39
155208 inject_release keycode=39
155208 keyboard_release_suppressed reason=not_pressed_or_sticky,keycode=39
155208 binding_release binding=KEY_A,keycode=38
155208 inject_release keycode=38
155208 keyboard_release_suppressed reason=not_pressed_or_sticky,keycode=38
155291 binding_press binding=KEY_W,keycode=25
155291 inject_press keycode=25,keysym=0
155291 keyboard_press_suppressed reason=already_pressed,keycode=25
155291 binding_release binding=KEY_D,keycode=40
155291 inject_release keycode=40
155291 keyboard_release_suppressed reason=not_pressed_or_sticky,keycode=40
155291 binding_release binding=KEY_S,keycode=39
155292 inject_release keycode=39
155292 keyboard_release_suppressed reason=not_pressed_or_sticky,keycode=39
155292 binding_release binding=KEY_A,keycode=38
155292 inject_release keycode=38
155292 keyboard_release_suppressed reason=not_pressed_or_sticky,keycode=38
155390 binding_press binding=KEY_W,keycode=25
155390 inject_press keycode=25,keysym=0
155390 keyboard_press_suppressed reason=already_pressed,keycode=25
155390 binding_release binding=KEY_D,keycode=40
155390 inject_release keycode=40
155390 keyboard_release_suppressed reason=not_pressed_or_sticky,keycode=40
155390 binding_release binding=KEY_S,keycode=39
155390 inject_release keycode=39
155390 keyboard_release_suppressed reason=not_pressed_or_sticky,keycode=39
155391 binding_release binding=KEY_A,keycode=38
155391 inject_release keycode=38
155391 keyboard_release_suppressed reason=not_pressed_or_sticky,keycode=38
155407 binding_press binding=KEY_W,keycode=25
155407 inject_press keycode=25,keysym=0
155407 keyboard_press_suppressed reason=already_pressed,keycode=25
155407 binding_release binding=KEY_D,keycode=40
155407 inject_release keycode=40
155407 keyboard_release_suppressed reason=not_pressed_or_sticky,keycode=40
155407 binding_release binding=KEY_S,keycode=39
155407 inject_release keycode=39
155407 keyboard_release_suppressed reason=not_pressed_or_sticky,keycode=39
155407 binding_release binding=KEY_A,keycode=38
155407 inject_release keycode=38
155407 keyboard_release_suppressed reason=not_pressed_or_sticky,keycode=38
155457 binding_press binding=KEY_W,keycode=25
155457 inject_press keycode=25,keysym=0
155457 keyboard_press_suppressed reason=already_pressed,keycode=25
155457 binding_release binding=KEY_D,keycode=40
155457 inject_release keycode=40
155457 keyboard_release_suppressed reason=not_pressed_or_sticky,keycode=40
155457 binding_release binding=KEY_S,keycode=39
155457 inject_release keycode=39
155457 keyboard_release_suppressed reason=not_pressed_or_sticky,keycode=39
155457 binding_release binding=KEY_A,keycode=38
155457 inject_release keycode=38
155457 keyboard_release_suppressed reason=not_pressed_or_sticky,keycode=38
155490 binding_press binding=KEY_W,keycode=25
155490 inject_press keycode=25,keysym=0
155490 keyboard_press_suppressed reason=already_pressed,keycode=25
155490 binding_release binding=KEY_D,keycode=40
155490 inject_release keycode=40
155490 keyboard_release_suppressed reason=not_pressed_or_sticky,keycode=40
155491 binding_release binding=KEY_S,keycode=39
155491 inject_release keycode=39
155491 keyboard_release_suppressed reason=not_pressed_or_sticky,keycode=39
155491 binding_release binding=KEY_A,keycode=38
155491 inject_release keycode=38
155491 keyboard_release_suppressed reason=not_pressed_or_sticky,keycode=38
155507 binding_press binding=KEY_W,keycode=25
155507 inject_press keycode=25,keysym=0
155508 keyboard_press_suppressed reason=already_pressed,keycode=25
155508 binding_release binding=KEY_D,keycode=40
155508 inject_release keycode=40
155508 keyboard_release_suppressed reason=not_pressed_or_sticky,keycode=40
155508 binding_release binding=KEY_S,keycode=39
155508 inject_release keycode=39
155508 keyboard_release_suppressed reason=not_pressed_or_sticky,keycode=39
155508 binding_release binding=KEY_A,keycode=38
155508 inject_release keycode=38
155508 keyboard_release_suppressed reason=not_pressed_or_sticky,keycode=38
155606 binding_press binding=KEY_W,keycode=25
155607 inject_press keycode=25,keysym=0
155607 keyboard_press_suppressed reason=already_pressed,keycode=25
155607 binding_release binding=KEY_D,keycode=40
155607 inject_release keycode=40
155607 keyboard_release_suppressed reason=not_pressed_or_sticky,keycode=40
155607 binding_release binding=KEY_S,keycode=39
155607 inject_release keycode=39
155607 keyboard_release_suppressed reason=not_pressed_or_sticky,keycode=39
155607 binding_release binding=KEY_A,keycode=38
155607 inject_release keycode=38
155607 keyboard_release_suppressed reason=not_pressed_or_sticky,keycode=38
155672 binding_press binding=KEY_W,keycode=25
155672 inject_press keycode=25,keysym=0
155673 keyboard_press_suppressed reason=already_pressed,keycode=25
155673 binding_release binding=KEY_D,keycode=40
155673 inject_release keycode=40
155673 keyboard_release_suppressed reason=not_pressed_or_sticky,keycode=40
155673 binding_release binding=KEY_S,keycode=39
155673 inject_release keycode=39
155673 keyboard_release_suppressed reason=not_pressed_or_sticky,keycode=39
155673 binding_release binding=KEY_A,keycode=38
155673 inject_release keycode=38
155673 keyboard_release_suppressed reason=not_pressed_or_sticky,keycode=38
155689 binding_press binding=KEY_W,keycode=25
155689 inject_press keycode=25,keysym=0
155689 keyboard_press_suppressed reason=already_pressed,keycode=25
155689 binding_release binding=KEY_D,keycode=40
155689 inject_release keycode=40
155689 keyboard_release_suppressed reason=not_pressed_or_sticky,keycode=40
155689 binding_release binding=KEY_S,keycode=39
155689 inject_release keycode=39
155690 keyboard_release_suppressed reason=not_pressed_or_sticky,keycode=39
155690 binding_release binding=KEY_A,keycode=38
155690 inject_release keycode=38
155690 keyboard_release_suppressed reason=not_pressed_or_sticky,keycode=38
155723 binding_press binding=KEY_W,keycode=25
155723 inject_press keycode=25,keysym=0
155723 keyboard_press_suppressed reason=already_pressed,keycode=25
155723 binding_release binding=KEY_D,keycode=40
155723 inject_release keycode=40
155723 keyboard_release_suppressed reason=not_pressed_or_sticky,keycode=40
155723 binding_release binding=KEY_S,keycode=39
155723 inject_release keycode=39
155723 keyboard_release_suppressed reason=not_pressed_or_sticky,keycode=39
155723 binding_release binding=KEY_A,keycode=38
155723 inject_release keycode=38
155723 keyboard_release_suppressed reason=not_pressed_or_sticky,keycode=38
155739 binding_press binding=KEY_W,keycode=25
155739 inject_press keycode=25,keysym=0
155739 keyboard_press_suppressed reason=already_pressed,keycode=25
155739 binding_release binding=KEY_D,keycode=40
155739 inject_release keycode=40
155739 keyboard_release_suppressed reason=not_pressed_or_sticky,keycode=40
155739 binding_release binding=KEY_S,keycode=39
155739 inject_release keycode=39
155739 keyboard_release_suppressed reason=not_pressed_or_sticky,keycode=39
155739 binding_release binding=KEY_A,keycode=38
155739 inject_release keycode=38
155739 keyboard_release_suppressed reason=not_pressed_or_sticky,keycode=38
155755 binding_press binding=KEY_W,keycode=25
155756 inject_press keycode=25,keysym=0
155756 keyboard_press_suppressed reason=already_pressed,keycode=25
155756 binding_release binding=KEY_D,keycode=40
155756 inject_release keycode=40
155756 keyboard_release_suppressed reason=not_pressed_or_sticky,keycode=40
155756 binding_release binding=KEY_S,keycode=39
155756 inject_release keycode=39
155756 keyboard_release_suppressed reason=not_pressed_or_sticky,keycode=39
155756 binding_release binding=KEY_A,keycode=38
155756 inject_release keycode=38
155756 keyboard_release_suppressed reason=not_pressed_or_sticky,keycode=38
155772 binding_press binding=KEY_W,keycode=25
155772 inject_press keycode=25,keysym=0
155772 keyboard_press_suppressed reason=already_pressed,keycode=25
155772 binding_release binding=KEY_D,keycode=40
155772 inject_release keycode=40
155772 keyboard_release_suppressed reason=not_pressed_or_sticky,keycode=40
155772 binding_release binding=KEY_S,keycode=39
155772 inject_release keycode=39
155772 keyboard_release_suppressed reason=not_pressed_or_sticky,keycode=39
155772 binding_release binding=KEY_A,keycode=38
155772 inject_release keycode=38
155772 keyboard_release_suppressed reason=not_pressed_or_sticky,keycode=38
155789 binding_press binding=KEY_W,keycode=25
155789 inject_press keycode=25,keysym=0
155789 keyboard_press_suppressed reason=already_pressed,keycode=25
155789 binding_release binding=KEY_D,keycode=40
155789 inject_release keycode=40
155789 keyboard_release_suppressed reason=not_pressed_or_sticky,keycode=40
155789 binding_release binding=KEY_S,keycode=39
155789 inject_release keycode=39
155789 keyboard_release_suppressed reason=not_pressed_or_sticky,keycode=39
155789 binding_release binding=KEY_A,keycode=38
155789 inject_release keycode=38
155789 keyboard_release_suppressed reason=not_pressed_or_sticky,keycode=38
155805 binding_press binding=KEY_W,keycode=25
155806 inject_press keycode=25,keysym=0
155806 keyboard_press_suppressed reason=already_pressed,keycode=25
155806 binding_release binding=KEY_D,keycode=40
155806 inject_release keycode=40
155806 keyboard_release_suppressed reason=not_pressed_or_sticky,keycode=40
155806 binding_release binding=KEY_S,keycode=39
155806 inject_release keycode=39
155806 keyboard_release_suppressed reason=not_pressed_or_sticky,keycode=39
155806 binding_release binding=KEY_A,keycode=38
155806 inject_release keycode=38
155806 keyboard_release_suppressed reason=not_pressed_or_sticky,keycode=38
155822 binding_press binding=KEY_W,keycode=25
155822 inject_press keycode=25,keysym=0
155822 keyboard_press_suppressed reason=already_pressed,keycode=25
155822 binding_release binding=KEY_D,keycode=40
155822 inject_release keycode=40
155822 keyboard_release_suppressed reason=not_pressed_or_sticky,keycode=40
155822 binding_release binding=KEY_S,keycode=39
155822 inject_release keycode=39
155822 keyboard_release_suppressed reason=not_pressed_or_sticky,keycode=39
155822 binding_release binding=KEY_A,keycode=38
155822 inject_release keycode=38
155822 keyboard_release_suppressed reason=not_pressed_or_sticky,keycode=38
155855 binding_press binding=KEY_W,keycode=25
155855 inject_press keycode=25,keysym=0
155855 keyboard_press_suppressed reason=already_pressed,keycode=25
155855 binding_release binding=KEY_D,keycode=40
155855 inject_release keycode=40
155855 keyboard_release_suppressed reason=not_pressed_or_sticky,keycode=40
155855 binding_release binding=KEY_S,keycode=39
155855 inject_release keycode=39
155856 keyboard_release_suppressed reason=not_pressed_or_sticky,keycode=39
155856 binding_release binding=KEY_A,keycode=38
155856 inject_release keycode=38
155856 keyboard_release_suppressed reason=not_pressed_or_sticky,keycode=38
155872 binding_press binding=KEY_W,keycode=25
155872 inject_press keycode=25,keysym=0
155872 keyboard_press_suppressed reason=already_pressed,keycode=25
155872 binding_release binding=KEY_D,keycode=40
155872 inject_release keycode=40
155872 keyboard_release_suppressed reason=not_pressed_or_sticky,keycode=40
155872 binding_release binding=KEY_S,keycode=39
155872 inject_release keycode=39
155873 keyboard_release_suppressed reason=not_pressed_or_sticky,keycode=39
155873 binding_release binding=KEY_A,keycode=38
155873 inject_release keycode=38
155873 keyboard_release_suppressed reason=not_pressed_or_sticky,keycode=38
155971 binding_press binding=KEY_W,keycode=25
155972 inject_press keycode=25,keysym=0
155972 keyboard_press_suppressed reason=already_pressed,keycode=25
155972 binding_release binding=KEY_D,keycode=40
155972 inject_release keycode=40
155972 keyboard_release_suppressed reason=not_pressed_or_sticky,keycode=40
155972 binding_release binding=KEY_S,keycode=39
155972 inject_release keycode=39
155972 keyboard_release_suppressed reason=not_pressed_or_sticky,keycode=39
155972 binding_release binding=KEY_A,keycode=38
155972 inject_release keycode=38
155972 keyboard_release_suppressed reason=not_pressed_or_sticky,keycode=38
156071 binding_press binding=KEY_W,keycode=25
156072 inject_press keycode=25,keysym=0
156072 keyboard_press_suppressed reason=already_pressed,keycode=25
156072 binding_release binding=KEY_D,keycode=40
156072 inject_release keycode=40
156072 keyboard_release_suppressed reason=not_pressed_or_sticky,keycode=40
156072 binding_release binding=KEY_S,keycode=39
156072 inject_release keycode=39
156072 keyboard_release_suppressed reason=not_pressed_or_sticky,keycode=39
156072 binding_release binding=KEY_A,keycode=38
156072 inject_release keycode=38
156072 keyboard_release_suppressed reason=not_pressed_or_sticky,keycode=38
156137 binding_press binding=KEY_W,keycode=25
156138 inject_press keycode=25,keysym=0
156138 keyboard_press_suppressed reason=already_pressed,keycode=25
156138 binding_release binding=KEY_D,keycode=40
156138 inject_release keycode=40
156138 keyboard_release_suppressed reason=not_pressed_or_sticky,keycode=40
156138 binding_release binding=KEY_S,keycode=39
156138 inject_release keycode=39
156138 keyboard_release_suppressed reason=not_pressed_or_sticky,keycode=39
156138 binding_release binding=KEY_A,keycode=38
156138 inject_release keycode=38
156138 keyboard_release_suppressed reason=not_pressed_or_sticky,keycode=38
156171 binding_press binding=KEY_W,keycode=25
156171 inject_press keycode=25,keysym=0
156171 keyboard_press_suppressed reason=already_pressed,keycode=25
156171 binding_release binding=KEY_D,keycode=40
156171 inject_release keycode=40
156171 keyboard_release_suppressed reason=not_pressed_or_sticky,keycode=40
156171 binding_release binding=KEY_S,keycode=39
156171 inject_release keycode=39
156171 keyboard_release_suppressed reason=not_pressed_or_sticky,keycode=39
156171 binding_release binding=KEY_A,keycode=38
156171 inject_release keycode=38
156171 keyboard_release_suppressed reason=not_pressed_or_sticky,keycode=38
156271 binding_press binding=KEY_W,keycode=25
156271 inject_press keycode=25,keysym=0
156271 keyboard_press_suppressed reason=already_pressed,keycode=25
156271 binding_release binding=KEY_D,keycode=40
156271 inject_release keycode=40
156271 keyboard_release_suppressed reason=not_pressed_or_sticky,keycode=40
156271 binding_release binding=KEY_S,keycode=39
156271 inject_release keycode=39
156271 keyboard_release_suppressed reason=not_pressed_or_sticky,keycode=39
156271 binding_release binding=KEY_A,keycode=38
156271 inject_release keycode=38
156271 keyboard_release_suppressed reason=not_pressed_or_sticky,keycode=38
156354 binding_press binding=KEY_W,keycode=25
156354 inject_press keycode=25,keysym=0
156354 keyboard_press_suppressed reason=already_pressed,keycode=25
156354 binding_release binding=KEY_D,keycode=40
156354 inject_release keycode=40
156354 keyboard_release_suppressed reason=not_pressed_or_sticky,keycode=40
156354 binding_release binding=KEY_S,keycode=39
156354 inject_release keycode=39
156354 keyboard_release_suppressed reason=not_pressed_or_sticky,keycode=39
156354 binding_release binding=KEY_A,keycode=38
156354 inject_release keycode=38
156354 keyboard_release_suppressed reason=not_pressed_or_sticky,keycode=38
156370 binding_press binding=KEY_W,keycode=25
156370 inject_press keycode=25,keysym=0
156370 keyboard_press_suppressed reason=already_pressed,keycode=25
156370 binding_release binding=KEY_D,keycode=40
156370 inject_release keycode=40
156370 keyboard_release_suppressed reason=not_pressed_or_sticky,keycode=40
156370 binding_release binding=KEY_S,keycode=39
156370 inject_release keycode=39
156371 keyboard_release_suppressed reason=not_pressed_or_sticky,keycode=39
156371 binding_release binding=KEY_A,keycode=38
156371 inject_release keycode=38
156371 keyboard_release_suppressed reason=not_pressed_or_sticky,keycode=38
156387 binding_press binding=KEY_W,keycode=25
156387 inject_press keycode=25,keysym=0
156387 keyboard_press_suppressed reason=already_pressed,keycode=25
156387 binding_release binding=KEY_D,keycode=40
156387 inject_release keycode=40
156387 keyboard_release_suppressed reason=not_pressed_or_sticky,keycode=40
156387 binding_release binding=KEY_S,keycode=39
156387 inject_release keycode=39
156387 keyboard_release_suppressed reason=not_pressed_or_sticky,keycode=39
156387 binding_release binding=KEY_A,keycode=38
156387 inject_release keycode=38
156387 keyboard_release_suppressed reason=not_pressed_or_sticky,keycode=38
156404 binding_press binding=KEY_W,keycode=25
156404 inject_press keycode=25,keysym=0
156404 keyboard_press_suppressed reason=already_pressed,keycode=25
156404 binding_release binding=KEY_D,keycode=40
156404 inject_release keycode=40
156404 keyboard_release_suppressed reason=not_pressed_or_sticky,keycode=40
156404 binding_release binding=KEY_S,keycode=39
156404 inject_release keycode=39
156404 keyboard_release_suppressed reason=not_pressed_or_sticky,keycode=39
156404 binding_release binding=KEY_A,keycode=38
156404 inject_release keycode=38
156404 keyboard_release_suppressed reason=not_pressed_or_sticky,keycode=38
156420 binding_press binding=KEY_W,keycode=25
156420 inject_press keycode=25,keysym=0
156420 keyboard_press_suppressed reason=already_pressed,keycode=25
156420 binding_release binding=KEY_D,keycode=40
156420 inject_release keycode=40
156420 keyboard_release_suppressed reason=not_pressed_or_sticky,keycode=40
156420 binding_release binding=KEY_S,keycode=39
156420 inject_release keycode=39
156420 keyboard_release_suppressed reason=not_pressed_or_sticky,keycode=39
156420 binding_release binding=KEY_A,keycode=38
156420 inject_release keycode=38
156420 keyboard_release_suppressed reason=not_pressed_or_sticky,keycode=38
156437 binding_press binding=KEY_W,keycode=25
156437 inject_press keycode=25,keysym=0
156437 keyboard_press_suppressed reason=already_pressed,keycode=25
156437 binding_release binding=KEY_D,keycode=40
156437 inject_release keycode=40
156437 keyboard_release_suppressed reason=not_pressed_or_sticky,keycode=40
156437 binding_release binding=KEY_S,keycode=39
156437 inject_release keycode=39
156437 keyboard_release_suppressed reason=not_pressed_or_sticky,keycode=39
156437 binding_release binding=KEY_A,keycode=38
156437 inject_release keycode=38
156437 keyboard_release_suppressed reason=not_pressed_or_sticky,keycode=38
156440 binding_release binding=KEY_W,keycode=25
156440 inject_release keycode=25
156440 key_release_received keycode=25,focus={id=29360133,parent=25165831,name=Stardew Valley,class=stardew valley.exe,mapped=true,viewable=true,enabled=true,renderable=true,surface=false,application=true,keyPress=true,keyRelease=true,focusChange=true},point={id=16777246,parent=29360133,name=,class=,mapped=true,viewable=true,enabled=true,renderable=true,surface=false,application=false,keyPress=false,keyRelease=false,focusChange=false}
156440 key_release_ancestor_target target={id=29360133,parent=25165831,name=Stardew Valley,class=stardew valley.exe,mapped=true,viewable=true,enabled=true,renderable=true,surface=false,application=true,keyPress=true,keyRelease=true,focusChange=true}
156440 key_release_sent keycode=25,target={id=29360133,parent=25165831,name=Stardew Valley,class=stardew valley.exe,mapped=true,viewable=true,enabled=true,renderable=true,surface=false,application=true,keyPress=true,keyRelease=true,focusChange=true}
156441 winhandler_keyboard_queued vkey=87,flags=2
156441 winhandler_keyboard_packet vkey=87,flags=2,sent=true
158735 focus_notify previous={id=29360133,parent=25165831,name=Stardew Valley,class=stardew valley.exe,mapped=true,viewable=true,enabled=true,renderable=true,surface=false,application=true,keyPress=true,keyRelease=true,focusChange=true},focused={id=25165831,parent=3,name=nogui - Wine Desktop,class=explorer.exe,mapped=false,viewable=false,enabled=false,renderable=false,surface=false,application=false,keyPress=true,keyRelease=true,focusChange=true},outDetail=ANCESTOR,inDetail=INFERIOR,outSelected=true,inSelected=true
158735 focus_notify previous={id=25165831,parent=3,name=nogui - Wine Desktop,class=explorer.exe,mapped=false,viewable=false,enabled=false,renderable=false,surface=false,application=false,keyPress=true,keyRelease=true,focusChange=true},focused={id=3,parent=0,name=,class=,mapped=true,viewable=true,enabled=true,renderable=true,surface=false,application=false,keyPress=false,keyRelease=false,focusChange=false},outDetail=ANCESTOR,inDetail=INFERIOR,outSelected=true,inSelected=false
