Setting up g++-13-aarch64-linux-gnu:arm64 (13.4.0-6ubuntu1~22~ppa2) ...
Processing triggers for man-db (2.10.2-1) ...
Processing triggers for libc-bin (2.35-0ubuntu3.13) ...
meson.build:4:0: ERROR: Failed running 'aarch64-linux-gnu-gcc-13', binary or interpreter not executable.
Possibly wrong architecture or the executable bit is not set.

A full log can be found at /root/mesa_src/build-turnip/meson-logs/meson-log.txt
=== compiling ===
ninja: error: loading 'build.ninja': No such file or directory
=== 产物 ===
size: 
size: 4096
size: 4096
size: 4096
size: 4096
size: 0
size: 137
size: 376
size: 496
size: 641
size: 4096
size: 2295
size: 102
size: 4096
size: 66
size: 4096
size: 4096
size: 16614
size: 71
size: 31507
size: 4096
size: 12267
size: 1563297
size: 297
size: 3842
size: 1720
size: 7
size: 4096
size: 4096
size: 4096
size: 4096
size: 84
size: 270
size: 4096
size: 4096
size: 4096
size: 89412
size: 21593
size: 17
size: 4096
size: 4096
TURNIP_GCC13_DONE
