Processing triggers for man-db (2.10.2-1) ...
    gallium-drivers  : 
    platforms        : x11
    vulkan-drivers   : freedreno

Found ninja-1.10.1 at /usr/bin/ninja
Generating targets:   0%|          | 0/143 eta ?Generating targets:  20%|█▉        | 28/143 eta 00:00Generating targets:  35%|███▍      | 50/143 eta 00:00Generating targets:  50%|████▉     | 71/143 eta 00:00Generating targets:  83%|████████▎ | 119/143 eta 00:00                                                      Writing build.ninja:   0%|          | 0/917 eta ?                                                 === compiling ===
[691/874] Linking target subprojects/libarchive-3.7.2/libarchive/libarchive.so.19
[708/874] Linking target subprojects/libarchive-3.7.2/cpio/bsdcpio
[710/874] Linking target subprojects/libarchive-3.7.2/cat/bsdcat
[719/874] Linking target subprojects/libarchive-3.7.2/tar/bsdtar
[807/874] Linking target subprojects/libxml2-2.11.6/libxml2.so
[814/874] Linking target subprojects/libxml2-2.11.6/xmllint
[818/874] Linking target subprojects/libxml2-2.11.6/testdict
[834/874] Linking target src/freedreno/fdl/fd5_layout
[836/874] Linking target src/freedreno/fdl/fd6_layout
[848/874] Linking target src/freedreno/ir3/ir3_delay_test
[850/874] Linking target src/freedreno/ir3/ir3_disasm
[874/874] Linking target src/freedreno/vulkan/libvulkan_freedreno.so
SO_SIZE: 15448424
ARM aarch64
TURNIP_CLANG2_DONE
